<!doctype html public "-//w3c//dtd html 4.0 transitional//en">
<html><head>
<title>Static Call Graph - [.\Obj\Memory.axf]</title></head>
<body><HR>
<H1>Static Call Graph for image .\Obj\Memory.axf</H1><HR>
<BR><P>#&#060CALLGRAPH&#062# ARM Linker, RVCT4.0 [Build 728]: Last Updated: Thu Jul 05 11:10:19 2012
<BR><P>
<H3>Maximum Stack Usage =         76 bytes + Unknown(Cycles, Untraceable Function Pointers)</H3><H3>
Call chain for Maximum Stack Depth:</H3>
USB_EndPoint2 &rArr; MSC_BulkOut &rArr; MSC_GetCBW &rArr; MSC_ReadFormatCapacity &rArr; DataInFormat &rArr; MSC_SetCSW &rArr; USB_WriteEP &rArr; WrCmdEP
<P>
<H3>
Mutually Recursive functions
</H3> <LI><a href="#[16725e0]">NMI_Handler</a>&nbsp;&nbsp;&nbsp;&rArr;&nbsp;&nbsp;&nbsp;<a href="#[16725e0]">NMI_Handler</a><BR>
 <LI><a href="#[16725a4]">HardFault_Handler</a>&nbsp;&nbsp;&nbsp;&rArr;&nbsp;&nbsp;&nbsp;<a href="#[16725a4]">HardFault_Handler</a><BR>
 <LI><a href="#[1672568]">MemManage_Handler</a>&nbsp;&nbsp;&nbsp;&rArr;&nbsp;&nbsp;&nbsp;<a href="#[1672568]">MemManage_Handler</a><BR>
 <LI><a href="#[167252c]">BusFault_Handler</a>&nbsp;&nbsp;&nbsp;&rArr;&nbsp;&nbsp;&nbsp;<a href="#[167252c]">BusFault_Handler</a><BR>
 <LI><a href="#[16724f0]">UsageFault_Handler</a>&nbsp;&nbsp;&nbsp;&rArr;&nbsp;&nbsp;&nbsp;<a href="#[16724f0]">UsageFault_Handler</a><BR>
 <LI><a href="#[16724b4]">SVC_Handler</a>&nbsp;&nbsp;&nbsp;&rArr;&nbsp;&nbsp;&nbsp;<a href="#[16724b4]">SVC_Handler</a><BR>
 <LI><a href="#[1672478]">DebugMon_Handler</a>&nbsp;&nbsp;&nbsp;&rArr;&nbsp;&nbsp;&nbsp;<a href="#[1672478]">DebugMon_Handler</a><BR>
 <LI><a href="#[167243c]">PendSV_Handler</a>&nbsp;&nbsp;&nbsp;&rArr;&nbsp;&nbsp;&nbsp;<a href="#[167243c]">PendSV_Handler</a><BR>
 <LI><a href="#[1672400]">SysTick_Handler</a>&nbsp;&nbsp;&nbsp;&rArr;&nbsp;&nbsp;&nbsp;<a href="#[1672400]">SysTick_Handler</a><BR>
 <LI><a href="#[16723c4]">ADC_IRQHandler</a>&nbsp;&nbsp;&nbsp;&rArr;&nbsp;&nbsp;&nbsp;<a href="#[16723c4]">ADC_IRQHandler</a><BR>
</UL>
<P>
<H3>
Function Pointers
</H3><UL>
 <LI><a href="#[167261c]">Reset_Handler</a>
 <LI><a href="#[16725e0]">NMI_Handler</a>
 <LI><a href="#[16725a4]">HardFault_Handler</a>
 <LI><a href="#[1672568]">MemManage_Handler</a>
 <LI><a href="#[167252c]">BusFault_Handler</a>
 <LI><a href="#[16724f0]">UsageFault_Handler</a>
 <LI><a href="#[16724b4]">SVC_Handler</a>
 <LI><a href="#[1672478]">DebugMon_Handler</a>
 <LI><a href="#[167243c]">PendSV_Handler</a>
 <LI><a href="#[1672400]">SysTick_Handler</a>
 <LI><a href="#[1671bcc]">WDT_IRQHandler</a>
 <LI><a href="#[1671e24]">TIMER0_IRQHandler</a>
 <LI><a href="#[1671de8]">TIMER1_IRQHandler</a>
 <LI><a href="#[1671dac]">TIMER2_IRQHandler</a>
 <LI><a href="#[1671d70]">TIMER3_IRQHandler</a>
 <LI><a href="#[1671d34]">UART0_IRQHandler</a>
 <LI><a href="#[1671cf8]">UART1_IRQHandler</a>
 <LI><a href="#[1671cbc]">UART2_IRQHandler</a>
 <LI><a href="#[1671c80]">UART3_IRQHandler</a>
 <LI><a href="#[1671fc8]">PWM1_IRQHandler</a>
 <LI><a href="#[167216c]">I2C0_IRQHandler</a>
 <LI><a href="#[1672130]">I2C1_IRQHandler</a>
 <LI><a href="#[16720f4]">I2C2_IRQHandler</a>
 <LI><a href="#[1671ed8]">SPI_IRQHandler</a>
 <LI><a href="#[1671e9c]">SSP0_IRQHandler</a>
 <LI><a href="#[1671e60]">SSP1_IRQHandler</a>
 <LI><a href="#[1672040]">PLL0_IRQHandler</a>
 <LI><a href="#[1671f14]">RTC_IRQHandler</a>
 <LI><a href="#[1672298]">EINT0_IRQHandler</a>
 <LI><a href="#[167225c]">EINT1_IRQHandler</a>
 <LI><a href="#[1672220]">EINT2_IRQHandler</a>
 <LI><a href="#[16721e4]">EINT3_IRQHandler</a>
 <LI><a href="#[16723c4]">ADC_IRQHandler</a>
 <LI><a href="#[1672388]">BOD_IRQHandler</a>
 <LI><a href="#[166e350]">USB_IRQHandler</a>
 <LI><a href="#[1672310]">CAN_IRQHandler</a>
 <LI><a href="#[16722d4]">DMA_IRQHandler</a>
 <LI><a href="#[16720b8]">I2S_IRQHandler</a>
 <LI><a href="#[16721a8]">ENET_IRQHandler</a>
 <LI><a href="#[1671f50]">RIT_IRQHandler</a>
 <LI><a href="#[167207c]">MCPWM_IRQHandler</a>
 <LI><a href="#[1671f8c]">QEI_IRQHandler</a>
 <LI><a href="#[1672004]">PLL1_IRQHandler</a>
 <LI><a href="#[1671c44]">USBActivity_IRQHandler</a>
 <LI><a href="#[167234c]">CANActivity_IRQHandler</a>
 <LI><a href="#[166c7a8]">main</a>
 <LI><a href="#[166c2bc]">__main</a>
 <LI><a href="#[166f82c]">USB_EndPoint0</a>
 <LI><a href="#[166dbd0]">USB_EndPoint2</a>
</UL>
<P>
<H3>
Global Symbols
</H3>
<P><STRONG><a name="[166c2bc]"></a>__main</STRONG> (Thumb, 0 bytes, Stack size unknown bytes, entry.o(.ARM.Collect$$$$00000000))
<BR>[Address Reference Count : 1]<UL><LI> startup_lpc17xx.o(.text)
</UL>
<P><STRONG><a name="[166bf74]"></a>_main_stk</STRONG> (Thumb, 0 bytes, Stack size unknown bytes, entry2.o(.ARM.Collect$$$$00000001))
<BR><BR>[Calls]<UL><LI><a href="#[167252c]">&gt;&gt;</a>&nbsp;&nbsp;&nbsp;BusFault_Handler
</UL>

<P><STRONG><a name="[166be48]"></a>_main_scatterload</STRONG> (Thumb, 0 bytes, Stack size unknown bytes, entry5.o(.ARM.Collect$$$$00000004))
<BR><BR>[Calls]<UL><LI><a href="#[166bbf0]">&gt;&gt;</a>&nbsp;&nbsp;&nbsp;__scatterload
</UL>

<P><STRONG><a name="[166be0c]"></a>__main_after_scatterload</STRONG> (Thumb, 0 bytes, Stack size unknown bytes, entry5.o(.ARM.Collect$$$$00000004))
<BR><BR>[Called By]<UL><LI><a href="#[166bbf0]">&gt;&gt;</a>&nbsp;&nbsp;&nbsp;__scatterload
</UL>

<P><STRONG><a name="[166bd1c]"></a>_main_init</STRONG> (Thumb, 0 bytes, Stack size unknown bytes, entry7.o(.ARM.Collect$$$$00000007))

<P><STRONG><a name="[167261c]"></a>Reset_Handler</STRONG> (Thumb, 4 bytes, Stack size 0 bytes, startup_lpc17xx.o(.text))
<BR>[Address Reference Count : 1]<UL><LI> startup_lpc17xx.o(RESET)
</UL>
<P><STRONG><a name="[16725e0]"></a>NMI_Handler</STRONG> (Thumb, 2 bytes, Stack size 0 bytes, startup_lpc17xx.o(.text))
<BR><BR>[Calls]<UL><LI><a href="#[16725e0]">&gt;&gt;</a>&nbsp;&nbsp;&nbsp;NMI_Handler
</UL>
<BR>[Called By]<UL><LI><a href="#[16725e0]">&gt;&gt;</a>&nbsp;&nbsp;&nbsp;NMI_Handler
</UL>
<BR>[Address Reference Count : 1]<UL><LI> startup_lpc17xx.o(RESET)
</UL>
<P><STRONG><a name="[16725a4]"></a>HardFault_Handler</STRONG> (Thumb, 2 bytes, Stack size 0 bytes, startup_lpc17xx.o(.text))
<BR><BR>[Calls]<UL><LI><a href="#[16725a4]">&gt;&gt;</a>&nbsp;&nbsp;&nbsp;HardFault_Handler
</UL>
<BR>[Called By]<UL><LI><a href="#[16725a4]">&gt;&gt;</a>&nbsp;&nbsp;&nbsp;HardFault_Handler
</UL>
<BR>[Address Reference Count : 1]<UL><LI> startup_lpc17xx.o(RESET)
</UL>
<P><STRONG><a name="[1672568]"></a>MemManage_Handler</STRONG> (Thumb, 2 bytes, Stack size 0 bytes, startup_lpc17xx.o(.text))
<BR><BR>[Calls]<UL><LI><a href="#[1672568]">&gt;&gt;</a>&nbsp;&nbsp;&nbsp;MemManage_Handler
</UL>
<BR>[Called By]<UL><LI><a href="#[1672568]">&gt;&gt;</a>&nbsp;&nbsp;&nbsp;MemManage_Handler
</UL>
<BR>[Address Reference Count : 1]<UL><LI> startup_lpc17xx.o(RESET)
</UL>
<P><STRONG><a name="[167252c]"></a>BusFault_Handler</STRONG> (Thumb, 2 bytes, Stack size 0 bytes, startup_lpc17xx.o(.text))
<BR><BR>[Calls]<UL><LI><a href="#[167252c]">&gt;&gt;</a>&nbsp;&nbsp;&nbsp;BusFault_Handler
</UL>
<BR>[Called By]<UL><LI><a href="#[166bf74]">&gt;&gt;</a>&nbsp;&nbsp;&nbsp;_main_stk
<LI><a href="#[167252c]">&gt;&gt;</a>&nbsp;&nbsp;&nbsp;BusFault_Handler
</UL>
<BR>[Address Reference Count : 1]<UL><LI> startup_lpc17xx.o(RESET)
</UL>
<P><STRONG><a name="[16724f0]"></a>UsageFault_Handler</STRONG> (Thumb, 2 bytes, Stack size 0 bytes, startup_lpc17xx.o(.text))
<BR><BR>[Calls]<UL><LI><a href="#[16724f0]">&gt;&gt;</a>&nbsp;&nbsp;&nbsp;UsageFault_Handler
</UL>
<BR>[Called By]<UL><LI><a href="#[16724f0]">&gt;&gt;</a>&nbsp;&nbsp;&nbsp;UsageFault_Handler
</UL>
<BR>[Address Reference Count : 1]<UL><LI> startup_lpc17xx.o(RESET)
</UL>
<P><STRONG><a name="[16724b4]"></a>SVC_Handler</STRONG> (Thumb, 2 bytes, Stack size 0 bytes, startup_lpc17xx.o(.text))
<BR><BR>[Calls]<UL><LI><a href="#[16724b4]">&gt;&gt;</a>&nbsp;&nbsp;&nbsp;SVC_Handler
</UL>
<BR>[Called By]<UL><LI><a href="#[16724b4]">&gt;&gt;</a>&nbsp;&nbsp;&nbsp;SVC_Handler
</UL>
<BR>[Address Reference Count : 1]<UL><LI> startup_lpc17xx.o(RESET)
</UL>
<P><STRONG><a name="[1672478]"></a>DebugMon_Handler</STRONG> (Thumb, 2 bytes, Stack size 0 bytes, startup_lpc17xx.o(.text))
<BR><BR>[Calls]<UL><LI><a href="#[1672478]">&gt;&gt;</a>&nbsp;&nbsp;&nbsp;DebugMon_Handler
</UL>
<BR>[Called By]<UL><LI><a href="#[1672478]">&gt;&gt;</a>&nbsp;&nbsp;&nbsp;DebugMon_Handler
</UL>
<BR>[Address Reference Count : 1]<UL><LI> startup_lpc17xx.o(RESET)
</UL>
<P><STRONG><a name="[167243c]"></a>PendSV_Handler</STRONG> (Thumb, 2 bytes, Stack size 0 bytes, startup_lpc17xx.o(.text))
<BR><BR>[Calls]<UL><LI><a href="#[167243c]">&gt;&gt;</a>&nbsp;&nbsp;&nbsp;PendSV_Handler
</UL>
<BR>[Called By]<UL><LI><a href="#[167243c]">&gt;&gt;</a>&nbsp;&nbsp;&nbsp;PendSV_Handler
</UL>
<BR>[Address Reference Count : 1]<UL><LI> startup_lpc17xx.o(RESET)
</UL>
<P><STRONG><a name="[1672400]"></a>SysTick_Handler</STRONG> (Thumb, 2 bytes, Stack size 0 bytes, startup_lpc17xx.o(.text))
<BR><BR>[Calls]<UL><LI><a href="#[1672400]">&gt;&gt;</a>&nbsp;&nbsp;&nbsp;SysTick_Handler
</UL>
<BR>[Called By]<UL><LI><a href="#[1672400]">&gt;&gt;</a>&nbsp;&nbsp;&nbsp;SysTick_Handler
</UL>
<BR>[Address Reference Count : 1]<UL><LI> startup_lpc17xx.o(RESET)
</UL>
<P><STRONG><a name="[16723c4]"></a>ADC_IRQHandler</STRONG> (Thumb, 0 bytes, Stack size 0 bytes, startup_lpc17xx.o(.text))
<BR><BR>[Calls]<UL><LI><a href="#[16723c4]">&gt;&gt;</a>&nbsp;&nbsp;&nbsp;ADC_IRQHandler
</UL>
<BR>[Called By]<UL><LI><a href="#[16723c4]">&gt;&gt;</a>&nbsp;&nbsp;&nbsp;ADC_IRQHandler
</UL>
<BR>[Address Reference Count : 1]<UL><LI> startup_lpc17xx.o(RESET)
</UL>
<P><STRONG><a name="[1672388]"></a>BOD_IRQHandler</STRONG> (Thumb, 0 bytes, Stack size 0 bytes, startup_lpc17xx.o(.text))
<BR>[Address Reference Count : 1]<UL><LI> startup_lpc17xx.o(RESET)
</UL>
<P><STRONG><a name="[167234c]"></a>CANActivity_IRQHandler</STRONG> (Thumb, 0 bytes, Stack size 0 bytes, startup_lpc17xx.o(.text))
<BR>[Address Reference Count : 1]<UL><LI> startup_lpc17xx.o(RESET)
</UL>
<P><STRONG><a name="[1672310]"></a>CAN_IRQHandler</STRONG> (Thumb, 0 bytes, Stack size 0 bytes, startup_lpc17xx.o(.text))
<BR>[Address Reference Count : 1]<UL><LI> startup_lpc17xx.o(RESET)
</UL>
<P><STRONG><a name="[16722d4]"></a>DMA_IRQHandler</STRONG> (Thumb, 0 bytes, Stack size 0 bytes, startup_lpc17xx.o(.text))
<BR>[Address Reference Count : 1]<UL><LI> startup_lpc17xx.o(RESET)
</UL>
<P><STRONG><a name="[1672298]"></a>EINT0_IRQHandler</STRONG> (Thumb, 0 bytes, Stack size 0 bytes, startup_lpc17xx.o(.text))
<BR>[Address Reference Count : 1]<UL><LI> startup_lpc17xx.o(RESET)
</UL>
<P><STRONG><a name="[167225c]"></a>EINT1_IRQHandler</STRONG> (Thumb, 0 bytes, Stack size 0 bytes, startup_lpc17xx.o(.text))
<BR>[Address Reference Count : 1]<UL><LI> startup_lpc17xx.o(RESET)
</UL>
<P><STRONG><a name="[1672220]"></a>EINT2_IRQHandler</STRONG> (Thumb, 0 bytes, Stack size 0 bytes, startup_lpc17xx.o(.text))
<BR>[Address Reference Count : 1]<UL><LI> startup_lpc17xx.o(RESET)
</UL>
<P><STRONG><a name="[16721e4]"></a>EINT3_IRQHandler</STRONG> (Thumb, 0 bytes, Stack size 0 bytes, startup_lpc17xx.o(.text))
<BR>[Address Reference Count : 1]<UL><LI> startup_lpc17xx.o(RESET)
</UL>
<P><STRONG><a name="[16721a8]"></a>ENET_IRQHandler</STRONG> (Thumb, 0 bytes, Stack size 0 bytes, startup_lpc17xx.o(.text))
<BR>[Address Reference Count : 1]<UL><LI> startup_lpc17xx.o(RESET)
</UL>
<P><STRONG><a name="[167216c]"></a>I2C0_IRQHandler</STRONG> (Thumb, 0 bytes, Stack size 0 bytes, startup_lpc17xx.o(.text))
<BR>[Address Reference Count : 1]<UL><LI> startup_lpc17xx.o(RESET)
</UL>
<P><STRONG><a name="[1672130]"></a>I2C1_IRQHandler</STRONG> (Thumb, 0 bytes, Stack size 0 bytes, startup_lpc17xx.o(.text))
<BR>[Address Reference Count : 1]<UL><LI> startup_lpc17xx.o(RESET)
</UL>
<P><STRONG><a name="[16720f4]"></a>I2C2_IRQHandler</STRONG> (Thumb, 0 bytes, Stack size 0 bytes, startup_lpc17xx.o(.text))
<BR>[Address Reference Count : 1]<UL><LI> startup_lpc17xx.o(RESET)
</UL>
<P><STRONG><a name="[16720b8]"></a>I2S_IRQHandler</STRONG> (Thumb, 0 bytes, Stack size 0 bytes, startup_lpc17xx.o(.text))
<BR>[Address Reference Count : 1]<UL><LI> startup_lpc17xx.o(RESET)
</UL>
<P><STRONG><a name="[167207c]"></a>MCPWM_IRQHandler</STRONG> (Thumb, 0 bytes, Stack size 0 bytes, startup_lpc17xx.o(.text))
<BR>[Address Reference Count : 1]<UL><LI> startup_lpc17xx.o(RESET)
</UL>
<P><STRONG><a name="[1672040]"></a>PLL0_IRQHandler</STRONG> (Thumb, 0 bytes, Stack size 0 bytes, startup_lpc17xx.o(.text))
<BR>[Address Reference Count : 1]<UL><LI> startup_lpc17xx.o(RESET)
</UL>
<P><STRONG><a name="[1672004]"></a>PLL1_IRQHandler</STRONG> (Thumb, 0 bytes, Stack size 0 bytes, startup_lpc17xx.o(.text))
<BR>[Address Reference Count : 1]<UL><LI> startup_lpc17xx.o(RESET)
</UL>
<P><STRONG><a name="[1671fc8]"></a>PWM1_IRQHandler</STRONG> (Thumb, 0 bytes, Stack size 0 bytes, startup_lpc17xx.o(.text))
<BR>[Address Reference Count : 1]<UL><LI> startup_lpc17xx.o(RESET)
</UL>
<P><STRONG><a name="[1671f8c]"></a>QEI_IRQHandler</STRONG> (Thumb, 0 bytes, Stack size 0 bytes, startup_lpc17xx.o(.text))
<BR>[Address Reference Count : 1]<UL><LI> startup_lpc17xx.o(RESET)
</UL>
<P><STRONG><a name="[1671f50]"></a>RIT_IRQHandler</STRONG> (Thumb, 0 bytes, Stack size 0 bytes, startup_lpc17xx.o(.text))
<BR>[Address Reference Count : 1]<UL><LI> startup_lpc17xx.o(RESET)
</UL>
<P><STRONG><a name="[1671f14]"></a>RTC_IRQHandler</STRONG> (Thumb, 0 bytes, Stack size 0 bytes, startup_lpc17xx.o(.text))
<BR>[Address Reference Count : 1]<UL><LI> startup_lpc17xx.o(RESET)
</UL>
<P><STRONG><a name="[1671ed8]"></a>SPI_IRQHandler</STRONG> (Thumb, 0 bytes, Stack size 0 bytes, startup_lpc17xx.o(.text))
<BR>[Address Reference Count : 1]<UL><LI> startup_lpc17xx.o(RESET)
</UL>
<P><STRONG><a name="[1671e9c]"></a>SSP0_IRQHandler</STRONG> (Thumb, 0 bytes, Stack size 0 bytes, startup_lpc17xx.o(.text))
<BR>[Address Reference Count : 1]<UL><LI> startup_lpc17xx.o(RESET)
</UL>
<P><STRONG><a name="[1671e60]"></a>SSP1_IRQHandler</STRONG> (Thumb, 0 bytes, Stack size 0 bytes, startup_lpc17xx.o(.text))
<BR>[Address Reference Count : 1]<UL><LI> startup_lpc17xx.o(RESET)
</UL>
<P><STRONG><a name="[1671e24]"></a>TIMER0_IRQHandler</STRONG> (Thumb, 0 bytes, Stack size 0 bytes, startup_lpc17xx.o(.text))
<BR>[Address Reference Count : 1]<UL><LI> startup_lpc17xx.o(RESET)
</UL>
<P><STRONG><a name="[1671de8]"></a>TIMER1_IRQHandler</STRONG> (Thumb, 0 bytes, Stack size 0 bytes, startup_lpc17xx.o(.text))
<BR>[Address Reference Count : 1]<UL><LI> startup_lpc17xx.o(RESET)
</UL>
<P><STRONG><a name="[1671dac]"></a>TIMER2_IRQHandler</STRONG> (Thumb, 0 bytes, Stack size 0 bytes, startup_lpc17xx.o(.text))
<BR>[Address Reference Count : 1]<UL><LI> startup_lpc17xx.o(RESET)
</UL>
<P><STRONG><a name="[1671d70]"></a>TIMER3_IRQHandler</STRONG> (Thumb, 0 bytes, Stack size 0 bytes, startup_lpc17xx.o(.text))
<BR>[Address Reference Count : 1]<UL><LI> startup_lpc17xx.o(RESET)
</UL>
<P><STRONG><a name="[1671d34]"></a>UART0_IRQHandler</STRONG> (Thumb, 0 bytes, Stack size 0 bytes, startup_lpc17xx.o(.text))
<BR>[Address Reference Count : 1]<UL><LI> startup_lpc17xx.o(RESET)
</UL>
<P><STRONG><a name="[1671cf8]"></a>UART1_IRQHandler</STRONG> (Thumb, 0 bytes, Stack size 0 bytes, startup_lpc17xx.o(.text))
<BR>[Address Reference Count : 1]<UL><LI> startup_lpc17xx.o(RESET)
</UL>
<P><STRONG><a name="[1671cbc]"></a>UART2_IRQHandler</STRONG> (Thumb, 0 bytes, Stack size 0 bytes, startup_lpc17xx.o(.text))
<BR>[Address Reference Count : 1]<UL><LI> startup_lpc17xx.o(RESET)
</UL>
<P><STRONG><a name="[1671c80]"></a>UART3_IRQHandler</STRONG> (Thumb, 0 bytes, Stack size 0 bytes, startup_lpc17xx.o(.text))
<BR>[Address Reference Count : 1]<UL><LI> startup_lpc17xx.o(RESET)
</UL>
<P><STRONG><a name="[1671c44]"></a>USBActivity_IRQHandler</STRONG> (Thumb, 0 bytes, Stack size 0 bytes, startup_lpc17xx.o(.text))
<BR>[Address Reference Count : 1]<UL><LI> startup_lpc17xx.o(RESET)
</UL>
<P><STRONG><a name="[1671bcc]"></a>WDT_IRQHandler</STRONG> (Thumb, 0 bytes, Stack size 0 bytes, startup_lpc17xx.o(.text))
<BR>[Address Reference Count : 1]<UL><LI> startup_lpc17xx.o(RESET)
</UL>
<P><STRONG><a name="[166e2d8]"></a>USB_Reset_Event</STRONG> (Thumb, 14 bytes, Stack size 8 bytes, usbuser.o(.text))
<BR><BR>[Stack]<UL><LI>Max Depth = 16<LI>Call Chain = USB_Reset_Event &rArr; LED_Off
</UL>
<BR>[Calls]<UL><LI><a href="#[166d888]">&gt;&gt;</a>&nbsp;&nbsp;&nbsp;LED_Off
<LI><a href="#[166f994]">&gt;&gt;</a>&nbsp;&nbsp;&nbsp;USB_ResetCore
</UL>
<BR>[Called By]<UL><LI><a href="#[166e350]">&gt;&gt;</a>&nbsp;&nbsp;&nbsp;USB_IRQHandler
</UL>

<P><STRONG><a name="[166e260]"></a>USB_Suspend_Event</STRONG> (Thumb, 10 bytes, Stack size 8 bytes, usbuser.o(.text))
<BR><BR>[Stack]<UL><LI>Max Depth = 16<LI>Call Chain = USB_Suspend_Event &rArr; LED_On
</UL>
<BR>[Calls]<UL><LI><a href="#[166d84c]">&gt;&gt;</a>&nbsp;&nbsp;&nbsp;LED_On
</UL>
<BR>[Called By]<UL><LI><a href="#[166e350]">&gt;&gt;</a>&nbsp;&nbsp;&nbsp;USB_IRQHandler
</UL>

<P><STRONG><a name="[166e29c]"></a>USB_Resume_Event</STRONG> (Thumb, 10 bytes, Stack size 8 bytes, usbuser.o(.text))
<BR><BR>[Stack]<UL><LI>Max Depth = 16<LI>Call Chain = USB_Resume_Event &rArr; LED_Off
</UL>
<BR>[Calls]<UL><LI><a href="#[166d888]">&gt;&gt;</a>&nbsp;&nbsp;&nbsp;LED_Off
</UL>
<BR>[Called By]<UL><LI><a href="#[166e350]">&gt;&gt;</a>&nbsp;&nbsp;&nbsp;USB_IRQHandler
</UL>

<P><STRONG><a name="[166f520]"></a>USB_Configure_Event</STRONG> (Thumb, 24 bytes, Stack size 8 bytes, usbuser.o(.text))
<BR><BR>[Stack]<UL><LI>Max Depth = 16<LI>Call Chain = USB_Configure_Event &rArr; LED_On
</UL>
<BR>[Calls]<UL><LI><a href="#[166d84c]">&gt;&gt;</a>&nbsp;&nbsp;&nbsp;LED_On
<LI><a href="#[166d888]">&gt;&gt;</a>&nbsp;&nbsp;&nbsp;LED_Off
</UL>
<BR>[Called By]<UL><LI><a href="#[166f82c]">&gt;&gt;</a>&nbsp;&nbsp;&nbsp;USB_EndPoint0
</UL>

<P><STRONG><a name="[166dc0c]"></a>USB_EndPoint1</STRONG> (Thumb, 2 bytes, Stack size 0 bytes, usbuser.o(.text), UNUSED)

<P><STRONG><a name="[166dbd0]"></a>USB_EndPoint2</STRONG> (Thumb, 30 bytes, Stack size 8 bytes, usbuser.o(.text))
<BR><BR>[Stack]<UL><LI>Max Depth = 76<LI>Call Chain = USB_EndPoint2 &rArr; MSC_BulkOut &rArr; MSC_GetCBW &rArr; MSC_ReadFormatCapacity &rArr; DataInFormat &rArr; MSC_SetCSW &rArr; USB_WriteEP &rArr; WrCmdEP
</UL>
<BR>[Calls]<UL><LI><a href="#[166d7d4]">&gt;&gt;</a>&nbsp;&nbsp;&nbsp;MSC_BulkOut
<LI><a href="#[166d810]">&gt;&gt;</a>&nbsp;&nbsp;&nbsp;MSC_BulkIn
</UL>
<BR>[Address Reference Count : 1]<UL><LI> usbuser.o(.constdata)
</UL>
<P><STRONG><a name="[166db94]"></a>USB_EndPoint3</STRONG> (Thumb, 2 bytes, Stack size 0 bytes, usbuser.o(.text), UNUSED)

<P><STRONG><a name="[166db58]"></a>USB_EndPoint4</STRONG> (Thumb, 2 bytes, Stack size 0 bytes, usbuser.o(.text), UNUSED)

<P><STRONG><a name="[166db1c]"></a>USB_EndPoint5</STRONG> (Thumb, 2 bytes, Stack size 0 bytes, usbuser.o(.text), UNUSED)

<P><STRONG><a name="[166dae0]"></a>USB_EndPoint6</STRONG> (Thumb, 2 bytes, Stack size 0 bytes, usbuser.o(.text), UNUSED)

<P><STRONG><a name="[166daa4]"></a>USB_EndPoint7</STRONG> (Thumb, 2 bytes, Stack size 0 bytes, usbuser.o(.text), UNUSED)

<P><STRONG><a name="[166da68]"></a>USB_EndPoint8</STRONG> (Thumb, 2 bytes, Stack size 0 bytes, usbuser.o(.text), UNUSED)

<P><STRONG><a name="[166da2c]"></a>USB_EndPoint9</STRONG> (Thumb, 2 bytes, Stack size 0 bytes, usbuser.o(.text), UNUSED)

<P><STRONG><a name="[166d9f0]"></a>USB_EndPoint10</STRONG> (Thumb, 2 bytes, Stack size 0 bytes, usbuser.o(.text), UNUSED)

<P><STRONG><a name="[166d9b4]"></a>USB_EndPoint11</STRONG> (Thumb, 2 bytes, Stack size 0 bytes, usbuser.o(.text), UNUSED)

<P><STRONG><a name="[166d978]"></a>USB_EndPoint12</STRONG> (Thumb, 2 bytes, Stack size 0 bytes, usbuser.o(.text), UNUSED)

<P><STRONG><a name="[166d93c]"></a>USB_EndPoint13</STRONG> (Thumb, 2 bytes, Stack size 0 bytes, usbuser.o(.text), UNUSED)

<P><STRONG><a name="[166d900]"></a>USB_EndPoint14</STRONG> (Thumb, 2 bytes, Stack size 0 bytes, usbuser.o(.text), UNUSED)

<P><STRONG><a name="[166d8c4]"></a>USB_EndPoint15</STRONG> (Thumb, 2 bytes, Stack size 0 bytes, usbuser.o(.text), UNUSED)

<P><STRONG><a name="[166c7e4]"></a>LED_Set</STRONG> (Thumb, 98 bytes, Stack size 0 bytes, memory.o(.text))
<BR><BR>[Called By]<UL><LI><a href="#[166d84c]">&gt;&gt;</a>&nbsp;&nbsp;&nbsp;LED_On
<LI><a href="#[166d888]">&gt;&gt;</a>&nbsp;&nbsp;&nbsp;LED_Off
</UL>

<P><STRONG><a name="[166d84c]"></a>LED_On</STRONG> (Thumb, 24 bytes, Stack size 8 bytes, memory.o(.text))
<BR><BR>[Stack]<UL><LI>Max Depth = 8<LI>Call Chain = LED_On
</UL>
<BR>[Calls]<UL><LI><a href="#[166c7e4]">&gt;&gt;</a>&nbsp;&nbsp;&nbsp;LED_Set
</UL>
<BR>[Called By]<UL><LI><a href="#[166cdfc]">&gt;&gt;</a>&nbsp;&nbsp;&nbsp;MSC_GetCBW
<LI><a href="#[166e260]">&gt;&gt;</a>&nbsp;&nbsp;&nbsp;USB_Suspend_Event
<LI><a href="#[166f520]">&gt;&gt;</a>&nbsp;&nbsp;&nbsp;USB_Configure_Event
</UL>

<P><STRONG><a name="[166d888]"></a>LED_Off</STRONG> (Thumb, 24 bytes, Stack size 8 bytes, memory.o(.text))
<BR><BR>[Stack]<UL><LI>Max Depth = 8<LI>Call Chain = LED_Off
</UL>
<BR>[Calls]<UL><LI><a href="#[166c7e4]">&gt;&gt;</a>&nbsp;&nbsp;&nbsp;LED_Set
</UL>
<BR>[Called By]<UL><LI><a href="#[166d0cc]">&gt;&gt;</a>&nbsp;&nbsp;&nbsp;MSC_MemoryWrite
<LI><a href="#[166d144]">&gt;&gt;</a>&nbsp;&nbsp;&nbsp;MSC_MemoryRead
<LI><a href="#[166e29c]">&gt;&gt;</a>&nbsp;&nbsp;&nbsp;USB_Resume_Event
<LI><a href="#[166e2d8]">&gt;&gt;</a>&nbsp;&nbsp;&nbsp;USB_Reset_Event
<LI><a href="#[166f520]">&gt;&gt;</a>&nbsp;&nbsp;&nbsp;USB_Configure_Event
<LI><a href="#[166f64c]">&gt;&gt;</a>&nbsp;&nbsp;&nbsp;MSC_Reset
</UL>

<P><STRONG><a name="[166c7a8]"></a>main</STRONG> (Thumb, 88 bytes, Stack size 8 bytes, memory.o(.text))
<BR><BR>[Stack]<UL><LI>Max Depth = 20<LI>Call Chain = main &rArr; USB_Init &rArr; USB_SetAddress
</UL>
<BR>[Calls]<UL><LI><a href="#[166e4b8]">&gt;&gt;</a>&nbsp;&nbsp;&nbsp;USB_Connect
<LI><a href="#[166e4f4]">&gt;&gt;</a>&nbsp;&nbsp;&nbsp;USB_Init
<LI><a href="#[167135c]">&gt;&gt;</a>&nbsp;&nbsp;&nbsp;SystemInit
</UL>
<BR>[Address Reference Count : 1]<UL><LI> entry7.o(.ARM.Collect$$$$00000007)
</UL>
<P><STRONG><a name="[166bbf0]"></a>__scatterload</STRONG> (Thumb, 28 bytes, Stack size 0 bytes, init.o(.text))
<BR><BR>[Calls]<UL><LI><a href="#[166be0c]">&gt;&gt;</a>&nbsp;&nbsp;&nbsp;__main_after_scatterload
</UL>
<BR>[Called By]<UL><LI><a href="#[166be48]">&gt;&gt;</a>&nbsp;&nbsp;&nbsp;_main_scatterload
</UL>

<P><STRONG><a name="[166bbb4]"></a>__scatterload_rt2</STRONG> (Thumb, 0 bytes, Stack size 0 bytes, init.o(.text), UNUSED)

<P><STRONG><a name="[166b7f4]"></a>__scatterload_copy</STRONG> (Thumb, 14 bytes, Stack size unknown bytes, handlers.o(i.__scatterload_copy), UNUSED)

<P><STRONG><a name="[166b7b8]"></a>__scatterload_null</STRONG> (Thumb, 2 bytes, Stack size unknown bytes, handlers.o(i.__scatterload_null), UNUSED)

<P><STRONG><a name="[166b77c]"></a>__scatterload_zeroinit</STRONG> (Thumb, 14 bytes, Stack size unknown bytes, handlers.o(i.__scatterload_zeroinit), UNUSED)

<P><STRONG><a name="[167135c]"></a>SystemInit</STRONG> (Thumb, 538 bytes, Stack size 0 bytes, system_lpc17xx.o(.text))
<BR><BR>[Called By]<UL><LI><a href="#[166c7a8]">&gt;&gt;</a>&nbsp;&nbsp;&nbsp;main
</UL>

<P><STRONG><a name="[166f994]"></a>USB_ResetCore</STRONG> (Thumb, 34 bytes, Stack size 0 bytes, usbcore.o(.text))
<BR><BR>[Called By]<UL><LI><a href="#[166e2d8]">&gt;&gt;</a>&nbsp;&nbsp;&nbsp;USB_Reset_Event
</UL>

<P><STRONG><a name="[166f958]"></a>USB_SetupStage</STRONG> (Thumb, 12 bytes, Stack size 8 bytes, usbcore.o(.text))
<BR><BR>[Stack]<UL><LI>Max Depth = 36<LI>Call Chain = USB_SetupStage &rArr; USB_ReadEP &rArr; WrCmdEP
</UL>
<BR>[Calls]<UL><LI><a href="#[166f3f4]">&gt;&gt;</a>&nbsp;&nbsp;&nbsp;USB_ReadEP
</UL>
<BR>[Called By]<UL><LI><a href="#[166f82c]">&gt;&gt;</a>&nbsp;&nbsp;&nbsp;USB_EndPoint0
</UL>

<P><STRONG><a name="[166f91c]"></a>USB_DataInStage</STRONG> (Thumb, 52 bytes, Stack size 8 bytes, usbcore.o(.text))
<BR><BR>[Stack]<UL><LI>Max Depth = 36<LI>Call Chain = USB_DataInStage &rArr; USB_WriteEP &rArr; WrCmdEP
</UL>
<BR>[Calls]<UL><LI><a href="#[166f28c]">&gt;&gt;</a>&nbsp;&nbsp;&nbsp;USB_WriteEP
</UL>
<BR>[Called By]<UL><LI><a href="#[166f82c]">&gt;&gt;</a>&nbsp;&nbsp;&nbsp;USB_EndPoint0
</UL>

<P><STRONG><a name="[166f8e0]"></a>USB_DataOutStage</STRONG> (Thumb, 34 bytes, Stack size 8 bytes, usbcore.o(.text))
<BR><BR>[Stack]<UL><LI>Max Depth = 36<LI>Call Chain = USB_DataOutStage &rArr; USB_ReadEP &rArr; WrCmdEP
</UL>
<BR>[Calls]<UL><LI><a href="#[166f3f4]">&gt;&gt;</a>&nbsp;&nbsp;&nbsp;USB_ReadEP
</UL>
<BR>[Called By]<UL><LI><a href="#[166f82c]">&gt;&gt;</a>&nbsp;&nbsp;&nbsp;USB_EndPoint0
</UL>

<P><STRONG><a name="[166f8a4]"></a>USB_StatusInStage</STRONG> (Thumb, 14 bytes, Stack size 8 bytes, usbcore.o(.text))
<BR><BR>[Stack]<UL><LI>Max Depth = 36<LI>Call Chain = USB_StatusInStage &rArr; USB_WriteEP &rArr; WrCmdEP
</UL>
<BR>[Calls]<UL><LI><a href="#[166f28c]">&gt;&gt;</a>&nbsp;&nbsp;&nbsp;USB_WriteEP
</UL>
<BR>[Called By]<UL><LI><a href="#[166f82c]">&gt;&gt;</a>&nbsp;&nbsp;&nbsp;USB_EndPoint0
</UL>

<P><STRONG><a name="[166f868]"></a>USB_StatusOutStage</STRONG> (Thumb, 12 bytes, Stack size 8 bytes, usbcore.o(.text))
<BR><BR>[Stack]<UL><LI>Max Depth = 36<LI>Call Chain = USB_StatusOutStage &rArr; USB_ReadEP &rArr; WrCmdEP
</UL>
<BR>[Calls]<UL><LI><a href="#[166f3f4]">&gt;&gt;</a>&nbsp;&nbsp;&nbsp;USB_ReadEP
</UL>
<BR>[Called By]<UL><LI><a href="#[166f82c]">&gt;&gt;</a>&nbsp;&nbsp;&nbsp;USB_EndPoint0
</UL>

<P><STRONG><a name="[166f82c]"></a>USB_EndPoint0</STRONG> (Thumb, 636 bytes, Stack size 8 bytes, usbcore.o(.text))
<BR><BR>[Stack]<UL><LI>Max Depth = 60<LI>Call Chain = USB_EndPoint0 &rArr; USB_ReqSetInterface &rArr; USB_ResetEP
</UL>
<BR>[Calls]<UL><LI><a href="#[166f340]">&gt;&gt;</a>&nbsp;&nbsp;&nbsp;USB_SetStallEP
<LI><a href="#[166f37c]">&gt;&gt;</a>&nbsp;&nbsp;&nbsp;USB_SetAddress
<LI><a href="#[166f4a8]">&gt;&gt;</a>&nbsp;&nbsp;&nbsp;USB_DirCtrlEP
<LI><a href="#[166f520]">&gt;&gt;</a>&nbsp;&nbsp;&nbsp;USB_Configure_Event
<LI><a href="#[166f610]">&gt;&gt;</a>&nbsp;&nbsp;&nbsp;USB_ClrStallEP
<LI><a href="#[166f64c]">&gt;&gt;</a>&nbsp;&nbsp;&nbsp;MSC_Reset
<LI><a href="#[166f688]">&gt;&gt;</a>&nbsp;&nbsp;&nbsp;MSC_GetMaxLUN
<LI><a href="#[166f700]">&gt;&gt;</a>&nbsp;&nbsp;&nbsp;USB_ReqSetInterface
<LI><a href="#[166f73c]">&gt;&gt;</a>&nbsp;&nbsp;&nbsp;USB_ReqSetConfiguration
<LI><a href="#[166f778]">&gt;&gt;</a>&nbsp;&nbsp;&nbsp;USB_ReqSetClrFeature
<LI><a href="#[166f7b4]">&gt;&gt;</a>&nbsp;&nbsp;&nbsp;USB_ReqGetStatus
<LI><a href="#[166f7f0]">&gt;&gt;</a>&nbsp;&nbsp;&nbsp;USB_ReqGetDescriptor
<LI><a href="#[166f868]">&gt;&gt;</a>&nbsp;&nbsp;&nbsp;USB_StatusOutStage
<LI><a href="#[166f8a4]">&gt;&gt;</a>&nbsp;&nbsp;&nbsp;USB_StatusInStage
<LI><a href="#[166f8e0]">&gt;&gt;</a>&nbsp;&nbsp;&nbsp;USB_DataOutStage
<LI><a href="#[166f91c]">&gt;&gt;</a>&nbsp;&nbsp;&nbsp;USB_DataInStage
<LI><a href="#[166f958]">&gt;&gt;</a>&nbsp;&nbsp;&nbsp;USB_SetupStage
</UL>
<BR>[Address Reference Count : 1]<UL><LI> usbuser.o(.constdata)
</UL>
<P><STRONG><a name="[166e65c]"></a>EPAdr</STRONG> (Thumb, 16 bytes, Stack size 0 bytes, usbhw.o(.text))
<BR><BR>[Called By]<UL><LI><a href="#[166e5a8]">&gt;&gt;</a>&nbsp;&nbsp;&nbsp;WrCmdEP
<LI><a href="#[166f340]">&gt;&gt;</a>&nbsp;&nbsp;&nbsp;USB_SetStallEP
<LI><a href="#[166f3b8]">&gt;&gt;</a>&nbsp;&nbsp;&nbsp;USB_ResetEP
<LI><a href="#[166f430]">&gt;&gt;</a>&nbsp;&nbsp;&nbsp;USB_EnableEP
<LI><a href="#[166f46c]">&gt;&gt;</a>&nbsp;&nbsp;&nbsp;USB_DisableEP
<LI><a href="#[166f598]">&gt;&gt;</a>&nbsp;&nbsp;&nbsp;USB_ConfigEP
<LI><a href="#[166f610]">&gt;&gt;</a>&nbsp;&nbsp;&nbsp;USB_ClrStallEP
</UL>

<P><STRONG><a name="[166e620]"></a>WrCmd</STRONG> (Thumb, 26 bytes, Stack size 0 bytes, usbhw.o(.text))
<BR><BR>[Called By]<UL><LI><a href="#[166e350]">&gt;&gt;</a>&nbsp;&nbsp;&nbsp;USB_IRQHandler
<LI><a href="#[166e38c]">&gt;&gt;</a>&nbsp;&nbsp;&nbsp;USB_GetFrame
</UL>

<P><STRONG><a name="[166e5e4]"></a>WrCmdDat</STRONG> (Thumb, 50 bytes, Stack size 0 bytes, usbhw.o(.text))
<BR><BR>[Called By]<UL><LI><a href="#[166e404]">&gt;&gt;</a>&nbsp;&nbsp;&nbsp;USB_WakeUp
<LI><a href="#[166e4b8]">&gt;&gt;</a>&nbsp;&nbsp;&nbsp;USB_Connect
<LI><a href="#[166f340]">&gt;&gt;</a>&nbsp;&nbsp;&nbsp;USB_SetStallEP
<LI><a href="#[166f37c]">&gt;&gt;</a>&nbsp;&nbsp;&nbsp;USB_SetAddress
<LI><a href="#[166f3b8]">&gt;&gt;</a>&nbsp;&nbsp;&nbsp;USB_ResetEP
<LI><a href="#[166f430]">&gt;&gt;</a>&nbsp;&nbsp;&nbsp;USB_EnableEP
<LI><a href="#[166f46c]">&gt;&gt;</a>&nbsp;&nbsp;&nbsp;USB_DisableEP
<LI><a href="#[166f55c]">&gt;&gt;</a>&nbsp;&nbsp;&nbsp;USB_Configure
<LI><a href="#[166f610]">&gt;&gt;</a>&nbsp;&nbsp;&nbsp;USB_ClrStallEP
</UL>

<P><STRONG><a name="[166e5a8]"></a>WrCmdEP</STRONG> (Thumb, 70 bytes, Stack size 8 bytes, usbhw.o(.text))
<BR><BR>[Stack]<UL><LI>Max Depth = 8<LI>Call Chain = WrCmdEP
</UL>
<BR>[Calls]<UL><LI><a href="#[166e65c]">&gt;&gt;</a>&nbsp;&nbsp;&nbsp;EPAdr
</UL>
<BR>[Called By]<UL><LI><a href="#[166e3c8]">&gt;&gt;</a>&nbsp;&nbsp;&nbsp;USB_ClearEPBuf
<LI><a href="#[166f28c]">&gt;&gt;</a>&nbsp;&nbsp;&nbsp;USB_WriteEP
<LI><a href="#[166f3f4]">&gt;&gt;</a>&nbsp;&nbsp;&nbsp;USB_ReadEP
</UL>

<P><STRONG><a name="[166e56c]"></a>RdCmdDat</STRONG> (Thumb, 32 bytes, Stack size 0 bytes, usbhw.o(.text))
<BR><BR>[Called By]<UL><LI><a href="#[166e350]">&gt;&gt;</a>&nbsp;&nbsp;&nbsp;USB_IRQHandler
<LI><a href="#[166e38c]">&gt;&gt;</a>&nbsp;&nbsp;&nbsp;USB_GetFrame
</UL>

<P><STRONG><a name="[166f37c]"></a>USB_SetAddress</STRONG> (Thumb, 42 bytes, Stack size 8 bytes, usbhw.o(.text))
<BR><BR>[Stack]<UL><LI>Max Depth = 8<LI>Call Chain = USB_SetAddress
</UL>
<BR>[Calls]<UL><LI><a href="#[166e5e4]">&gt;&gt;</a>&nbsp;&nbsp;&nbsp;WrCmdDat
</UL>
<BR>[Called By]<UL><LI><a href="#[166e4f4]">&gt;&gt;</a>&nbsp;&nbsp;&nbsp;USB_Init
<LI><a href="#[166f82c]">&gt;&gt;</a>&nbsp;&nbsp;&nbsp;USB_EndPoint0
</UL>

<P><STRONG><a name="[166e530]"></a>USB_Reset</STRONG> (Thumb, 76 bytes, Stack size 0 bytes, usbhw.o(.text))
<BR><BR>[Called By]<UL><LI><a href="#[166e350]">&gt;&gt;</a>&nbsp;&nbsp;&nbsp;USB_IRQHandler
<LI><a href="#[166e4f4]">&gt;&gt;</a>&nbsp;&nbsp;&nbsp;USB_Init
</UL>

<P><STRONG><a name="[166e4f4]"></a>USB_Init</STRONG> (Thumb, 140 bytes, Stack size 4 bytes, usbhw.o(.text))
<BR><BR>[Stack]<UL><LI>Max Depth = 12<LI>Call Chain = USB_Init &rArr; USB_SetAddress
</UL>
<BR>[Calls]<UL><LI><a href="#[166e530]">&gt;&gt;</a>&nbsp;&nbsp;&nbsp;USB_Reset
<LI><a href="#[166f37c]">&gt;&gt;</a>&nbsp;&nbsp;&nbsp;USB_SetAddress
</UL>
<BR>[Called By]<UL><LI><a href="#[166c7a8]">&gt;&gt;</a>&nbsp;&nbsp;&nbsp;main
</UL>

<P><STRONG><a name="[166e4b8]"></a>USB_Connect</STRONG> (Thumb, 28 bytes, Stack size 8 bytes, usbhw.o(.text))
<BR><BR>[Stack]<UL><LI>Max Depth = 8<LI>Call Chain = USB_Connect
</UL>
<BR>[Calls]<UL><LI><a href="#[166e5e4]">&gt;&gt;</a>&nbsp;&nbsp;&nbsp;WrCmdDat
</UL>
<BR>[Called By]<UL><LI><a href="#[166c7a8]">&gt;&gt;</a>&nbsp;&nbsp;&nbsp;main
</UL>

<P><STRONG><a name="[166e47c]"></a>USB_Suspend</STRONG> (Thumb, 2 bytes, Stack size 0 bytes, usbhw.o(.text))
<BR><BR>[Called By]<UL><LI><a href="#[166e350]">&gt;&gt;</a>&nbsp;&nbsp;&nbsp;USB_IRQHandler
</UL>

<P><STRONG><a name="[166e440]"></a>USB_Resume</STRONG> (Thumb, 2 bytes, Stack size 0 bytes, usbhw.o(.text))
<BR><BR>[Called By]<UL><LI><a href="#[166e350]">&gt;&gt;</a>&nbsp;&nbsp;&nbsp;USB_IRQHandler
</UL>

<P><STRONG><a name="[166e404]"></a>USB_WakeUp</STRONG> (Thumb, 22 bytes, Stack size 4 bytes, usbhw.o(.text), UNUSED)
<BR><BR>[Calls]<UL><LI><a href="#[166e5e4]">&gt;&gt;</a>&nbsp;&nbsp;&nbsp;WrCmdDat
</UL>

<P><STRONG><a name="[166f2c8]"></a>USB_WakeUpCfg</STRONG> (Thumb, 2 bytes, Stack size 0 bytes, usbhw.o(.text))
<BR><BR>[Called By]<UL><LI><a href="#[166f778]">&gt;&gt;</a>&nbsp;&nbsp;&nbsp;USB_ReqSetClrFeature
</UL>

<P><STRONG><a name="[166f55c]"></a>USB_Configure</STRONG> (Thumb, 54 bytes, Stack size 8 bytes, usbhw.o(.text))
<BR><BR>[Stack]<UL><LI>Max Depth = 8<LI>Call Chain = USB_Configure
</UL>
<BR>[Calls]<UL><LI><a href="#[166e5e4]">&gt;&gt;</a>&nbsp;&nbsp;&nbsp;WrCmdDat
</UL>
<BR>[Called By]<UL><LI><a href="#[166f73c]">&gt;&gt;</a>&nbsp;&nbsp;&nbsp;USB_ReqSetConfiguration
</UL>

<P><STRONG><a name="[166f598]"></a>USB_ConfigEP</STRONG> (Thumb, 68 bytes, Stack size 8 bytes, usbhw.o(.text))
<BR><BR>[Stack]<UL><LI>Max Depth = 8<LI>Call Chain = USB_ConfigEP
</UL>
<BR>[Calls]<UL><LI><a href="#[166e65c]">&gt;&gt;</a>&nbsp;&nbsp;&nbsp;EPAdr
</UL>
<BR>[Called By]<UL><LI><a href="#[166f700]">&gt;&gt;</a>&nbsp;&nbsp;&nbsp;USB_ReqSetInterface
<LI><a href="#[166f73c]">&gt;&gt;</a>&nbsp;&nbsp;&nbsp;USB_ReqSetConfiguration
</UL>

<P><STRONG><a name="[166f4a8]"></a>USB_DirCtrlEP</STRONG> (Thumb, 2 bytes, Stack size 0 bytes, usbhw.o(.text))
<BR><BR>[Called By]<UL><LI><a href="#[166f82c]">&gt;&gt;</a>&nbsp;&nbsp;&nbsp;USB_EndPoint0
</UL>

<P><STRONG><a name="[166f430]"></a>USB_EnableEP</STRONG> (Thumb, 26 bytes, Stack size 12 bytes, usbhw.o(.text))
<BR><BR>[Stack]<UL><LI>Max Depth = 12<LI>Call Chain = USB_EnableEP
</UL>
<BR>[Calls]<UL><LI><a href="#[166e5e4]">&gt;&gt;</a>&nbsp;&nbsp;&nbsp;WrCmdDat
<LI><a href="#[166e65c]">&gt;&gt;</a>&nbsp;&nbsp;&nbsp;EPAdr
</UL>
<BR>[Called By]<UL><LI><a href="#[166f700]">&gt;&gt;</a>&nbsp;&nbsp;&nbsp;USB_ReqSetInterface
<LI><a href="#[166f73c]">&gt;&gt;</a>&nbsp;&nbsp;&nbsp;USB_ReqSetConfiguration
</UL>

<P><STRONG><a name="[166f46c]"></a>USB_DisableEP</STRONG> (Thumb, 26 bytes, Stack size 12 bytes, usbhw.o(.text))
<BR><BR>[Stack]<UL><LI>Max Depth = 12<LI>Call Chain = USB_DisableEP
</UL>
<BR>[Calls]<UL><LI><a href="#[166e5e4]">&gt;&gt;</a>&nbsp;&nbsp;&nbsp;WrCmdDat
<LI><a href="#[166e65c]">&gt;&gt;</a>&nbsp;&nbsp;&nbsp;EPAdr
</UL>
<BR>[Called By]<UL><LI><a href="#[166f700]">&gt;&gt;</a>&nbsp;&nbsp;&nbsp;USB_ReqSetInterface
<LI><a href="#[166f73c]">&gt;&gt;</a>&nbsp;&nbsp;&nbsp;USB_ReqSetConfiguration
</UL>

<P><STRONG><a name="[166f3b8]"></a>USB_ResetEP</STRONG> (Thumb, 26 bytes, Stack size 12 bytes, usbhw.o(.text))
<BR><BR>[Stack]<UL><LI>Max Depth = 12<LI>Call Chain = USB_ResetEP
</UL>
<BR>[Calls]<UL><LI><a href="#[166e5e4]">&gt;&gt;</a>&nbsp;&nbsp;&nbsp;WrCmdDat
<LI><a href="#[166e65c]">&gt;&gt;</a>&nbsp;&nbsp;&nbsp;EPAdr
</UL>
<BR>[Called By]<UL><LI><a href="#[166f700]">&gt;&gt;</a>&nbsp;&nbsp;&nbsp;USB_ReqSetInterface
<LI><a href="#[166f73c]">&gt;&gt;</a>&nbsp;&nbsp;&nbsp;USB_ReqSetConfiguration
</UL>

<P><STRONG><a name="[166f340]"></a>USB_SetStallEP</STRONG> (Thumb, 26 bytes, Stack size 12 bytes, usbhw.o(.text))
<BR><BR>[Stack]<UL><LI>Max Depth = 12<LI>Call Chain = USB_SetStallEP
</UL>
<BR>[Calls]<UL><LI><a href="#[166e5e4]">&gt;&gt;</a>&nbsp;&nbsp;&nbsp;WrCmdDat
<LI><a href="#[166e65c]">&gt;&gt;</a>&nbsp;&nbsp;&nbsp;EPAdr
</UL>
<BR>[Called By]<UL><LI><a href="#[166d180]">&gt;&gt;</a>&nbsp;&nbsp;&nbsp;MSC_SetStallEP
<LI><a href="#[166f778]">&gt;&gt;</a>&nbsp;&nbsp;&nbsp;USB_ReqSetClrFeature
<LI><a href="#[166f82c]">&gt;&gt;</a>&nbsp;&nbsp;&nbsp;USB_EndPoint0
</UL>

<P><STRONG><a name="[166f610]"></a>USB_ClrStallEP</STRONG> (Thumb, 26 bytes, Stack size 12 bytes, usbhw.o(.text))
<BR><BR>[Stack]<UL><LI>Max Depth = 12<LI>Call Chain = USB_ClrStallEP
</UL>
<BR>[Calls]<UL><LI><a href="#[166e5e4]">&gt;&gt;</a>&nbsp;&nbsp;&nbsp;WrCmdDat
<LI><a href="#[166e65c]">&gt;&gt;</a>&nbsp;&nbsp;&nbsp;EPAdr
</UL>
<BR>[Called By]<UL><LI><a href="#[166f778]">&gt;&gt;</a>&nbsp;&nbsp;&nbsp;USB_ReqSetClrFeature
<LI><a href="#[166f82c]">&gt;&gt;</a>&nbsp;&nbsp;&nbsp;USB_EndPoint0
</UL>

<P><STRONG><a name="[166e3c8]"></a>USB_ClearEPBuf</STRONG> (Thumb, 14 bytes, Stack size 8 bytes, usbhw.o(.text), UNUSED)
<BR><BR>[Calls]<UL><LI><a href="#[166e5a8]">&gt;&gt;</a>&nbsp;&nbsp;&nbsp;WrCmdEP
</UL>

<P><STRONG><a name="[166f3f4]"></a>USB_ReadEP</STRONG> (Thumb, 98 bytes, Stack size 20 bytes, usbhw.o(.text))
<BR><BR>[Stack]<UL><LI>Max Depth = 28<LI>Call Chain = USB_ReadEP &rArr; WrCmdEP
</UL>
<BR>[Calls]<UL><LI><a href="#[166e5a8]">&gt;&gt;</a>&nbsp;&nbsp;&nbsp;WrCmdEP
</UL>
<BR>[Called By]<UL><LI><a href="#[166d7d4]">&gt;&gt;</a>&nbsp;&nbsp;&nbsp;MSC_BulkOut
<LI><a href="#[166f868]">&gt;&gt;</a>&nbsp;&nbsp;&nbsp;USB_StatusOutStage
<LI><a href="#[166f8e0]">&gt;&gt;</a>&nbsp;&nbsp;&nbsp;USB_DataOutStage
<LI><a href="#[166f958]">&gt;&gt;</a>&nbsp;&nbsp;&nbsp;USB_SetupStage
</UL>

<P><STRONG><a name="[166f28c]"></a>USB_WriteEP</STRONG> (Thumb, 74 bytes, Stack size 20 bytes, usbhw.o(.text))
<BR><BR>[Stack]<UL><LI>Max Depth = 28<LI>Call Chain = USB_WriteEP &rArr; WrCmdEP
</UL>
<BR>[Calls]<UL><LI><a href="#[166e5a8]">&gt;&gt;</a>&nbsp;&nbsp;&nbsp;WrCmdEP
</UL>
<BR>[Called By]<UL><LI><a href="#[166cfdc]">&gt;&gt;</a>&nbsp;&nbsp;&nbsp;DataInTransfer
<LI><a href="#[166d108]">&gt;&gt;</a>&nbsp;&nbsp;&nbsp;MSC_SetCSW
<LI><a href="#[166d144]">&gt;&gt;</a>&nbsp;&nbsp;&nbsp;MSC_MemoryRead
<LI><a href="#[166f778]">&gt;&gt;</a>&nbsp;&nbsp;&nbsp;USB_ReqSetClrFeature
<LI><a href="#[166f8a4]">&gt;&gt;</a>&nbsp;&nbsp;&nbsp;USB_StatusInStage
<LI><a href="#[166f91c]">&gt;&gt;</a>&nbsp;&nbsp;&nbsp;USB_DataInStage
</UL>

<P><STRONG><a name="[166e38c]"></a>USB_GetFrame</STRONG> (Thumb, 30 bytes, Stack size 4 bytes, usbhw.o(.text), UNUSED)
<BR><BR>[Calls]<UL><LI><a href="#[166e56c]">&gt;&gt;</a>&nbsp;&nbsp;&nbsp;RdCmdDat
<LI><a href="#[166e620]">&gt;&gt;</a>&nbsp;&nbsp;&nbsp;WrCmd
</UL>

<P><STRONG><a name="[166e350]"></a>USB_IRQHandler</STRONG> (Thumb, 362 bytes, Stack size 32 bytes, usbhw.o(.text))
<BR><BR>[Stack]<UL><LI>Max Depth = 48<LI>Call Chain = USB_IRQHandler &rArr; USB_Suspend_Event &rArr; LED_On
</UL>
<BR>[Calls]<UL><LI><a href="#[166e260]">&gt;&gt;</a>&nbsp;&nbsp;&nbsp;USB_Suspend_Event
<LI><a href="#[166e29c]">&gt;&gt;</a>&nbsp;&nbsp;&nbsp;USB_Resume_Event
<LI><a href="#[166e2d8]">&gt;&gt;</a>&nbsp;&nbsp;&nbsp;USB_Reset_Event
<LI><a href="#[166e440]">&gt;&gt;</a>&nbsp;&nbsp;&nbsp;USB_Resume
<LI><a href="#[166e47c]">&gt;&gt;</a>&nbsp;&nbsp;&nbsp;USB_Suspend
<LI><a href="#[166e530]">&gt;&gt;</a>&nbsp;&nbsp;&nbsp;USB_Reset
<LI><a href="#[166e56c]">&gt;&gt;</a>&nbsp;&nbsp;&nbsp;RdCmdDat
<LI><a href="#[166e620]">&gt;&gt;</a>&nbsp;&nbsp;&nbsp;WrCmd
</UL>
<BR>[Address Reference Count : 1]<UL><LI> startup_lpc17xx.o(RESET)
</UL>
<P><STRONG><a name="[166d180]"></a>MSC_SetStallEP</STRONG> (Thumb, 44 bytes, Stack size 8 bytes, mscuser.o(.text))
<BR><BR>[Stack]<UL><LI>Max Depth = 20<LI>Call Chain = MSC_SetStallEP &rArr; USB_SetStallEP
</UL>
<BR>[Calls]<UL><LI><a href="#[166f340]">&gt;&gt;</a>&nbsp;&nbsp;&nbsp;USB_SetStallEP
</UL>
<BR>[Called By]<UL><LI><a href="#[166cdfc]">&gt;&gt;</a>&nbsp;&nbsp;&nbsp;MSC_GetCBW
<LI><a href="#[166cfa0]">&gt;&gt;</a>&nbsp;&nbsp;&nbsp;MSC_TestUnitReady
<LI><a href="#[166d018]">&gt;&gt;</a>&nbsp;&nbsp;&nbsp;DataInFormat
<LI><a href="#[166d054]">&gt;&gt;</a>&nbsp;&nbsp;&nbsp;MSC_RWSetup
<LI><a href="#[166d090]">&gt;&gt;</a>&nbsp;&nbsp;&nbsp;MSC_MemoryVerify
<LI><a href="#[166d0cc]">&gt;&gt;</a>&nbsp;&nbsp;&nbsp;MSC_MemoryWrite
<LI><a href="#[166d7d4]">&gt;&gt;</a>&nbsp;&nbsp;&nbsp;MSC_BulkOut
<LI><a href="#[166d810]">&gt;&gt;</a>&nbsp;&nbsp;&nbsp;MSC_BulkIn
</UL>

<P><STRONG><a name="[166f64c]"></a>MSC_Reset</STRONG> (Thumb, 26 bytes, Stack size 8 bytes, mscuser.o(.text))
<BR><BR>[Stack]<UL><LI>Max Depth = 16<LI>Call Chain = MSC_Reset &rArr; LED_Off
</UL>
<BR>[Calls]<UL><LI><a href="#[166d888]">&gt;&gt;</a>&nbsp;&nbsp;&nbsp;LED_Off
</UL>
<BR>[Called By]<UL><LI><a href="#[166f82c]">&gt;&gt;</a>&nbsp;&nbsp;&nbsp;USB_EndPoint0
</UL>

<P><STRONG><a name="[166f688]"></a>MSC_GetMaxLUN</STRONG> (Thumb, 10 bytes, Stack size 0 bytes, mscuser.o(.text))
<BR><BR>[Called By]<UL><LI><a href="#[166f82c]">&gt;&gt;</a>&nbsp;&nbsp;&nbsp;USB_EndPoint0
</UL>

<P><STRONG><a name="[166d144]"></a>MSC_MemoryRead</STRONG> (Thumb, 124 bytes, Stack size 8 bytes, mscuser.o(.text))
<BR><BR>[Stack]<UL><LI>Max Depth = 36<LI>Call Chain = MSC_MemoryRead &rArr; USB_WriteEP &rArr; WrCmdEP
</UL>
<BR>[Calls]<UL><LI><a href="#[166d888]">&gt;&gt;</a>&nbsp;&nbsp;&nbsp;LED_Off
<LI><a href="#[166f28c]">&gt;&gt;</a>&nbsp;&nbsp;&nbsp;USB_WriteEP
</UL>
<BR>[Called By]<UL><LI><a href="#[166cdfc]">&gt;&gt;</a>&nbsp;&nbsp;&nbsp;MSC_GetCBW
<LI><a href="#[166d810]">&gt;&gt;</a>&nbsp;&nbsp;&nbsp;MSC_BulkIn
</UL>

<P><STRONG><a name="[166d108]"></a>MSC_SetCSW</STRONG> (Thumb, 24 bytes, Stack size 8 bytes, mscuser.o(.text))
<BR><BR>[Stack]<UL><LI>Max Depth = 36<LI>Call Chain = MSC_SetCSW &rArr; USB_WriteEP &rArr; WrCmdEP
</UL>
<BR>[Calls]<UL><LI><a href="#[166f28c]">&gt;&gt;</a>&nbsp;&nbsp;&nbsp;USB_WriteEP
</UL>
<BR>[Called By]<UL><LI><a href="#[166cdfc]">&gt;&gt;</a>&nbsp;&nbsp;&nbsp;MSC_GetCBW
<LI><a href="#[166cfa0]">&gt;&gt;</a>&nbsp;&nbsp;&nbsp;MSC_TestUnitReady
<LI><a href="#[166d018]">&gt;&gt;</a>&nbsp;&nbsp;&nbsp;DataInFormat
<LI><a href="#[166d054]">&gt;&gt;</a>&nbsp;&nbsp;&nbsp;MSC_RWSetup
<LI><a href="#[166d090]">&gt;&gt;</a>&nbsp;&nbsp;&nbsp;MSC_MemoryVerify
<LI><a href="#[166d0cc]">&gt;&gt;</a>&nbsp;&nbsp;&nbsp;MSC_MemoryWrite
<LI><a href="#[166d7d4]">&gt;&gt;</a>&nbsp;&nbsp;&nbsp;MSC_BulkOut
<LI><a href="#[166d810]">&gt;&gt;</a>&nbsp;&nbsp;&nbsp;MSC_BulkIn
</UL>

<P><STRONG><a name="[166d0cc]"></a>MSC_MemoryWrite</STRONG> (Thumb, 142 bytes, Stack size 8 bytes, mscuser.o(.text))
<BR><BR>[Stack]<UL><LI>Max Depth = 44<LI>Call Chain = MSC_MemoryWrite &rArr; MSC_SetCSW &rArr; USB_WriteEP &rArr; WrCmdEP
</UL>
<BR>[Calls]<UL><LI><a href="#[166d108]">&gt;&gt;</a>&nbsp;&nbsp;&nbsp;MSC_SetCSW
<LI><a href="#[166d180]">&gt;&gt;</a>&nbsp;&nbsp;&nbsp;MSC_SetStallEP
<LI><a href="#[166d888]">&gt;&gt;</a>&nbsp;&nbsp;&nbsp;LED_Off
</UL>
<BR>[Called By]<UL><LI><a href="#[166d7d4]">&gt;&gt;</a>&nbsp;&nbsp;&nbsp;MSC_BulkOut
</UL>

<P><STRONG><a name="[166d090]"></a>MSC_MemoryVerify</STRONG> (Thumb, 160 bytes, Stack size 8 bytes, mscuser.o(.text))
<BR><BR>[Stack]<UL><LI>Max Depth = 44<LI>Call Chain = MSC_MemoryVerify &rArr; MSC_SetCSW &rArr; USB_WriteEP &rArr; WrCmdEP
</UL>
<BR>[Calls]<UL><LI><a href="#[166d108]">&gt;&gt;</a>&nbsp;&nbsp;&nbsp;MSC_SetCSW
<LI><a href="#[166d180]">&gt;&gt;</a>&nbsp;&nbsp;&nbsp;MSC_SetStallEP
</UL>
<BR>[Called By]<UL><LI><a href="#[166d7d4]">&gt;&gt;</a>&nbsp;&nbsp;&nbsp;MSC_BulkOut
</UL>

<P><STRONG><a name="[166d054]"></a>MSC_RWSetup</STRONG> (Thumb, 200 bytes, Stack size 8 bytes, mscuser.o(.text))
<BR><BR>[Stack]<UL><LI>Max Depth = 44<LI>Call Chain = MSC_RWSetup &rArr; MSC_SetCSW &rArr; USB_WriteEP &rArr; WrCmdEP
</UL>
<BR>[Calls]<UL><LI><a href="#[166d108]">&gt;&gt;</a>&nbsp;&nbsp;&nbsp;MSC_SetCSW
<LI><a href="#[166d180]">&gt;&gt;</a>&nbsp;&nbsp;&nbsp;MSC_SetStallEP
</UL>
<BR>[Called By]<UL><LI><a href="#[166cdfc]">&gt;&gt;</a>&nbsp;&nbsp;&nbsp;MSC_GetCBW
</UL>

<P><STRONG><a name="[166d018]"></a>DataInFormat</STRONG> (Thumb, 56 bytes, Stack size 8 bytes, mscuser.o(.text))
<BR><BR>[Stack]<UL><LI>Max Depth = 44<LI>Call Chain = DataInFormat &rArr; MSC_SetCSW &rArr; USB_WriteEP &rArr; WrCmdEP
</UL>
<BR>[Calls]<UL><LI><a href="#[166d108]">&gt;&gt;</a>&nbsp;&nbsp;&nbsp;MSC_SetCSW
<LI><a href="#[166d180]">&gt;&gt;</a>&nbsp;&nbsp;&nbsp;MSC_SetStallEP
</UL>
<BR>[Called By]<UL><LI><a href="#[166ce38]">&gt;&gt;</a>&nbsp;&nbsp;&nbsp;MSC_ReadFormatCapacity
<LI><a href="#[166ce74]">&gt;&gt;</a>&nbsp;&nbsp;&nbsp;MSC_ReadCapacity
<LI><a href="#[166ceb0]">&gt;&gt;</a>&nbsp;&nbsp;&nbsp;MSC_ModeSense10
<LI><a href="#[166ceec]">&gt;&gt;</a>&nbsp;&nbsp;&nbsp;MSC_ModeSense6
<LI><a href="#[166cf28]">&gt;&gt;</a>&nbsp;&nbsp;&nbsp;MSC_Inquiry
<LI><a href="#[166cf64]">&gt;&gt;</a>&nbsp;&nbsp;&nbsp;MSC_RequestSense
</UL>

<P><STRONG><a name="[166cfdc]"></a>DataInTransfer</STRONG> (Thumb, 68 bytes, Stack size 8 bytes, mscuser.o(.text))
<BR><BR>[Stack]<UL><LI>Max Depth = 36<LI>Call Chain = DataInTransfer &rArr; USB_WriteEP &rArr; WrCmdEP
</UL>
<BR>[Calls]<UL><LI><a href="#[166f28c]">&gt;&gt;</a>&nbsp;&nbsp;&nbsp;USB_WriteEP
</UL>
<BR>[Called By]<UL><LI><a href="#[166ce38]">&gt;&gt;</a>&nbsp;&nbsp;&nbsp;MSC_ReadFormatCapacity
<LI><a href="#[166ce74]">&gt;&gt;</a>&nbsp;&nbsp;&nbsp;MSC_ReadCapacity
<LI><a href="#[166ceb0]">&gt;&gt;</a>&nbsp;&nbsp;&nbsp;MSC_ModeSense10
<LI><a href="#[166ceec]">&gt;&gt;</a>&nbsp;&nbsp;&nbsp;MSC_ModeSense6
<LI><a href="#[166cf28]">&gt;&gt;</a>&nbsp;&nbsp;&nbsp;MSC_Inquiry
<LI><a href="#[166cf64]">&gt;&gt;</a>&nbsp;&nbsp;&nbsp;MSC_RequestSense
</UL>

<P><STRONG><a name="[166cfa0]"></a>MSC_TestUnitReady</STRONG> (Thumb, 44 bytes, Stack size 8 bytes, mscuser.o(.text))
<BR><BR>[Stack]<UL><LI>Max Depth = 44<LI>Call Chain = MSC_TestUnitReady &rArr; MSC_SetCSW &rArr; USB_WriteEP &rArr; WrCmdEP
</UL>
<BR>[Calls]<UL><LI><a href="#[166d108]">&gt;&gt;</a>&nbsp;&nbsp;&nbsp;MSC_SetCSW
<LI><a href="#[166d180]">&gt;&gt;</a>&nbsp;&nbsp;&nbsp;MSC_SetStallEP
</UL>
<BR>[Called By]<UL><LI><a href="#[166cdfc]">&gt;&gt;</a>&nbsp;&nbsp;&nbsp;MSC_GetCBW
</UL>

<P><STRONG><a name="[166cf64]"></a>MSC_RequestSense</STRONG> (Thumb, 78 bytes, Stack size 8 bytes, mscuser.o(.text))
<BR><BR>[Stack]<UL><LI>Max Depth = 52<LI>Call Chain = MSC_RequestSense &rArr; DataInFormat &rArr; MSC_SetCSW &rArr; USB_WriteEP &rArr; WrCmdEP
</UL>
<BR>[Calls]<UL><LI><a href="#[166cfdc]">&gt;&gt;</a>&nbsp;&nbsp;&nbsp;DataInTransfer
<LI><a href="#[166d018]">&gt;&gt;</a>&nbsp;&nbsp;&nbsp;DataInFormat
</UL>
<BR>[Called By]<UL><LI><a href="#[166cdfc]">&gt;&gt;</a>&nbsp;&nbsp;&nbsp;MSC_GetCBW
</UL>

<P><STRONG><a name="[166cf28]"></a>MSC_Inquiry</STRONG> (Thumb, 220 bytes, Stack size 8 bytes, mscuser.o(.text))
<BR><BR>[Stack]<UL><LI>Max Depth = 52<LI>Call Chain = MSC_Inquiry &rArr; DataInFormat &rArr; MSC_SetCSW &rArr; USB_WriteEP &rArr; WrCmdEP
</UL>
<BR>[Calls]<UL><LI><a href="#[166cfdc]">&gt;&gt;</a>&nbsp;&nbsp;&nbsp;DataInTransfer
<LI><a href="#[166d018]">&gt;&gt;</a>&nbsp;&nbsp;&nbsp;DataInFormat
</UL>
<BR>[Called By]<UL><LI><a href="#[166cdfc]">&gt;&gt;</a>&nbsp;&nbsp;&nbsp;MSC_GetCBW
</UL>

<P><STRONG><a name="[166ceec]"></a>MSC_ModeSense6</STRONG> (Thumb, 36 bytes, Stack size 8 bytes, mscuser.o(.text))
<BR><BR>[Stack]<UL><LI>Max Depth = 52<LI>Call Chain = MSC_ModeSense6 &rArr; DataInFormat &rArr; MSC_SetCSW &rArr; USB_WriteEP &rArr; WrCmdEP
</UL>
<BR>[Calls]<UL><LI><a href="#[166cfdc]">&gt;&gt;</a>&nbsp;&nbsp;&nbsp;DataInTransfer
<LI><a href="#[166d018]">&gt;&gt;</a>&nbsp;&nbsp;&nbsp;DataInFormat
</UL>
<BR>[Called By]<UL><LI><a href="#[166cdfc]">&gt;&gt;</a>&nbsp;&nbsp;&nbsp;MSC_GetCBW
</UL>

<P><STRONG><a name="[166ceb0]"></a>MSC_ModeSense10</STRONG> (Thumb, 46 bytes, Stack size 8 bytes, mscuser.o(.text))
<BR><BR>[Stack]<UL><LI>Max Depth = 52<LI>Call Chain = MSC_ModeSense10 &rArr; DataInFormat &rArr; MSC_SetCSW &rArr; USB_WriteEP &rArr; WrCmdEP
</UL>
<BR>[Calls]<UL><LI><a href="#[166cfdc]">&gt;&gt;</a>&nbsp;&nbsp;&nbsp;DataInTransfer
<LI><a href="#[166d018]">&gt;&gt;</a>&nbsp;&nbsp;&nbsp;DataInFormat
</UL>
<BR>[Called By]<UL><LI><a href="#[166cdfc]">&gt;&gt;</a>&nbsp;&nbsp;&nbsp;MSC_GetCBW
</UL>

<P><STRONG><a name="[166ce74]"></a>MSC_ReadCapacity</STRONG> (Thumb, 50 bytes, Stack size 8 bytes, mscuser.o(.text))
<BR><BR>[Stack]<UL><LI>Max Depth = 52<LI>Call Chain = MSC_ReadCapacity &rArr; DataInFormat &rArr; MSC_SetCSW &rArr; USB_WriteEP &rArr; WrCmdEP
</UL>
<BR>[Calls]<UL><LI><a href="#[166cfdc]">&gt;&gt;</a>&nbsp;&nbsp;&nbsp;DataInTransfer
<LI><a href="#[166d018]">&gt;&gt;</a>&nbsp;&nbsp;&nbsp;DataInFormat
</UL>
<BR>[Called By]<UL><LI><a href="#[166cdfc]">&gt;&gt;</a>&nbsp;&nbsp;&nbsp;MSC_GetCBW
</UL>

<P><STRONG><a name="[166ce38]"></a>MSC_ReadFormatCapacity</STRONG> (Thumb, 64 bytes, Stack size 8 bytes, mscuser.o(.text))
<BR><BR>[Stack]<UL><LI>Max Depth = 52<LI>Call Chain = MSC_ReadFormatCapacity &rArr; DataInFormat &rArr; MSC_SetCSW &rArr; USB_WriteEP &rArr; WrCmdEP
</UL>
<BR>[Calls]<UL><LI><a href="#[166cfdc]">&gt;&gt;</a>&nbsp;&nbsp;&nbsp;DataInTransfer
<LI><a href="#[166d018]">&gt;&gt;</a>&nbsp;&nbsp;&nbsp;DataInFormat
</UL>
<BR>[Called By]<UL><LI><a href="#[166cdfc]">&gt;&gt;</a>&nbsp;&nbsp;&nbsp;MSC_GetCBW
</UL>

<P><STRONG><a name="[166cdfc]"></a>MSC_GetCBW</STRONG> (Thumb, 452 bytes, Stack size 8 bytes, mscuser.o(.text))
<BR><BR>[Stack]<UL><LI>Max Depth = 60<LI>Call Chain = MSC_GetCBW &rArr; MSC_ReadFormatCapacity &rArr; DataInFormat &rArr; MSC_SetCSW &rArr; USB_WriteEP &rArr; WrCmdEP
</UL>
<BR>[Calls]<UL><LI><a href="#[166ce38]">&gt;&gt;</a>&nbsp;&nbsp;&nbsp;MSC_ReadFormatCapacity
<LI><a href="#[166ce74]">&gt;&gt;</a>&nbsp;&nbsp;&nbsp;MSC_ReadCapacity
<LI><a href="#[166ceb0]">&gt;&gt;</a>&nbsp;&nbsp;&nbsp;MSC_ModeSense10
<LI><a href="#[166ceec]">&gt;&gt;</a>&nbsp;&nbsp;&nbsp;MSC_ModeSense6
<LI><a href="#[166cf28]">&gt;&gt;</a>&nbsp;&nbsp;&nbsp;MSC_Inquiry
<LI><a href="#[166cf64]">&gt;&gt;</a>&nbsp;&nbsp;&nbsp;MSC_RequestSense
<LI><a href="#[166cfa0]">&gt;&gt;</a>&nbsp;&nbsp;&nbsp;MSC_TestUnitReady
<LI><a href="#[166d054]">&gt;&gt;</a>&nbsp;&nbsp;&nbsp;MSC_RWSetup
<LI><a href="#[166d108]">&gt;&gt;</a>&nbsp;&nbsp;&nbsp;MSC_SetCSW
<LI><a href="#[166d144]">&gt;&gt;</a>&nbsp;&nbsp;&nbsp;MSC_MemoryRead
<LI><a href="#[166d180]">&gt;&gt;</a>&nbsp;&nbsp;&nbsp;MSC_SetStallEP
<LI><a href="#[166d84c]">&gt;&gt;</a>&nbsp;&nbsp;&nbsp;LED_On
</UL>
<BR>[Called By]<UL><LI><a href="#[166d7d4]">&gt;&gt;</a>&nbsp;&nbsp;&nbsp;MSC_BulkOut
</UL>

<P><STRONG><a name="[166d810]"></a>MSC_BulkIn</STRONG> (Thumb, 80 bytes, Stack size 8 bytes, mscuser.o(.text))
<BR><BR>[Stack]<UL><LI>Max Depth = 44<LI>Call Chain = MSC_BulkIn &rArr; MSC_SetCSW &rArr; USB_WriteEP &rArr; WrCmdEP
</UL>
<BR>[Calls]<UL><LI><a href="#[166d108]">&gt;&gt;</a>&nbsp;&nbsp;&nbsp;MSC_SetCSW
<LI><a href="#[166d144]">&gt;&gt;</a>&nbsp;&nbsp;&nbsp;MSC_MemoryRead
<LI><a href="#[166d180]">&gt;&gt;</a>&nbsp;&nbsp;&nbsp;MSC_SetStallEP
</UL>
<BR>[Called By]<UL><LI><a href="#[166dbd0]">&gt;&gt;</a>&nbsp;&nbsp;&nbsp;USB_EndPoint2
</UL>

<P><STRONG><a name="[166d7d4]"></a>MSC_BulkOut</STRONG> (Thumb, 96 bytes, Stack size 8 bytes, mscuser.o(.text))
<BR><BR>[Stack]<UL><LI>Max Depth = 68<LI>Call Chain = MSC_BulkOut &rArr; MSC_GetCBW &rArr; MSC_ReadFormatCapacity &rArr; DataInFormat &rArr; MSC_SetCSW &rArr; USB_WriteEP &rArr; WrCmdEP
</UL>
<BR>[Calls]<UL><LI><a href="#[166cdfc]">&gt;&gt;</a>&nbsp;&nbsp;&nbsp;MSC_GetCBW
<LI><a href="#[166d090]">&gt;&gt;</a>&nbsp;&nbsp;&nbsp;MSC_MemoryVerify
<LI><a href="#[166d0cc]">&gt;&gt;</a>&nbsp;&nbsp;&nbsp;MSC_MemoryWrite
<LI><a href="#[166d108]">&gt;&gt;</a>&nbsp;&nbsp;&nbsp;MSC_SetCSW
<LI><a href="#[166d180]">&gt;&gt;</a>&nbsp;&nbsp;&nbsp;MSC_SetStallEP
<LI><a href="#[166f3f4]">&gt;&gt;</a>&nbsp;&nbsp;&nbsp;USB_ReadEP
</UL>
<BR>[Called By]<UL><LI><a href="#[166dbd0]">&gt;&gt;</a>&nbsp;&nbsp;&nbsp;USB_EndPoint2
</UL>

<P><STRONG><a name="[166f7f0]"></a>USB_ReqGetDescriptor</STRONG> (Thumb, 162 bytes, Stack size 8 bytes, usbcore.o(i.USB_ReqGetDescriptor))
<BR><BR>[Stack]<UL><LI>Max Depth = 8<LI>Call Chain = USB_ReqGetDescriptor
</UL>
<BR>[Called By]<UL><LI><a href="#[166f82c]">&gt;&gt;</a>&nbsp;&nbsp;&nbsp;USB_EndPoint0
</UL>

<P><STRONG><a name="[166f7b4]"></a>USB_ReqGetStatus</STRONG> (Thumb, 160 bytes, Stack size 0 bytes, usbcore.o(i.USB_ReqGetStatus))
<BR><BR>[Called By]<UL><LI><a href="#[166f82c]">&gt;&gt;</a>&nbsp;&nbsp;&nbsp;USB_EndPoint0
</UL>

<P><STRONG><a name="[166f778]"></a>USB_ReqSetClrFeature</STRONG> (Thumb, 244 bytes, Stack size 16 bytes, usbcore.o(i.USB_ReqSetClrFeature))
<BR><BR>[Stack]<UL><LI>Max Depth = 44<LI>Call Chain = USB_ReqSetClrFeature &rArr; USB_WriteEP &rArr; WrCmdEP
</UL>
<BR>[Calls]<UL><LI><a href="#[166f28c]">&gt;&gt;</a>&nbsp;&nbsp;&nbsp;USB_WriteEP
<LI><a href="#[166f2c8]">&gt;&gt;</a>&nbsp;&nbsp;&nbsp;USB_WakeUpCfg
<LI><a href="#[166f340]">&gt;&gt;</a>&nbsp;&nbsp;&nbsp;USB_SetStallEP
<LI><a href="#[166f610]">&gt;&gt;</a>&nbsp;&nbsp;&nbsp;USB_ClrStallEP
</UL>
<BR>[Called By]<UL><LI><a href="#[166f82c]">&gt;&gt;</a>&nbsp;&nbsp;&nbsp;USB_EndPoint0
</UL>

<P><STRONG><a name="[166f73c]"></a>USB_ReqSetConfiguration</STRONG> (Thumb, 402 bytes, Stack size 24 bytes, usbcore.o(i.USB_ReqSetConfiguration))
<BR><BR>[Stack]<UL><LI>Max Depth = 36<LI>Call Chain = USB_ReqSetConfiguration &rArr; USB_ResetEP
</UL>
<BR>[Calls]<UL><LI><a href="#[166f3b8]">&gt;&gt;</a>&nbsp;&nbsp;&nbsp;USB_ResetEP
<LI><a href="#[166f430]">&gt;&gt;</a>&nbsp;&nbsp;&nbsp;USB_EnableEP
<LI><a href="#[166f46c]">&gt;&gt;</a>&nbsp;&nbsp;&nbsp;USB_DisableEP
<LI><a href="#[166f55c]">&gt;&gt;</a>&nbsp;&nbsp;&nbsp;USB_Configure
<LI><a href="#[166f598]">&gt;&gt;</a>&nbsp;&nbsp;&nbsp;USB_ConfigEP
</UL>
<BR>[Called By]<UL><LI><a href="#[166f82c]">&gt;&gt;</a>&nbsp;&nbsp;&nbsp;USB_EndPoint0
</UL>

<P><STRONG><a name="[166f700]"></a>USB_ReqSetInterface</STRONG> (Thumb, 282 bytes, Stack size 40 bytes, usbcore.o(i.USB_ReqSetInterface))
<BR><BR>[Stack]<UL><LI>Max Depth = 52<LI>Call Chain = USB_ReqSetInterface &rArr; USB_ResetEP
</UL>
<BR>[Calls]<UL><LI><a href="#[166f3b8]">&gt;&gt;</a>&nbsp;&nbsp;&nbsp;USB_ResetEP
<LI><a href="#[166f430]">&gt;&gt;</a>&nbsp;&nbsp;&nbsp;USB_EnableEP
<LI><a href="#[166f46c]">&gt;&gt;</a>&nbsp;&nbsp;&nbsp;USB_DisableEP
<LI><a href="#[166f598]">&gt;&gt;</a>&nbsp;&nbsp;&nbsp;USB_ConfigEP
</UL>
<BR>[Called By]<UL><LI><a href="#[166f82c]">&gt;&gt;</a>&nbsp;&nbsp;&nbsp;USB_EndPoint0
</UL>
<P>
<H3>
Local Symbols
</H3><P>
<H3>
Undefined Global Symbols
</H3><HR></body></html>
