<html>
<body>
<pre>
<h1>µVision Build Log</h1>
<h2>Project:</h2>
G:\filme board\lpc1768\Example\I2S\LandTiger_I2S.uvproj
Project File Date:  01/04/2011

<h2>Output:</h2>
Build target 'LandTiger_I2S'
compiling core_cm3.c...
compiling system_LPC17xx.c...
assembling startup_LPC17xx.s...
compiling dma.c...
compiling i2s.c...
compiling i2stest.c...
linking...
Program Size: Code=1960 RO-data=228 RW-data=44 ZI-data=612  
FromELF: creating hex file...
".\Obj\LandTiger_I2S.axf" - 0 Error(s), 0 Warning(s).
