<html>
<body>
<pre>
<h1>µVision Build Log</h1>
<h2>Project:</h2>
G:\filme board\lpc1768\Example\USBHID\HID.uvproj
Project File Date:  <unknown>

<h2>Output:</h2>
Build target 'MCB1700'
assembling startup_LPC17xx.s...
compiling system_LPC17xx.c...
compiling usbcore.c...
compiling usbdesc.c...
compiling usbhw.c...
compiling usbuser.c...
compiling hiduser.c...
compiling demo.c...
linking...
Program Size: Code=5004 RO-data=492 RW-data=88 ZI-data=512  
FromELF: creating hex file...
".\Obj\HID.axf" - 0 Error(s), 0 Warning(s).
