ARM Linker, RVCT4.0 [Build 728] [Standard]

==============================================================================

Section Cross References

    startup_lpc17xx.o(STACK) refers (Special) to heapauxi.o(.text) for __use_two_region_memory
    startup_lpc17xx.o(HEAP) refers (Special) to heapauxi.o(.text) for __use_two_region_memory
    startup_lpc17xx.o(RESET) refers (Special) to heapauxi.o(.text) for __use_two_region_memory
    startup_lpc17xx.o(RESET) refers to startup_lpc17xx.o(STACK) for __initial_sp
    startup_lpc17xx.o(RESET) refers to startup_lpc17xx.o(.text) for Reset_Handler
    startup_lpc17xx.o(RESET) refers to usbdmain.o(.text) for TIMER0_IRQHandler
    startup_lpc17xx.o(RESET) refers to usbhw.o(.text) for USB_IRQHandler
    startup_lpc17xx.o(.ARM.__at_0x02FC) refers (Special) to heapauxi.o(.text) for __use_two_region_memory
    startup_lpc17xx.o(.text) refers (Special) to heapauxi.o(.text) for __use_two_region_memory
    startup_lpc17xx.o(.text) refers to __main.o(!!!main) for __main
    startup_lpc17xx.o(.text) refers to startup_lpc17xx.o(HEAP) for Heap_Mem
    startup_lpc17xx.o(.text) refers to startup_lpc17xx.o(STACK) for Stack_Mem
    system_lpc17xx.o(.text) refers to system_lpc17xx.o(.data) for SystemFrequency
    usbuser.o(.text) refers to usbcore.o(.text) for USB_ResetCore
    usbuser.o(.text) refers to usbhw.o(.text) for USB_DMA_BufAdr
    usbuser.o(.text) refers to usbdmain.o(.data) for DataBuf
    usbuser.o(.constdata) refers to usbcore.o(.text) for USB_EndPoint0
    usbuser.o(.constdata) refers to usbuser.o(.text) for USB_EndPoint3
    usbcore.o(.text) refers to usbhw.o(.text) for USB_ReadEP
    usbcore.o(.text) refers to usbcore.o(i.USB_ReqGetStatus) for USB_ReqGetStatus
    usbcore.o(.text) refers to usbcore.o(i.USB_ReqSetClrFeature) for USB_ReqSetClrFeature
    usbcore.o(.text) refers to usbcore.o(i.USB_ReqGetDescriptor) for USB_ReqGetDescriptor
    usbcore.o(.text) refers to usbcore.o(i.USB_ReqSetConfiguration) for USB_ReqSetConfiguration
    usbcore.o(.text) refers to usbcore.o(i.USB_ReqSetInterface) for USB_ReqSetInterface
    usbcore.o(.text) refers to adcuser.o(.text) for ADC_IF_GetRequest
    usbcore.o(.text) refers to usbcore.o(.data) for USB_DeviceStatus
    usbcore.o(.text) refers to usbcore.o(.bss) for EP0Buf
    usbdmain.o(.text) refers to system_lpc17xx.o(.text) for SystemInit
    usbdmain.o(.text) refers to usbhw.o(.text) for USB_Init
    usbdmain.o(.text) refers to usbdmain.o(.data) for PotVal
    usbdmain.o(.text) refers to adcuser.o(.data) for VolCur
    usbdmain.o(.text) refers to system_lpc17xx.o(.data) for SystemFrequency
    usbhw.o(.text) refers to usbhw.o(.data) for DDMemMap
    usbhw.o(.text) refers to usbhw.o(.bss) for udca
    usbhw.o(.text) refers to usbhw.o(USB_RAM) for UDCA
    usbhw.o(.text) refers to usbcore.o(.data) for USB_DeviceStatus
    usbhw.o(.text) refers to usbuser.o(.text) for USB_Reset_Event
    usbhw.o(.text) refers to usbhw.o(.constdata) for DDAdr
    usbhw.o(.text) refers to usbuser.o(.constdata) for USB_P_EP
    adcuser.o(.text) refers to usbcore.o(.data) for SetupPacket
    adcuser.o(.text) refers to usbdmain.o(.data) for Mute
    adcuser.o(.text) refers to usbcore.o(.bss) for EP0Buf
    adcuser.o(.text) refers to adcuser.o(.data) for VolCur
    __main.o(!!!main) refers to rtentry.o(.ARM.Collect$$rtentry$$00000000) for __rt_entry
    rtentry.o(.ARM.Collect$$rtentry$$00000000) refers (Special) to rtentry2.o(.ARM.Collect$$rtentry$$0000000A) for __rt_entry_li
    rtentry.o(.ARM.Collect$$rtentry$$00000000) refers (Special) to rtentry2.o(.ARM.Collect$$rtentry$$0000000D) for __rt_entry_main
    rtentry.o(.ARM.Collect$$rtentry$$00000000) refers (Special) to rtentry2.o(.ARM.Collect$$rtentry$$0000000C) for __rt_entry_postli_1
    rtentry.o(.ARM.Collect$$rtentry$$00000000) refers (Special) to rtentry2.o(.ARM.Collect$$rtentry$$00000009) for __rt_entry_postsh_1
    rtentry.o(.ARM.Collect$$rtentry$$00000000) refers (Special) to rtentry2.o(.ARM.Collect$$rtentry$$00000002) for __rt_entry_presh_1
    rtentry.o(.ARM.Collect$$rtentry$$00000000) refers (Special) to rtentry4.o(.ARM.Collect$$rtentry$$00000004) for __rt_entry_sh
    rtentry.o(.ARM.exidx) refers (Special) to rtentry2.o(.ARM.Collect$$rtentry$$0000000A) for __rt_entry_li
    rtentry.o(.ARM.exidx) refers (Special) to rtentry2.o(.ARM.Collect$$rtentry$$0000000D) for __rt_entry_main
    rtentry.o(.ARM.exidx) refers (Special) to rtentry2.o(.ARM.Collect$$rtentry$$0000000C) for __rt_entry_postli_1
    rtentry.o(.ARM.exidx) refers (Special) to rtentry2.o(.ARM.Collect$$rtentry$$00000009) for __rt_entry_postsh_1
    rtentry.o(.ARM.exidx) refers (Special) to rtentry2.o(.ARM.Collect$$rtentry$$00000002) for __rt_entry_presh_1
    rtentry.o(.ARM.exidx) refers (Special) to rtentry4.o(.ARM.Collect$$rtentry$$00000004) for __rt_entry_sh
    rtentry.o(.ARM.exidx) refers to rtentry.o(.ARM.Collect$$rtentry$$00000000) for .ARM.Collect$$rtentry$$00000000
    rtentry2.o(.ARM.Collect$$rtentry$$00000008) refers to boardinit2.o(.text) for _platform_post_stackheap_init
    rtentry2.o(.ARM.Collect$$rtentry$$0000000A) refers to libinit.o(.ARM.Collect$$libinit$$00000000) for __rt_lib_init
    rtentry2.o(.ARM.Collect$$rtentry$$0000000B) refers to boardinit3.o(.text) for _platform_post_lib_init
    rtentry2.o(.ARM.Collect$$rtentry$$0000000D) refers to usbdmain.o(.text) for main
    rtentry2.o(.ARM.Collect$$rtentry$$0000000D) refers to exit.o(.text) for exit
    rtentry2.o(.ARM.exidx) refers to rtentry2.o(.ARM.Collect$$rtentry$$00000001) for .ARM.Collect$$rtentry$$00000001
    rtentry2.o(.ARM.exidx) refers to rtentry2.o(.ARM.Collect$$rtentry$$00000002) for .ARM.Collect$$rtentry$$00000002
    rtentry2.o(.ARM.exidx) refers to rtentry2.o(.ARM.Collect$$rtentry$$00000008) for .ARM.Collect$$rtentry$$00000008
    rtentry2.o(.ARM.exidx) refers to rtentry2.o(.ARM.Collect$$rtentry$$00000009) for .ARM.Collect$$rtentry$$00000009
    rtentry2.o(.ARM.exidx) refers to rtentry2.o(.ARM.Collect$$rtentry$$0000000A) for .ARM.Collect$$rtentry$$0000000A
    rtentry2.o(.ARM.exidx) refers to rtentry2.o(.ARM.Collect$$rtentry$$0000000B) for .ARM.Collect$$rtentry$$0000000B
    rtentry2.o(.ARM.exidx) refers to rtentry2.o(.ARM.Collect$$rtentry$$0000000C) for .ARM.Collect$$rtentry$$0000000C
    rtentry2.o(.ARM.exidx) refers to rtentry2.o(.ARM.Collect$$rtentry$$0000000D) for .ARM.Collect$$rtentry$$0000000D
    rtentry4.o(.ARM.Collect$$rtentry$$00000004) refers to sys_stackheap_outer.o(.text) for __user_setup_stackheap
    rtentry4.o(.ARM.exidx) refers to rtentry4.o(.ARM.Collect$$rtentry$$00000004) for .ARM.Collect$$rtentry$$00000004
    sys_stackheap_outer.o(.text) refers to libspace.o(.text) for __user_perproc_libspace
    sys_stackheap_outer.o(.text) refers to startup_lpc17xx.o(.text) for __user_initial_stackheap
    exit.o(.text) refers to rtexit.o(.ARM.Collect$$rtexit$$00000000) for __rt_exit
    libinit.o(.ARM.Collect$$libinit$$00000000) refers (Special) to libinit2.o(.ARM.Collect$$libinit$$0000002A) for __rt_lib_init_alloca_1
    libinit.o(.ARM.Collect$$libinit$$00000000) refers (Special) to libinit2.o(.ARM.Collect$$libinit$$00000028) for __rt_lib_init_argv_1
    libinit.o(.ARM.Collect$$libinit$$00000000) refers (Special) to libinit2.o(.ARM.Collect$$libinit$$00000017) for __rt_lib_init_atexit_1
    libinit.o(.ARM.Collect$$libinit$$00000000) refers (Special) to libinit2.o(.ARM.Collect$$libinit$$0000001D) for __rt_lib_init_clock_1
    libinit.o(.ARM.Collect$$libinit$$00000000) refers (Special) to libinit2.o(.ARM.Collect$$libinit$$0000002E) for __rt_lib_init_cpp_1
    libinit.o(.ARM.Collect$$libinit$$00000000) refers (Special) to libinit2.o(.ARM.Collect$$libinit$$0000002C) for __rt_lib_init_exceptions_1
    libinit.o(.ARM.Collect$$libinit$$00000000) refers (Special) to libinit2.o(.ARM.Collect$$libinit$$0000001B) for __rt_lib_init_fp_trap_1
    libinit.o(.ARM.Collect$$libinit$$00000000) refers (Special) to libinit2.o(.ARM.Collect$$libinit$$0000001F) for __rt_lib_init_getenv_1
    libinit.o(.ARM.Collect$$libinit$$00000000) refers (Special) to libinit2.o(.ARM.Collect$$libinit$$00000006) for __rt_lib_init_heap_1
    libinit.o(.ARM.Collect$$libinit$$00000000) refers (Special) to libinit2.o(.ARM.Collect$$libinit$$0000000D) for __rt_lib_init_lc_collate_1
    libinit.o(.ARM.Collect$$libinit$$00000000) refers (Special) to libinit2.o(.ARM.Collect$$libinit$$0000000F) for __rt_lib_init_lc_ctype_1
    libinit.o(.ARM.Collect$$libinit$$00000000) refers (Special) to libinit2.o(.ARM.Collect$$libinit$$00000011) for __rt_lib_init_lc_monetary_1
    libinit.o(.ARM.Collect$$libinit$$00000000) refers (Special) to libinit2.o(.ARM.Collect$$libinit$$00000013) for __rt_lib_init_lc_numeric_1
    libinit.o(.ARM.Collect$$libinit$$00000000) refers (Special) to libinit2.o(.ARM.Collect$$libinit$$00000015) for __rt_lib_init_lc_time_1
    libinit.o(.ARM.Collect$$libinit$$00000000) refers (Special) to libinit2.o(.ARM.Collect$$libinit$$0000000A) for __rt_lib_init_rand_1
    libinit.o(.ARM.Collect$$libinit$$00000000) refers (Special) to libinit2.o(.ARM.Collect$$libinit$$0000002F) for __rt_lib_init_return
    libinit.o(.ARM.Collect$$libinit$$00000000) refers (Special) to libinit2.o(.ARM.Collect$$libinit$$00000019) for __rt_lib_init_signal_1
    libinit.o(.ARM.Collect$$libinit$$00000000) refers (Special) to libinit2.o(.ARM.Collect$$libinit$$00000021) for __rt_lib_init_stdio_1
    libinit.o(.ARM.Collect$$libinit$$00000000) refers (Special) to libinit2.o(.ARM.Collect$$libinit$$00000008) for __rt_lib_init_user_alloc_1
    libinit.o(.ARM.Collect$$libinit$$00000000) refers to fpinit.o(x$fpl$fpinit) for _fp_init
    libspace.o(.text) refers to libspace.o(.bss) for __libspace_start
    rtexit.o(.ARM.Collect$$rtexit$$00000000) refers (Special) to rtexit2.o(.ARM.Collect$$rtexit$$00000004) for __rt_exit_exit
    rtexit.o(.ARM.Collect$$rtexit$$00000000) refers (Special) to rtexit2.o(.ARM.Collect$$rtexit$$00000003) for __rt_exit_ls
    rtexit.o(.ARM.Collect$$rtexit$$00000000) refers (Special) to rtexit2.o(.ARM.Collect$$rtexit$$00000002) for __rt_exit_prels_1
    rtexit.o(.ARM.exidx) refers (Special) to rtexit2.o(.ARM.Collect$$rtexit$$00000004) for __rt_exit_exit
    rtexit.o(.ARM.exidx) refers (Special) to rtexit2.o(.ARM.Collect$$rtexit$$00000003) for __rt_exit_ls
    rtexit.o(.ARM.exidx) refers (Special) to rtexit2.o(.ARM.Collect$$rtexit$$00000002) for __rt_exit_prels_1
    rtexit.o(.ARM.exidx) refers to rtexit.o(.ARM.Collect$$rtexit$$00000000) for .ARM.Collect$$rtexit$$00000000
    libinit2.o(.ARM.Collect$$libinit$$0000000C) refers to libinit2.o(.ARM.Collect$$libinit$$0000000B) for .ARM.Collect$$libinit$$0000000B
    libinit2.o(.ARM.Collect$$libinit$$0000000E) refers to libinit2.o(.ARM.Collect$$libinit$$0000000B) for .ARM.Collect$$libinit$$0000000B
    libinit2.o(.ARM.Collect$$libinit$$00000010) refers to libinit2.o(.ARM.Collect$$libinit$$0000000B) for .ARM.Collect$$libinit$$0000000B
    libinit2.o(.ARM.Collect$$libinit$$00000012) refers to libinit2.o(.ARM.Collect$$libinit$$0000000B) for .ARM.Collect$$libinit$$0000000B
    libinit2.o(.ARM.Collect$$libinit$$00000014) refers to libinit2.o(.ARM.Collect$$libinit$$0000000B) for .ARM.Collect$$libinit$$0000000B
    libinit2.o(.ARM.Collect$$libinit$$00000022) refers to argv_veneer.o(.emb_text) for __ARM_argv_veneer
    libinit2.o(.ARM.Collect$$libinit$$00000023) refers to argv_veneer.o(.emb_text) for __ARM_argv_veneer
    fpinit.o(x$fpl$fpinit) refers to rt_fp_status_addr_intlibspace.o(.text) for __rt_fp_status_addr
    rtexit2.o(.ARM.Collect$$rtexit$$00000003) refers to libshutdown.o(.ARM.Collect$$libshutdown$$00000000) for __rt_lib_shutdown
    rtexit2.o(.ARM.Collect$$rtexit$$00000004) refers to sys_exit.o(.text) for _sys_exit
    rtexit2.o(.ARM.exidx) refers to rtexit2.o(.ARM.Collect$$rtexit$$00000001) for .ARM.Collect$$rtexit$$00000001
    rtexit2.o(.ARM.exidx) refers to rtexit2.o(.ARM.Collect$$rtexit$$00000002) for .ARM.Collect$$rtexit$$00000002
    rtexit2.o(.ARM.exidx) refers to rtexit2.o(.ARM.Collect$$rtexit$$00000003) for .ARM.Collect$$rtexit$$00000003
    rtexit2.o(.ARM.exidx) refers to rtexit2.o(.ARM.Collect$$rtexit$$00000004) for .ARM.Collect$$rtexit$$00000004
    rt_fp_status_addr.o(.text) refers to rt_fp_status_addr.o(.bss) for __rt_fp_status_addr_data
    rt_fp_status_addr_intlibspace.o(.text) refers to libspace.o(.bss) for __libspace_start
    argv_veneer.o(.emb_text) refers to no_argv.o(.text) for __ARM_get_argv
    sys_exit.o(.text) refers to use_no_semi.o(.text) for __I$use$semihosting
    _get_argv_nomalloc.o(.text) refers (Special) to hrguard.o(.text) for __heap_region$guard
    _get_argv_nomalloc.o(.text) refers to defsig_rtmem_outer.o(.text) for __rt_SIGRTMEM
    _get_argv_nomalloc.o(.text) refers to sys_command.o(.text) for _sys_command_string
    libshutdown.o(.ARM.Collect$$libshutdown$$00000000) refers (Special) to libshutdown2.o(.ARM.Collect$$libshutdown$$00000006) for __rt_lib_shutdown_fp_trap_1
    libshutdown.o(.ARM.Collect$$libshutdown$$00000000) refers (Special) to libshutdown2.o(.ARM.Collect$$libshutdown$$0000000E) for __rt_lib_shutdown_heap_1
    libshutdown.o(.ARM.Collect$$libshutdown$$00000000) refers (Special) to libshutdown2.o(.ARM.Collect$$libshutdown$$0000000F) for __rt_lib_shutdown_return
    libshutdown.o(.ARM.Collect$$libshutdown$$00000000) refers (Special) to libshutdown2.o(.ARM.Collect$$libshutdown$$00000009) for __rt_lib_shutdown_signal_1
    libshutdown.o(.ARM.Collect$$libshutdown$$00000000) refers (Special) to libshutdown2.o(.ARM.Collect$$libshutdown$$00000003) for __rt_lib_shutdown_stdio_1
    libshutdown.o(.ARM.Collect$$libshutdown$$00000000) refers (Special) to libshutdown2.o(.ARM.Collect$$libshutdown$$0000000B) for __rt_lib_shutdown_user_alloc_1
    sys_command.o(.text) refers (Special) to use_no_semi.o(.text) for __I$use$semihosting
    defsig_rtmem_outer.o(.text) refers to defsig_rtmem_inner.o(.text) for __rt_SIGRTMEM_inner
    defsig_rtmem_outer.o(.text) refers to defsig_exit.o(.text) for __sig_exit
    defsig_rtmem_formal.o(.text) refers to rt_raise.o(.text) for __rt_raise
    rt_raise.o(.text) refers to __raise.o(.text) for __raise
    rt_raise.o(.text) refers to sys_exit.o(.text) for _sys_exit
    defsig_exit.o(.text) refers to sys_exit.o(.text) for _sys_exit
    defsig_rtmem_inner.o(.text) refers to defsig_general.o(.text) for __default_signal_display
    __raise.o(.text) refers to defsig.o(CL$$defsig) for __default_signal_handler
    defsig_general.o(.text) refers to sys_wrch.o(.text) for _ttywrch
    sys_wrch.o(.text) refers (Special) to use_no_semi.o(.text) for __I$use$semihosting
    defsig.o(CL$$defsig) refers to defsig_rtmem_inner.o(.text) for __rt_SIGRTMEM_inner
    defsig_abrt_inner.o(.text) refers to defsig_general.o(.text) for __default_signal_display
    defsig_fpe_inner.o(.text) refers to defsig_general.o(.text) for __default_signal_display
    defsig_rtred_inner.o(.text) refers to defsig_general.o(.text) for __default_signal_display
    defsig_stak_inner.o(.text) refers to defsig_general.o(.text) for __default_signal_display
    defsig_pvfn_inner.o(.text) refers to defsig_general.o(.text) for __default_signal_display
    defsig_cppl_inner.o(.text) refers to defsig_general.o(.text) for __default_signal_display
    defsig_segv_inner.o(.text) refers to defsig_general.o(.text) for __default_signal_display
    defsig_other.o(.text) refers to defsig_general.o(.text) for __default_signal_display
    usbcore.o(i.USB_ReqGetStatus) refers to usbcore.o(.data) for SetupPacket
    usbcore.o(i.USB_ReqGetStatus) refers to usbcore.o(.bss) for EP0Buf
    usbcore.o(i.USB_ReqSetClrFeature) refers to usbhw.o(.text) for USB_WakeUpCfg
    usbcore.o(i.USB_ReqSetClrFeature) refers to usbcore.o(.data) for SetupPacket
    usbcore.o(i.USB_ReqGetDescriptor) refers to usbcore.o(.data) for SetupPacket
    usbcore.o(i.USB_ReqGetDescriptor) refers to usbdesc.o(.constdata) for USB_DeviceDescriptor
    usbcore.o(i.USB_ReqSetConfiguration) refers to usbhw.o(.text) for USB_DisableEP
    usbcore.o(i.USB_ReqSetConfiguration) refers to usbcore.o(.data) for SetupPacket
    usbcore.o(i.USB_ReqSetConfiguration) refers to usbdesc.o(.constdata) for USB_ConfigDescriptor
    usbcore.o(i.USB_ReqSetInterface) refers to usbhw.o(.text) for USB_ConfigEP
    usbcore.o(i.USB_ReqSetInterface) refers to usbcore.o(.data) for SetupPacket
    usbcore.o(i.USB_ReqSetInterface) refers to usbdesc.o(.constdata) for USB_ConfigDescriptor


==============================================================================

Removing Unused input sections from the image.

    Removing core_cm3.o(.emb_text), (32 bytes).
    Removing adcuser.o(.constdata), (6 bytes).

2 unused section(s) (total 38 bytes) removed from the image.

==============================================================================

Image Symbol Table

    Local Symbols

    Symbol Name                              Value     Ov Type        Size  Object(Section)

    RESET                                    0x00000000   Section      204  startup_lpc17xx.o(RESET)
    ../../angel/boardlib.s                   0x00000000   Number         0  boardinit3.o ABSOLUTE
    ../../angel/boardlib.s                   0x00000000   Number         0  boardinit2.o ABSOLUTE
    ../../angel/boardlib.s                   0x00000000   Number         0  boardinit1.o ABSOLUTE
    ../../angel/boardlib.s                   0x00000000   Number         0  boardshut.o ABSOLUTE
    ../../angel/handlers.s                   0x00000000   Number         0  __scatter_zi.o ABSOLUTE
    ../../angel/handlers.s                   0x00000000   Number         0  __scatter_copy.o ABSOLUTE
    ../../angel/kernel.s                     0x00000000   Number         0  rtexit2.o ABSOLUTE
    ../../angel/kernel.s                     0x00000000   Number         0  rtexit.o ABSOLUTE
    ../../angel/kernel.s                     0x00000000   Number         0  rtentry4.o ABSOLUTE
    ../../angel/kernel.s                     0x00000000   Number         0  rtentry2.o ABSOLUTE
    ../../angel/kernel.s                     0x00000000   Number         0  rtentry.o ABSOLUTE
    ../../angel/rt.s                         0x00000000   Number         0  rt_raise.o ABSOLUTE
    ../../angel/rt.s                         0x00000000   Number         0  rt_fp_status_addr.o ABSOLUTE
    ../../angel/rt.s                         0x00000000   Number         0  rt_fp_status_addr_intlibspace.o ABSOLUTE
    ../../angel/scatter.s                    0x00000000   Number         0  __scatter.o ABSOLUTE
    ../../angel/startup.s                    0x00000000   Number         0  __main.o ABSOLUTE
    ../../angel/sys.s                        0x00000000   Number         0  use_no_semi.o ABSOLUTE
    ../../angel/sys.s                        0x00000000   Number         0  libspace.o ABSOLUTE
    ../../angel/sys.s                        0x00000000   Number         0  sys_stackheap_outer.o ABSOLUTE
    ../../angel/sys.s                        0x00000000   Number         0  sys_exit.o ABSOLUTE
    ../../angel/sysapp.c                     0x00000000   Number         0  sys_command.o ABSOLUTE
    ../../angel/sysapp.c                     0x00000000   Number         0  sys_wrch.o ABSOLUTE
    ../../armsys.c                           0x00000000   Number         0  _get_argv_nomalloc.o ABSOLUTE
    ../../armsys.c                           0x00000000   Number         0  no_argv.o ABSOLUTE
    ../../armsys.c                           0x00000000   Number         0  argv_veneer.o ABSOLUTE
    ../../armsys.c                           0x00000000   Number         0  argv_veneer.o ABSOLUTE
    ../../fpinit.s                           0x00000000   Number         0  fpinit.o ABSOLUTE
    ../../heapalloc.c                        0x00000000   Number         0  hrguard.o ABSOLUTE
    ../../heapaux.c                          0x00000000   Number         0  heapauxi.o ABSOLUTE
    ../../libinit.s                          0x00000000   Number         0  libinit2.o ABSOLUTE
    ../../libinit.s                          0x00000000   Number         0  libshutdown2.o ABSOLUTE
    ../../libinit.s                          0x00000000   Number         0  libshutdown.o ABSOLUTE
    ../../libinit.s                          0x00000000   Number         0  libinit.o ABSOLUTE
    ../../signal.c                           0x00000000   Number         0  defsig_segv_inner.o ABSOLUTE
    ../../signal.c                           0x00000000   Number         0  defsig_rtmem_formal.o ABSOLUTE
    ../../signal.c                           0x00000000   Number         0  defsig_rtmem_outer.o ABSOLUTE
    ../../signal.c                           0x00000000   Number         0  __raise.o ABSOLUTE
    ../../signal.c                           0x00000000   Number         0  defsig_general.o ABSOLUTE
    ../../signal.c                           0x00000000   Number         0  defsig_other.o ABSOLUTE
    ../../signal.c                           0x00000000   Number         0  defsig_cppl_inner.o ABSOLUTE
    ../../signal.c                           0x00000000   Number         0  defsig_pvfn_inner.o ABSOLUTE
    ../../signal.c                           0x00000000   Number         0  defsig_rtmem_inner.o ABSOLUTE
    ../../signal.c                           0x00000000   Number         0  defsig_stak_inner.o ABSOLUTE
    ../../signal.c                           0x00000000   Number         0  defsig_rtred_inner.o ABSOLUTE
    ../../signal.c                           0x00000000   Number         0  defsig_abrt_inner.o ABSOLUTE
    ../../signal.c                           0x00000000   Number         0  defsig_fpe_inner.o ABSOLUTE
    ../../signal.c                           0x00000000   Number         0  defsig_exit.o ABSOLUTE
    ../../signal.s                           0x00000000   Number         0  defsig.o ABSOLUTE
    ../../stdlib.c                           0x00000000   Number         0  exit.o ABSOLUTE
    adcuser.c                                0x00000000   Number         0  adcuser.o ABSOLUTE
    common\\src\\core_cm3.c                  0x00000000   Number         0  core_cm3.o ABSOLUTE
    common\src\core_cm3.c                    0x00000000   Number         0  core_cm3.o ABSOLUTE
    common\src\startup_LPC17xx.s             0x00000000   Number         0  startup_lpc17xx.o ABSOLUTE
    common\src\system_LPC17xx.c              0x00000000   Number         0  system_lpc17xx.o ABSOLUTE
    dc.s                                     0x00000000   Number         0  dc.o ABSOLUTE
    usbcore.c                                0x00000000   Number         0  usbcore.o ABSOLUTE
    usbdesc.c                                0x00000000   Number         0  usbdesc.o ABSOLUTE
    usbdmain.c                               0x00000000   Number         0  usbdmain.o ABSOLUTE
    usbhw.c                                  0x00000000   Number         0  usbhw.o ABSOLUTE
    usbuser.c                                0x00000000   Number         0  usbuser.o ABSOLUTE
    !!!main                                  0x000000cc   Section        8  __main.o(!!!main)
    !!!scatter                               0x000000d4   Section       52  __scatter.o(!!!scatter)
    !!handler_copy                           0x00000108   Section       26  __scatter_copy.o(!!handler_copy)
    !!handler_zi                             0x00000124   Section       28  __scatter_zi.o(!!handler_zi)
    .ARM.Collect$$libinit$$00000000          0x00000140   Section        6  libinit.o(.ARM.Collect$$libinit$$00000000)
    .ARM.Collect$$libinit$$00000006          0x00000146   Section        0  libinit2.o(.ARM.Collect$$libinit$$00000006)
    .ARM.Collect$$libinit$$00000008          0x00000146   Section        0  libinit2.o(.ARM.Collect$$libinit$$00000008)
    .ARM.Collect$$libinit$$0000000A          0x00000146   Section        0  libinit2.o(.ARM.Collect$$libinit$$0000000A)
    .ARM.Collect$$libinit$$0000000D          0x00000146   Section        0  libinit2.o(.ARM.Collect$$libinit$$0000000D)
    .ARM.Collect$$libinit$$0000000F          0x00000146   Section        0  libinit2.o(.ARM.Collect$$libinit$$0000000F)
    .ARM.Collect$$libinit$$00000011          0x00000146   Section        0  libinit2.o(.ARM.Collect$$libinit$$00000011)
    .ARM.Collect$$libinit$$00000013          0x00000146   Section        0  libinit2.o(.ARM.Collect$$libinit$$00000013)
    .ARM.Collect$$libinit$$00000015          0x00000146   Section        0  libinit2.o(.ARM.Collect$$libinit$$00000015)
    .ARM.Collect$$libinit$$00000017          0x00000146   Section        0  libinit2.o(.ARM.Collect$$libinit$$00000017)
    .ARM.Collect$$libinit$$00000019          0x00000146   Section        0  libinit2.o(.ARM.Collect$$libinit$$00000019)
    .ARM.Collect$$libinit$$0000001B          0x00000146   Section        0  libinit2.o(.ARM.Collect$$libinit$$0000001B)
    .ARM.Collect$$libinit$$0000001D          0x00000146   Section        0  libinit2.o(.ARM.Collect$$libinit$$0000001D)
    .ARM.Collect$$libinit$$0000001F          0x00000146   Section        0  libinit2.o(.ARM.Collect$$libinit$$0000001F)
    .ARM.Collect$$libinit$$00000021          0x00000146   Section        0  libinit2.o(.ARM.Collect$$libinit$$00000021)
    .ARM.Collect$$libinit$$00000028          0x00000146   Section        0  libinit2.o(.ARM.Collect$$libinit$$00000028)
    .ARM.Collect$$libinit$$0000002A          0x00000146   Section        0  libinit2.o(.ARM.Collect$$libinit$$0000002A)
    .ARM.Collect$$libinit$$0000002C          0x00000146   Section        0  libinit2.o(.ARM.Collect$$libinit$$0000002C)
    .ARM.Collect$$libinit$$0000002E          0x00000146   Section        0  libinit2.o(.ARM.Collect$$libinit$$0000002E)
    .ARM.Collect$$libinit$$0000002F          0x00000146   Section        2  libinit2.o(.ARM.Collect$$libinit$$0000002F)
    .ARM.Collect$$libshutdown$$00000000      0x00000148   Section        2  libshutdown.o(.ARM.Collect$$libshutdown$$00000000)
    .ARM.Collect$$libshutdown$$00000003      0x0000014a   Section        0  libshutdown2.o(.ARM.Collect$$libshutdown$$00000003)
    .ARM.Collect$$libshutdown$$00000006      0x0000014a   Section        0  libshutdown2.o(.ARM.Collect$$libshutdown$$00000006)
    .ARM.Collect$$libshutdown$$00000009      0x0000014a   Section        0  libshutdown2.o(.ARM.Collect$$libshutdown$$00000009)
    .ARM.Collect$$libshutdown$$0000000B      0x0000014a   Section        0  libshutdown2.o(.ARM.Collect$$libshutdown$$0000000B)
    .ARM.Collect$$libshutdown$$0000000E      0x0000014a   Section        0  libshutdown2.o(.ARM.Collect$$libshutdown$$0000000E)
    .ARM.Collect$$libshutdown$$0000000F      0x0000014a   Section        2  libshutdown2.o(.ARM.Collect$$libshutdown$$0000000F)
    .ARM.Collect$$rtentry$$00000000          0x0000014c   Section        0  rtentry.o(.ARM.Collect$$rtentry$$00000000)
    .ARM.Collect$$rtentry$$00000002          0x0000014c   Section        0  rtentry2.o(.ARM.Collect$$rtentry$$00000002)
    .ARM.Collect$$rtentry$$00000004          0x0000014c   Section        6  rtentry4.o(.ARM.Collect$$rtentry$$00000004)
    .ARM.Collect$$rtentry$$00000009          0x00000152   Section        0  rtentry2.o(.ARM.Collect$$rtentry$$00000009)
    .ARM.Collect$$rtentry$$0000000A          0x00000152   Section        4  rtentry2.o(.ARM.Collect$$rtentry$$0000000A)
    .ARM.Collect$$rtentry$$0000000C          0x00000156   Section        0  rtentry2.o(.ARM.Collect$$rtentry$$0000000C)
    .ARM.Collect$$rtentry$$0000000D          0x00000156   Section        8  rtentry2.o(.ARM.Collect$$rtentry$$0000000D)
    .ARM.Collect$$rtexit$$00000000           0x0000015e   Section        2  rtexit.o(.ARM.Collect$$rtexit$$00000000)
    .ARM.Collect$$rtexit$$00000002           0x00000160   Section        0  rtexit2.o(.ARM.Collect$$rtexit$$00000002)
    .ARM.Collect$$rtexit$$00000003           0x00000160   Section        4  rtexit2.o(.ARM.Collect$$rtexit$$00000003)
    .ARM.Collect$$rtexit$$00000004           0x00000164   Section        6  rtexit2.o(.ARM.Collect$$rtexit$$00000004)
    .text                                    0x0000016c   Section       52  startup_lpc17xx.o(.text)
    .text                                    0x000001a0   Section        0  usbuser.o(.text)
    .text                                    0x00000280   Section        0  heapauxi.o(.text)
    .text                                    0x00000286   Section       74  sys_stackheap_outer.o(.text)
    .text                                    0x000002d0   Section        0  exit.o(.text)
    .text                                    0x000002dc   Section        8  libspace.o(.text)
    .text                                    0x000002e4   Section       12  rt_fp_status_addr_intlibspace.o(.text)
    .text                                    0x000002f0   Section        2  use_no_semi.o(.text)
    .ARM.__at_0x02FC                         0x000002fc   Section        4  startup_lpc17xx.o(.ARM.__at_0x02FC)
    .text                                    0x00000300   Section        0  system_lpc17xx.o(.text)
    .text                                    0x0000055c   Section        0  usbcore.o(.text)
    .text                                    0x00000938   Section        0  usbdmain.o(.text)
    .text                                    0x00000b60   Section        0  usbhw.o(.text)
    .text                                    0x00001430   Section        0  adcuser.o(.text)
    .text                                    0x00001518   Section       20  sys_exit.o(.text)
    i.USB_ReqGetDescriptor                   0x0000152c   Section        0  usbcore.o(i.USB_ReqGetDescriptor)
    i.USB_ReqGetStatus                       0x000015e4   Section        0  usbcore.o(i.USB_ReqGetStatus)
    i.USB_ReqSetClrFeature                   0x000016a4   Section        0  usbcore.o(i.USB_ReqSetClrFeature)
    i.USB_ReqSetConfiguration                0x00001790   Section        0  usbcore.o(i.USB_ReqSetConfiguration)
    i.USB_ReqSetInterface                    0x00001948   Section        0  usbcore.o(i.USB_ReqSetInterface)
    x$fpl$fpinit                             0x00001a7c   Section       14  fpinit.o(x$fpl$fpinit)
    .constdata                               0x00001a8c   Section       64  usbuser.o(.constdata)
    .constdata                               0x00001acc   Section      228  usbdesc.o(.constdata)
    .constdata                               0x00001bb0   Section       16  usbhw.o(.constdata)
    .data                                    0x10000000   Section        4  system_lpc17xx.o(.data)
    .data                                    0x10000004   Section       40  usbcore.o(.data)
    .data                                    0x1000002c   Section       32  usbdmain.o(.data)
    .data                                    0x1000004c   Section        8  usbhw.o(.data)
    .data                                    0x10000054   Section        2  adcuser.o(.data)
    .bss                                     0x10000058   Section       64  usbcore.o(.bss)
    .bss                                     0x10000098   Section      128  usbhw.o(.bss)
    .bss                                     0x10000118   Section       96  libspace.o(.bss)
    HEAP                                     0x10000178   Section        0  startup_lpc17xx.o(HEAP)
    STACK                                    0x10000178   Section      512  startup_lpc17xx.o(STACK)
    Heap_Mem                                 0x10000178   Data           0  startup_lpc17xx.o(HEAP)
    Stack_Mem                                0x10000178   Data         512  startup_lpc17xx.o(STACK)
    __initial_sp                             0x10000378   Data           0  startup_lpc17xx.o(STACK)
    USB_RAM                                  0x20080000   Section      544  usbhw.o(USB_RAM)

    Global Symbols

    Symbol Name                              Value     Ov Type        Size  Object(Section)

    BuildAttributes$$THM_ISAv4$P$D$K$B$S$PE$A:L22UL41UL21$X:L11$S22US41US21$IEEE1$IW$USESV6$~STKCKD$USESV7$~SHL$OSPACE$ROPI$EBA8$UX$STANDARDLIB$REQ8$PRES8$EABIv2 0x00000000   Number         0  anon$$obj.o ABSOLUTE
    __ARM_use_no_argv                        0x00000000   Number         0  usbdmain.o ABSOLUTE
    __Vectors                                0x00000000   Data           4  startup_lpc17xx.o(RESET)
    __ARM_exceptions_init                     - Undefined Weak Reference
    __alloca_initialize                       - Undefined Weak Reference
    __cpp_initialize__aeabi_                  - Undefined Weak Reference
    __cxa_finalize                            - Undefined Weak Reference
    __rt_locale                               - Undefined Weak Reference
    __sigvec_lookup                           - Undefined Weak Reference
    _atexit_init                              - Undefined Weak Reference
    _call_atexit_fns                          - Undefined Weak Reference
    _clock_init                               - Undefined Weak Reference
    _fp_trap_init                             - Undefined Weak Reference
    _fp_trap_shutdown                         - Undefined Weak Reference
    _get_lc_collate                           - Undefined Weak Reference
    _get_lc_ctype                             - Undefined Weak Reference
    _get_lc_monetary                          - Undefined Weak Reference
    _get_lc_numeric                           - Undefined Weak Reference
    _get_lc_time                              - Undefined Weak Reference
    _getenv_init                              - Undefined Weak Reference
    _handle_redirection                       - Undefined Weak Reference
    _init_alloc                               - Undefined Weak Reference
    _init_user_alloc                          - Undefined Weak Reference
    _initio                                   - Undefined Weak Reference
    _rand_init                                - Undefined Weak Reference
    _signal_finish                            - Undefined Weak Reference
    _signal_init                              - Undefined Weak Reference
    _terminate_alloc                          - Undefined Weak Reference
    _terminate_user_alloc                     - Undefined Weak Reference
    _terminateio                              - Undefined Weak Reference
    __main                                   0x000000cd   Thumb Code     8  __main.o(!!!main)
    __scatterload                            0x000000d5   Thumb Code     0  __scatter.o(!!!scatter)
    __scatterload_rt2                        0x000000d5   Thumb Code    44  __scatter.o(!!!scatter)
    __scatterload_rt2_thumb_only             0x000000d5   Thumb Code     0  __scatter.o(!!!scatter)
    __scatterload_null                       0x000000e3   Thumb Code     0  __scatter.o(!!!scatter)
    __scatterload_copy                       0x00000109   Thumb Code    26  __scatter_copy.o(!!handler_copy)
    __scatterload_zeroinit                   0x00000125   Thumb Code    28  __scatter_zi.o(!!handler_zi)
    __rt_lib_init                            0x00000141   Thumb Code     0  libinit.o(.ARM.Collect$$libinit$$00000000)
    __rt_lib_init_alloca_1                   0x00000147   Thumb Code     0  libinit2.o(.ARM.Collect$$libinit$$0000002A)
    __rt_lib_init_argv_1                     0x00000147   Thumb Code     0  libinit2.o(.ARM.Collect$$libinit$$00000028)
    __rt_lib_init_atexit_1                   0x00000147   Thumb Code     0  libinit2.o(.ARM.Collect$$libinit$$00000017)
    __rt_lib_init_clock_1                    0x00000147   Thumb Code     0  libinit2.o(.ARM.Collect$$libinit$$0000001D)
    __rt_lib_init_cpp_1                      0x00000147   Thumb Code     0  libinit2.o(.ARM.Collect$$libinit$$0000002E)
    __rt_lib_init_exceptions_1               0x00000147   Thumb Code     0  libinit2.o(.ARM.Collect$$libinit$$0000002C)
    __rt_lib_init_fp_trap_1                  0x00000147   Thumb Code     0  libinit2.o(.ARM.Collect$$libinit$$0000001B)
    __rt_lib_init_getenv_1                   0x00000147   Thumb Code     0  libinit2.o(.ARM.Collect$$libinit$$0000001F)
    __rt_lib_init_heap_1                     0x00000147   Thumb Code     0  libinit2.o(.ARM.Collect$$libinit$$00000006)
    __rt_lib_init_lc_collate_1               0x00000147   Thumb Code     0  libinit2.o(.ARM.Collect$$libinit$$0000000D)
    __rt_lib_init_lc_ctype_1                 0x00000147   Thumb Code     0  libinit2.o(.ARM.Collect$$libinit$$0000000F)
    __rt_lib_init_lc_monetary_1              0x00000147   Thumb Code     0  libinit2.o(.ARM.Collect$$libinit$$00000011)
    __rt_lib_init_lc_numeric_1               0x00000147   Thumb Code     0  libinit2.o(.ARM.Collect$$libinit$$00000013)
    __rt_lib_init_lc_time_1                  0x00000147   Thumb Code     0  libinit2.o(.ARM.Collect$$libinit$$00000015)
    __rt_lib_init_rand_1                     0x00000147   Thumb Code     0  libinit2.o(.ARM.Collect$$libinit$$0000000A)
    __rt_lib_init_return                     0x00000147   Thumb Code     0  libinit2.o(.ARM.Collect$$libinit$$0000002F)
    __rt_lib_init_signal_1                   0x00000147   Thumb Code     0  libinit2.o(.ARM.Collect$$libinit$$00000019)
    __rt_lib_init_stdio_1                    0x00000147   Thumb Code     0  libinit2.o(.ARM.Collect$$libinit$$00000021)
    __rt_lib_init_user_alloc_1               0x00000147   Thumb Code     0  libinit2.o(.ARM.Collect$$libinit$$00000008)
    __rt_lib_shutdown                        0x00000149   Thumb Code     0  libshutdown.o(.ARM.Collect$$libshutdown$$00000000)
    __rt_lib_shutdown_fp_trap_1              0x0000014b   Thumb Code     0  libshutdown2.o(.ARM.Collect$$libshutdown$$00000006)
    __rt_lib_shutdown_heap_1                 0x0000014b   Thumb Code     0  libshutdown2.o(.ARM.Collect$$libshutdown$$0000000E)
    __rt_lib_shutdown_return                 0x0000014b   Thumb Code     0  libshutdown2.o(.ARM.Collect$$libshutdown$$0000000F)
    __rt_lib_shutdown_signal_1               0x0000014b   Thumb Code     0  libshutdown2.o(.ARM.Collect$$libshutdown$$00000009)
    __rt_lib_shutdown_stdio_1                0x0000014b   Thumb Code     0  libshutdown2.o(.ARM.Collect$$libshutdown$$00000003)
    __rt_lib_shutdown_user_alloc_1           0x0000014b   Thumb Code     0  libshutdown2.o(.ARM.Collect$$libshutdown$$0000000B)
    __rt_entry                               0x0000014d   Thumb Code     0  rtentry.o(.ARM.Collect$$rtentry$$00000000)
    __rt_entry_presh_1                       0x0000014d   Thumb Code     0  rtentry2.o(.ARM.Collect$$rtentry$$00000002)
    __rt_entry_sh                            0x0000014d   Thumb Code     0  rtentry4.o(.ARM.Collect$$rtentry$$00000004)
    __rt_entry_li                            0x00000153   Thumb Code     0  rtentry2.o(.ARM.Collect$$rtentry$$0000000A)
    __rt_entry_postsh_1                      0x00000153   Thumb Code     0  rtentry2.o(.ARM.Collect$$rtentry$$00000009)
    __rt_entry_main                          0x00000157   Thumb Code     0  rtentry2.o(.ARM.Collect$$rtentry$$0000000D)
    __rt_entry_postli_1                      0x00000157   Thumb Code     0  rtentry2.o(.ARM.Collect$$rtentry$$0000000C)
    __rt_exit                                0x0000015f   Thumb Code     0  rtexit.o(.ARM.Collect$$rtexit$$00000000)
    __rt_exit_ls                             0x00000161   Thumb Code     0  rtexit2.o(.ARM.Collect$$rtexit$$00000003)
    __rt_exit_prels_1                        0x00000161   Thumb Code     0  rtexit2.o(.ARM.Collect$$rtexit$$00000002)
    __rt_exit_exit                           0x00000165   Thumb Code     0  rtexit2.o(.ARM.Collect$$rtexit$$00000004)
    Reset_Handler                            0x0000016d   Thumb Code     4  startup_lpc17xx.o(.text)
    NMI_Handler                              0x00000171   Thumb Code     2  startup_lpc17xx.o(.text)
    HardFault_Handler                        0x00000173   Thumb Code     2  startup_lpc17xx.o(.text)
    MemManage_Handler                        0x00000175   Thumb Code     2  startup_lpc17xx.o(.text)
    BusFault_Handler                         0x00000177   Thumb Code     2  startup_lpc17xx.o(.text)
    UsageFault_Handler                       0x00000179   Thumb Code     2  startup_lpc17xx.o(.text)
    SVC_Handler                              0x0000017b   Thumb Code     2  startup_lpc17xx.o(.text)
    DebugMon_Handler                         0x0000017d   Thumb Code     2  startup_lpc17xx.o(.text)
    PendSV_Handler                           0x0000017f   Thumb Code     2  startup_lpc17xx.o(.text)
    SysTick_Handler                          0x00000181   Thumb Code     2  startup_lpc17xx.o(.text)
    ADC_IRQHandler                           0x00000183   Thumb Code     0  startup_lpc17xx.o(.text)
    BOD_IRQHandler                           0x00000183   Thumb Code     0  startup_lpc17xx.o(.text)
    CANActivity_IRQHandler                   0x00000183   Thumb Code     0  startup_lpc17xx.o(.text)
    CAN_IRQHandler                           0x00000183   Thumb Code     0  startup_lpc17xx.o(.text)
    DMA_IRQHandler                           0x00000183   Thumb Code     0  startup_lpc17xx.o(.text)
    EINT0_IRQHandler                         0x00000183   Thumb Code     0  startup_lpc17xx.o(.text)
    EINT1_IRQHandler                         0x00000183   Thumb Code     0  startup_lpc17xx.o(.text)
    EINT2_IRQHandler                         0x00000183   Thumb Code     0  startup_lpc17xx.o(.text)
    EINT3_IRQHandler                         0x00000183   Thumb Code     0  startup_lpc17xx.o(.text)
    ENET_IRQHandler                          0x00000183   Thumb Code     0  startup_lpc17xx.o(.text)
    I2C0_IRQHandler                          0x00000183   Thumb Code     0  startup_lpc17xx.o(.text)
    I2C1_IRQHandler                          0x00000183   Thumb Code     0  startup_lpc17xx.o(.text)
    I2C2_IRQHandler                          0x00000183   Thumb Code     0  startup_lpc17xx.o(.text)
    I2S_IRQHandler                           0x00000183   Thumb Code     0  startup_lpc17xx.o(.text)
    MCPWM_IRQHandler                         0x00000183   Thumb Code     0  startup_lpc17xx.o(.text)
    PLL0_IRQHandler                          0x00000183   Thumb Code     0  startup_lpc17xx.o(.text)
    PLL1_IRQHandler                          0x00000183   Thumb Code     0  startup_lpc17xx.o(.text)
    PWM1_IRQHandler                          0x00000183   Thumb Code     0  startup_lpc17xx.o(.text)
    QEI_IRQHandler                           0x00000183   Thumb Code     0  startup_lpc17xx.o(.text)
    RIT_IRQHandler                           0x00000183   Thumb Code     0  startup_lpc17xx.o(.text)
    RTC_IRQHandler                           0x00000183   Thumb Code     0  startup_lpc17xx.o(.text)
    SPI_IRQHandler                           0x00000183   Thumb Code     0  startup_lpc17xx.o(.text)
    SSP0_IRQHandler                          0x00000183   Thumb Code     0  startup_lpc17xx.o(.text)
    SSP1_IRQHandler                          0x00000183   Thumb Code     0  startup_lpc17xx.o(.text)
    TIMER1_IRQHandler                        0x00000183   Thumb Code     0  startup_lpc17xx.o(.text)
    TIMER2_IRQHandler                        0x00000183   Thumb Code     0  startup_lpc17xx.o(.text)
    TIMER3_IRQHandler                        0x00000183   Thumb Code     0  startup_lpc17xx.o(.text)
    UART0_IRQHandler                         0x00000183   Thumb Code     0  startup_lpc17xx.o(.text)
    UART1_IRQHandler                         0x00000183   Thumb Code     0  startup_lpc17xx.o(.text)
    UART2_IRQHandler                         0x00000183   Thumb Code     0  startup_lpc17xx.o(.text)
    UART3_IRQHandler                         0x00000183   Thumb Code     0  startup_lpc17xx.o(.text)
    USBActivity_IRQHandler                   0x00000183   Thumb Code     0  startup_lpc17xx.o(.text)
    WDT_IRQHandler                           0x00000183   Thumb Code     0  startup_lpc17xx.o(.text)
    __user_initial_stackheap                 0x00000185   Thumb Code     0  startup_lpc17xx.o(.text)
    USB_Reset_Event                          0x000001a1   Thumb Code     8  usbuser.o(.text)
    USB_SOF_Event                            0x000001a9   Thumb Code     2  usbuser.o(.text)
    USB_EndPoint1                            0x000001ab   Thumb Code     2  usbuser.o(.text)
    USB_EndPoint2                            0x000001ad   Thumb Code     2  usbuser.o(.text)
    USB_EndPoint3                            0x000001af   Thumb Code   164  usbuser.o(.text)
    USB_EndPoint4                            0x00000253   Thumb Code     2  usbuser.o(.text)
    USB_EndPoint5                            0x00000255   Thumb Code     2  usbuser.o(.text)
    USB_EndPoint6                            0x00000257   Thumb Code     2  usbuser.o(.text)
    USB_EndPoint7                            0x00000259   Thumb Code     2  usbuser.o(.text)
    USB_EndPoint8                            0x0000025b   Thumb Code     2  usbuser.o(.text)
    USB_EndPoint9                            0x0000025d   Thumb Code     2  usbuser.o(.text)
    USB_EndPoint10                           0x0000025f   Thumb Code     2  usbuser.o(.text)
    USB_EndPoint11                           0x00000261   Thumb Code     2  usbuser.o(.text)
    USB_EndPoint12                           0x00000263   Thumb Code     2  usbuser.o(.text)
    USB_EndPoint13                           0x00000265   Thumb Code     2  usbuser.o(.text)
    USB_EndPoint14                           0x00000267   Thumb Code     2  usbuser.o(.text)
    USB_EndPoint15                           0x00000269   Thumb Code     2  usbuser.o(.text)
    __use_two_region_memory                  0x00000281   Thumb Code     2  heapauxi.o(.text)
    __rt_heap_escrow$2region                 0x00000283   Thumb Code     2  heapauxi.o(.text)
    __rt_heap_expand$2region                 0x00000285   Thumb Code     2  heapauxi.o(.text)
    __user_setup_stackheap                   0x00000287   Thumb Code    74  sys_stackheap_outer.o(.text)
    exit                                     0x000002d1   Thumb Code    12  exit.o(.text)
    __user_libspace                          0x000002dd   Thumb Code     8  libspace.o(.text)
    __user_perproc_libspace                  0x000002dd   Thumb Code     0  libspace.o(.text)
    __user_perthread_libspace                0x000002dd   Thumb Code     0  libspace.o(.text)
    __rt_fp_status_addr                      0x000002e5   Thumb Code    12  rt_fp_status_addr_intlibspace.o(.text)
    __I$use$semihosting                      0x000002f1   Thumb Code     0  use_no_semi.o(.text)
    __use_no_semihosting_swi                 0x000002f1   Thumb Code     2  use_no_semi.o(.text)
    SystemInit                               0x00000301   Thumb Code   532  system_lpc17xx.o(.text)
    USB_ResetCore                            0x0000055d   Thumb Code    34  usbcore.o(.text)
    USB_SetupStage                           0x0000057f   Thumb Code    12  usbcore.o(.text)
    USB_DataInStage                          0x0000058b   Thumb Code    52  usbcore.o(.text)
    USB_DataOutStage                         0x000005bf   Thumb Code    34  usbcore.o(.text)
    USB_StatusInStage                        0x000005e1   Thumb Code    14  usbcore.o(.text)
    USB_StatusOutStage                       0x000005ef   Thumb Code    12  usbcore.o(.text)
    USB_EndPoint0                            0x000005fb   Thumb Code   784  usbcore.o(.text)
    get_potval                               0x00000939   Thumb Code    54  usbdmain.o(.text)
    TIMER0_IRQHandler                        0x0000096f   Thumb Code   226  usbdmain.o(.text)
    main                                     0x00000a51   Thumb Code   196  usbdmain.o(.text)
    EPAdr                                    0x00000b61   Thumb Code    16  usbhw.o(.text)
    WrCmd                                    0x00000b71   Thumb Code    26  usbhw.o(.text)
    WrCmdDat                                 0x00000b8b   Thumb Code    50  usbhw.o(.text)
    WrCmdEP                                  0x00000bbd   Thumb Code    70  usbhw.o(.text)
    RdCmdDat                                 0x00000c03   Thumb Code    32  usbhw.o(.text)
    USB_SetAddress                           0x00000c23   Thumb Code    42  usbhw.o(.text)
    USB_Reset                                0x00000c4d   Thumb Code   170  usbhw.o(.text)
    USB_Init                                 0x00000cf7   Thumb Code   140  usbhw.o(.text)
    USB_Connect                              0x00000d83   Thumb Code    28  usbhw.o(.text)
    USB_Suspend                              0x00000d9f   Thumb Code     2  usbhw.o(.text)
    USB_Resume                               0x00000da1   Thumb Code     2  usbhw.o(.text)
    USB_WakeUp                               0x00000da3   Thumb Code    22  usbhw.o(.text)
    USB_WakeUpCfg                            0x00000db9   Thumb Code     2  usbhw.o(.text)
    USB_Configure                            0x00000dbb   Thumb Code    54  usbhw.o(.text)
    USB_ConfigEP                             0x00000df1   Thumb Code    68  usbhw.o(.text)
    USB_DirCtrlEP                            0x00000e35   Thumb Code     2  usbhw.o(.text)
    USB_EnableEP                             0x00000e37   Thumb Code    26  usbhw.o(.text)
    USB_DisableEP                            0x00000e51   Thumb Code    26  usbhw.o(.text)
    USB_ResetEP                              0x00000e6b   Thumb Code    26  usbhw.o(.text)
    USB_SetStallEP                           0x00000e85   Thumb Code    26  usbhw.o(.text)
    USB_ClrStallEP                           0x00000e9f   Thumb Code    26  usbhw.o(.text)
    USB_ClearEPBuf                           0x00000eb9   Thumb Code    14  usbhw.o(.text)
    USB_ReadEP                               0x00000ec7   Thumb Code    94  usbhw.o(.text)
    USB_WriteEP                              0x00000f25   Thumb Code   228  usbhw.o(.text)
    USB_DMA_Setup                            0x00001009   Thumb Code   268  usbhw.o(.text)
    USB_DMA_Enable                           0x00001115   Thumb Code    20  usbhw.o(.text)
    USB_DMA_Disable                          0x00001129   Thumb Code    20  usbhw.o(.text)
    USB_DMA_Status                           0x0000113d   Thumb Code    76  usbhw.o(.text)
    USB_DMA_BufAdr                           0x00001189   Thumb Code    30  usbhw.o(.text)
    USB_DMA_BufCnt                           0x000011a7   Thumb Code    30  usbhw.o(.text)
    USB_GetFrame                             0x000011c5   Thumb Code    30  usbhw.o(.text)
    USB_IRQHandler                           0x000011e3   Thumb Code   494  usbhw.o(.text)
    ADC_IF_GetRequest                        0x00001431   Thumb Code   128  adcuser.o(.text)
    ADC_IF_SetRequest                        0x000014b1   Thumb Code    80  adcuser.o(.text)
    ADC_EP_GetRequest                        0x00001501   Thumb Code     4  adcuser.o(.text)
    ADC_EP_SetRequest                        0x00001505   Thumb Code     4  adcuser.o(.text)
    _sys_exit                                0x00001519   Thumb Code    16  sys_exit.o(.text)
    USB_ReqGetDescriptor                     0x0000152d   Thumb Code   164  usbcore.o(i.USB_ReqGetDescriptor)
    USB_ReqGetStatus                         0x000015e5   Thumb Code   160  usbcore.o(i.USB_ReqGetStatus)
    USB_ReqSetClrFeature                     0x000016a5   Thumb Code   210  usbcore.o(i.USB_ReqSetClrFeature)
    USB_ReqSetConfiguration                  0x00001791   Thumb Code   402  usbcore.o(i.USB_ReqSetConfiguration)
    USB_ReqSetInterface                      0x00001949   Thumb Code   282  usbcore.o(i.USB_ReqSetInterface)
    _fp_init                                 0x00001a7d   Thumb Code    14  fpinit.o(x$fpl$fpinit)
    __fplib_config_pureend_doubles           0x00001a89   Thumb Code     0  fpinit.o(x$fpl$fpinit)
    USB_P_EP                                 0x00001a8c   Data          64  usbuser.o(.constdata)
    USB_DeviceDescriptor                     0x00001acc   Data          18  usbdesc.o(.constdata)
    USB_ConfigDescriptor                     0x00001ade   Data         110  usbdesc.o(.constdata)
    USB_StringDescriptor                     0x00001b4c   Data         100  usbdesc.o(.constdata)
    DDAdr                                    0x00001bb0   Data           8  usbhw.o(.constdata)
    DDSz                                     0x00001bb8   Data           8  usbhw.o(.constdata)
    Region$$Table$$Base                      0x00001bc0   Number         0  anon$$obj.o(Region$$Table)
    Region$$Table$$Limit                     0x00001bf0   Number         0  anon$$obj.o(Region$$Table)
    SystemFrequency                          0x10000000   Data           4  system_lpc17xx.o(.data)
    USB_DeviceStatus                         0x10000004   Data           2  usbcore.o(.data)
    USB_DeviceAddress                        0x10000006   Data           1  usbcore.o(.data)
    USB_Configuration                        0x10000007   Data           1  usbcore.o(.data)
    USB_EndPointMask                         0x10000008   Data           4  usbcore.o(.data)
    USB_EndPointHalt                         0x1000000c   Data           4  usbcore.o(.data)
    USB_EndPointStall                        0x10000010   Data           4  usbcore.o(.data)
    USB_NumInterfaces                        0x10000014   Data           1  usbcore.o(.data)
    USB_AltSetting                           0x10000015   Data           4  usbcore.o(.data)
    EP0Data                                  0x1000001c   Data           8  usbcore.o(.data)
    SetupPacket                              0x10000024   Data           8  usbcore.o(.data)
    InfoBuf                                  0x1000002c   Data           4  usbdmain.o(.data)
    DataBuf                                  0x10000030   Data           4  usbdmain.o(.data)
    Mute                                     0x10000034   Data           1  usbdmain.o(.data)
    Volume                                   0x10000038   Data           4  usbdmain.o(.data)
    DataOut                                  0x1000003c   Data           2  usbdmain.o(.data)
    DataIn                                   0x1000003e   Data           2  usbdmain.o(.data)
    DataRun                                  0x10000040   Data           1  usbdmain.o(.data)
    PotVal                                   0x10000042   Data           2  usbdmain.o(.data)
    VUM                                      0x10000044   Data           4  usbdmain.o(.data)
    Tick                                     0x10000048   Data           4  usbdmain.o(.data)
    DDMemMap                                 0x1000004c   Data           8  usbhw.o(.data)
    VolCur                                   0x10000054   Data           2  adcuser.o(.data)
    EP0Buf                                   0x10000058   Data          64  usbcore.o(.bss)
    udca                                     0x10000098   Data         128  usbhw.o(.bss)
    __libspace_start                         0x10000118   Data          96  libspace.o(.bss)
    __temporary_stack_top$libspace           0x10000178   Data           0  libspace.o(.bss)
    UDCA                                     0x20080000   Data         128  usbhw.o(USB_RAM)
    DD_NISO_Mem                              0x20080080   Data         256  usbhw.o(USB_RAM)
    DD_ISO_Mem                               0x20080180   Data         160  usbhw.o(USB_RAM)



==============================================================================

Memory Map of the image

  Image Entry point : 0x000000cd

  Load Region LR_IROM1 (Base: 0x00000000, Size: 0x00001c48, Max: 0x00080000, ABSOLUTE)

    Execution Region ER_IROM1 (Base: 0x00000000, Size: 0x00001bf0, Max: 0xffffffff, ABSOLUTE)

    Base Addr    Size         Type   Attr      Idx    E Section Name        Object

    0x00000000   0x000000cc   Data   RO           19    RESET               startup_lpc17xx.o
    0x000000cc   0x00000008   Code   RO          244  * !!!main             __main.o(c_w.l)
    0x000000d4   0x00000034   Code   RO          406    !!!scatter          __scatter.o(c_w.l)
    0x00000108   0x0000001a   Code   RO          408    !!handler_copy      __scatter_copy.o(c_w.l)
    0x00000122   0x00000002   PAD
    0x00000124   0x0000001c   Code   RO          410    !!handler_zi        __scatter_zi.o(c_w.l)
    0x00000140   0x00000006   Code   RO          276    .ARM.Collect$$libinit$$00000000  libinit.o(c_w.l)
    0x00000146   0x00000000   Code   RO          284    .ARM.Collect$$libinit$$00000006  libinit2.o(c_w.l)
    0x00000146   0x00000000   Code   RO          286    .ARM.Collect$$libinit$$00000008  libinit2.o(c_w.l)
    0x00000146   0x00000000   Code   RO          288    .ARM.Collect$$libinit$$0000000A  libinit2.o(c_w.l)
    0x00000146   0x00000000   Code   RO          291    .ARM.Collect$$libinit$$0000000D  libinit2.o(c_w.l)
    0x00000146   0x00000000   Code   RO          293    .ARM.Collect$$libinit$$0000000F  libinit2.o(c_w.l)
    0x00000146   0x00000000   Code   RO          295    .ARM.Collect$$libinit$$00000011  libinit2.o(c_w.l)
    0x00000146   0x00000000   Code   RO          297    .ARM.Collect$$libinit$$00000013  libinit2.o(c_w.l)
    0x00000146   0x00000000   Code   RO          299    .ARM.Collect$$libinit$$00000015  libinit2.o(c_w.l)
    0x00000146   0x00000000   Code   RO          301    .ARM.Collect$$libinit$$00000017  libinit2.o(c_w.l)
    0x00000146   0x00000000   Code   RO          303    .ARM.Collect$$libinit$$00000019  libinit2.o(c_w.l)
    0x00000146   0x00000000   Code   RO          305    .ARM.Collect$$libinit$$0000001B  libinit2.o(c_w.l)
    0x00000146   0x00000000   Code   RO          307    .ARM.Collect$$libinit$$0000001D  libinit2.o(c_w.l)
    0x00000146   0x00000000   Code   RO          309    .ARM.Collect$$libinit$$0000001F  libinit2.o(c_w.l)
    0x00000146   0x00000000   Code   RO          311    .ARM.Collect$$libinit$$00000021  libinit2.o(c_w.l)
    0x00000146   0x00000000   Code   RO          315    .ARM.Collect$$libinit$$00000028  libinit2.o(c_w.l)
    0x00000146   0x00000000   Code   RO          317    .ARM.Collect$$libinit$$0000002A  libinit2.o(c_w.l)
    0x00000146   0x00000000   Code   RO          319    .ARM.Collect$$libinit$$0000002C  libinit2.o(c_w.l)
    0x00000146   0x00000000   Code   RO          321    .ARM.Collect$$libinit$$0000002E  libinit2.o(c_w.l)
    0x00000146   0x00000002   Code   RO          322    .ARM.Collect$$libinit$$0000002F  libinit2.o(c_w.l)
    0x00000148   0x00000002   Code   RO          348    .ARM.Collect$$libshutdown$$00000000  libshutdown.o(c_w.l)
    0x0000014a   0x00000000   Code   RO          361    .ARM.Collect$$libshutdown$$00000003  libshutdown2.o(c_w.l)
    0x0000014a   0x00000000   Code   RO          364    .ARM.Collect$$libshutdown$$00000006  libshutdown2.o(c_w.l)
    0x0000014a   0x00000000   Code   RO          367    .ARM.Collect$$libshutdown$$00000009  libshutdown2.o(c_w.l)
    0x0000014a   0x00000000   Code   RO          369    .ARM.Collect$$libshutdown$$0000000B  libshutdown2.o(c_w.l)
    0x0000014a   0x00000000   Code   RO          372    .ARM.Collect$$libshutdown$$0000000E  libshutdown2.o(c_w.l)
    0x0000014a   0x00000002   Code   RO          373    .ARM.Collect$$libshutdown$$0000000F  libshutdown2.o(c_w.l)
    0x0000014c   0x00000000   Code   RO          246    .ARM.Collect$$rtentry$$00000000  rtentry.o(c_w.l)
    0x0000014c   0x00000000   Code   RO          249    .ARM.Collect$$rtentry$$00000002  rtentry2.o(c_w.l)
    0x0000014c   0x00000006   Code   RO          264    .ARM.Collect$$rtentry$$00000004  rtentry4.o(c_w.l)
    0x00000152   0x00000000   Code   RO          251    .ARM.Collect$$rtentry$$00000009  rtentry2.o(c_w.l)
    0x00000152   0x00000004   Code   RO          252    .ARM.Collect$$rtentry$$0000000A  rtentry2.o(c_w.l)
    0x00000156   0x00000000   Code   RO          254    .ARM.Collect$$rtentry$$0000000C  rtentry2.o(c_w.l)
    0x00000156   0x00000008   Code   RO          255    .ARM.Collect$$rtentry$$0000000D  rtentry2.o(c_w.l)
    0x0000015e   0x00000002   Code   RO          280    .ARM.Collect$$rtexit$$00000000  rtexit.o(c_w.l)
    0x00000160   0x00000000   Code   RO          326    .ARM.Collect$$rtexit$$00000002  rtexit2.o(c_w.l)
    0x00000160   0x00000004   Code   RO          327    .ARM.Collect$$rtexit$$00000003  rtexit2.o(c_w.l)
    0x00000164   0x00000006   Code   RO          328    .ARM.Collect$$rtexit$$00000004  rtexit2.o(c_w.l)
    0x0000016a   0x00000002   PAD
    0x0000016c   0x00000034   Code   RO           21    .text               startup_lpc17xx.o
    0x000001a0   0x000000e0   Code   RO           51    .text               usbuser.o
    0x00000280   0x00000006   Code   RO          242    .text               heapauxi.o(c_w.l)
    0x00000286   0x0000004a   Code   RO          266    .text               sys_stackheap_outer.o(c_w.l)
    0x000002d0   0x0000000c   Code   RO          268    .text               exit.o(c_w.l)
    0x000002dc   0x00000008   Code   RO          277    .text               libspace.o(c_w.l)
    0x000002e4   0x0000000c   Code   RO          336    .text               rt_fp_status_addr_intlibspace.o(c_w.l)
    0x000002f0   0x00000002   Code   RO          351    .text               use_no_semi.o(c_w.l)
    0x000002f2   0x0000000a   PAD
    0x000002fc   0x00000004   Code   RO           20    .ARM.__at_0x02FC    startup_lpc17xx.o
    0x00000300   0x0000025c   Code   RO           27    .text               system_lpc17xx.o
    0x0000055c   0x000003dc   Code   RO           89    .text               usbcore.o
    0x00000938   0x00000228   Code   RO          173    .text               usbdmain.o
    0x00000b60   0x000008d0   Code   RO          199    .text               usbhw.o
    0x00001430   0x000000e8   Code   RO          220    .text               adcuser.o
    0x00001518   0x00000014   Code   RO          340    .text               sys_exit.o(c_w.l)
    0x0000152c   0x000000b8   Code   RO          114    i.USB_ReqGetDescriptor  usbcore.o
    0x000015e4   0x000000c0   Code   RO          102    i.USB_ReqGetStatus  usbcore.o
    0x000016a4   0x000000ec   Code   RO          108    i.USB_ReqSetClrFeature  usbcore.o
    0x00001790   0x000001b8   Code   RO          120    i.USB_ReqSetConfiguration  usbcore.o
    0x00001948   0x00000134   Code   RO          126    i.USB_ReqSetInterface  usbcore.o
    0x00001a7c   0x0000000e   Code   RO          323    x$fpl$fpinit        fpinit.o(fz_ws.l)
    0x00001a8a   0x00000002   PAD
    0x00001a8c   0x00000040   Data   RO           52    .constdata          usbuser.o
    0x00001acc   0x000000e4   Data   RO          161    .constdata          usbdesc.o
    0x00001bb0   0x00000010   Data   RO          201    .constdata          usbhw.o
    0x00001bc0   0x00000030   Data   RO          404    Region$$Table       anon$$obj.o


    Execution Region RW_IRAM1 (Base: 0x10000000, Size: 0x00000378, Max: 0x00008000, ABSOLUTE)

    Base Addr    Size         Type   Attr      Idx    E Section Name        Object

    0x10000000   0x00000004   Data   RW           28    .data               system_lpc17xx.o
    0x10000004   0x00000028   Data   RW           91    .data               usbcore.o
    0x1000002c   0x00000020   Data   RW          174    .data               usbdmain.o
    0x1000004c   0x00000008   Data   RW          202    .data               usbhw.o
    0x10000054   0x00000002   Data   RW          222    .data               adcuser.o
    0x10000056   0x00000002   PAD
    0x10000058   0x00000040   Zero   RW           90    .bss                usbcore.o
    0x10000098   0x00000080   Zero   RW          200    .bss                usbhw.o
    0x10000118   0x00000060   Zero   RW          278    .bss                libspace.o(c_w.l)
    0x10000178   0x00000000   Zero   RW           18    HEAP                startup_lpc17xx.o
    0x10000178   0x00000200   Zero   RW           17    STACK               startup_lpc17xx.o


    Execution Region RW_USBRAM (Base: 0x20080000, Size: 0x00000220, Max: 0x00004000, ABSOLUTE)

    Base Addr    Size         Type   Attr      Idx    E Section Name        Object

    0x20080000   0x00000220   Zero   RW          203    USB_RAM             usbhw.o


==============================================================================

Image component sizes


      Code (inc. data)   RO Data    RW Data    ZI Data      Debug   Object Name

       232         16          0          2          0       1548   adcuser.o
         0          0          0          0          0       4196   core_cm3.o
        56         22        204          0        512        628   startup_lpc17xx.o
       604         72          0          4          0      17219   system_lpc17xx.o
      2348        208          0         40         64       7675   usbcore.o
         0          0        228          0          0        589   usbdesc.o
       552         76          0         32          0       6729   usbdmain.o
      2256        260         16          8        672       8203   usbhw.o
       224         22         64          0          0       8703   usbuser.o

    ----------------------------------------------------------------------
      6272        676        560         88       1248      55490   Object Totals
         0          0         48          0          0          0   (incl. Generated)
         0          0          0          2          0          0   (incl. Padding)

    ----------------------------------------------------------------------

      Code (inc. data)   RO Data    RW Data    ZI Data      Debug   Library Member Name

         8          0          0          0          0         68   __main.o
        52          8          0          0          0          0   __scatter.o
        26          0          0          0          0          0   __scatter_copy.o
        28          0          0          0          0          0   __scatter_zi.o
        12          0          0          0          0         68   exit.o
        14          0          0          0          0         76   fpinit.o
         6          0          0          0          0        148   heapauxi.o
         6          0          0          0          0          0   libinit.o
         2          0          0          0          0          0   libinit2.o
         2          0          0          0          0          0   libshutdown.o
         2          0          0          0          0          0   libshutdown2.o
         8          4          0          0         96         68   libspace.o
        12          6          0          0          0         68   rt_fp_status_addr_intlibspace.o
         0          0          0          0          0          0   rtentry.o
        12          0          0          0          0          0   rtentry2.o
         6          0          0          0          0          0   rtentry4.o
         2          0          0          0          0          0   rtexit.o
        10          0          0          0          0          0   rtexit2.o
        20         10          0          0          0         68   sys_exit.o
        74          0          0          0          0         80   sys_stackheap_outer.o
         2          0          0          0          0         68   use_no_semi.o

    ----------------------------------------------------------------------
       320         28          0          0         96        712   Library Totals
        16          0          0          0          0          0   (incl. Padding)

    ----------------------------------------------------------------------

      Code (inc. data)   RO Data    RW Data    ZI Data      Debug   Library Name

       290         28          0          0         96        636   c_w.l
        14          0          0          0          0         76   fz_ws.l

    ----------------------------------------------------------------------
       320         28          0          0         96        712   Library Totals

    ----------------------------------------------------------------------

==============================================================================


      Code (inc. data)   RO Data    RW Data    ZI Data      Debug   

      6592        704        560         88       1344      55052   Grand Totals
      6592        704        560         88       1344      55052   ELF Image Totals
      6592        704        560         88          0          0   ROM Totals

==============================================================================

    Total RO  Size (Code + RO Data)                 7152 (   6.98kB)
    Total RW  Size (RW Data + ZI Data)              1432 (   1.40kB)
    Total ROM Size (Code + RO Data + RW Data)       7240 (   7.07kB)

==============================================================================

