<!doctype html public "-//w3c//dtd html 4.0 transitional//en">
<html><head>
<title>Static Call Graph - [.\Flash\Blinky.axf]</title></head>
<body><HR>
<H1>Static Call Graph for image .\Flash\Blinky.axf</H1><HR>
<BR><P>#&#060CALLGRAPH&#062# ARM Linker, RVCT4.0 [Build 728]: Last Updated: Thu Jul 05 10:53:06 2012
<BR><P>
<H3>Maximum Stack Usage =         40 bytes + Unknown(Cycles, Untraceable Function Pointers)</H3><H3>
Call chain for Maximum Stack Depth:</H3>
main &rArr; __2printf
<P>
<H3>
Mutually Recursive functions
</H3> <LI><a href="#[16025e0]">NMI_Handler</a>&nbsp;&nbsp;&nbsp;&rArr;&nbsp;&nbsp;&nbsp;<a href="#[16025e0]">NMI_Handler</a><BR>
 <LI><a href="#[16025a4]">HardFault_Handler</a>&nbsp;&nbsp;&nbsp;&rArr;&nbsp;&nbsp;&nbsp;<a href="#[16025a4]">HardFault_Handler</a><BR>
 <LI><a href="#[1602568]">MemManage_Handler</a>&nbsp;&nbsp;&nbsp;&rArr;&nbsp;&nbsp;&nbsp;<a href="#[1602568]">MemManage_Handler</a><BR>
 <LI><a href="#[160252c]">BusFault_Handler</a>&nbsp;&nbsp;&nbsp;&rArr;&nbsp;&nbsp;&nbsp;<a href="#[160252c]">BusFault_Handler</a><BR>
 <LI><a href="#[16024f0]">UsageFault_Handler</a>&nbsp;&nbsp;&nbsp;&rArr;&nbsp;&nbsp;&nbsp;<a href="#[16024f0]">UsageFault_Handler</a><BR>
 <LI><a href="#[16024b4]">SVC_Handler</a>&nbsp;&nbsp;&nbsp;&rArr;&nbsp;&nbsp;&nbsp;<a href="#[16024b4]">SVC_Handler</a><BR>
 <LI><a href="#[1602478]">DebugMon_Handler</a>&nbsp;&nbsp;&nbsp;&rArr;&nbsp;&nbsp;&nbsp;<a href="#[1602478]">DebugMon_Handler</a><BR>
 <LI><a href="#[160243c]">PendSV_Handler</a>&nbsp;&nbsp;&nbsp;&rArr;&nbsp;&nbsp;&nbsp;<a href="#[160243c]">PendSV_Handler</a><BR>
 <LI><a href="#[1602388]">BOD_IRQHandler</a>&nbsp;&nbsp;&nbsp;&rArr;&nbsp;&nbsp;&nbsp;<a href="#[1602388]">BOD_IRQHandler</a><BR>
</UL>
<P>
<H3>
Function Pointers
</H3><UL>
 <LI><a href="#[160261c]">Reset_Handler</a>
 <LI><a href="#[16025e0]">NMI_Handler</a>
 <LI><a href="#[16025a4]">HardFault_Handler</a>
 <LI><a href="#[1602568]">MemManage_Handler</a>
 <LI><a href="#[160252c]">BusFault_Handler</a>
 <LI><a href="#[16024f0]">UsageFault_Handler</a>
 <LI><a href="#[16024b4]">SVC_Handler</a>
 <LI><a href="#[1602478]">DebugMon_Handler</a>
 <LI><a href="#[160243c]">PendSV_Handler</a>
 <LI><a href="#[15ffb74]">SysTick_Handler</a>
 <LI><a href="#[1601bcc]">WDT_IRQHandler</a>
 <LI><a href="#[1601e24]">TIMER0_IRQHandler</a>
 <LI><a href="#[1601de8]">TIMER1_IRQHandler</a>
 <LI><a href="#[1601dac]">TIMER2_IRQHandler</a>
 <LI><a href="#[1601d70]">TIMER3_IRQHandler</a>
 <LI><a href="#[1601d34]">UART0_IRQHandler</a>
 <LI><a href="#[1601cf8]">UART1_IRQHandler</a>
 <LI><a href="#[1601cbc]">UART2_IRQHandler</a>
 <LI><a href="#[1601c80]">UART3_IRQHandler</a>
 <LI><a href="#[1601fc8]">PWM1_IRQHandler</a>
 <LI><a href="#[160216c]">I2C0_IRQHandler</a>
 <LI><a href="#[1602130]">I2C1_IRQHandler</a>
 <LI><a href="#[16020f4]">I2C2_IRQHandler</a>
 <LI><a href="#[1601ed8]">SPI_IRQHandler</a>
 <LI><a href="#[1601e9c]">SSP0_IRQHandler</a>
 <LI><a href="#[1601e60]">SSP1_IRQHandler</a>
 <LI><a href="#[1602040]">PLL0_IRQHandler</a>
 <LI><a href="#[1601f14]">RTC_IRQHandler</a>
 <LI><a href="#[1602298]">EINT0_IRQHandler</a>
 <LI><a href="#[160225c]">EINT1_IRQHandler</a>
 <LI><a href="#[1602220]">EINT2_IRQHandler</a>
 <LI><a href="#[16021e4]">EINT3_IRQHandler</a>
 <LI><a href="#[15ffb38]">ADC_IRQHandler</a>
 <LI><a href="#[1602388]">BOD_IRQHandler</a>
 <LI><a href="#[1601c08]">USB_IRQHandler</a>
 <LI><a href="#[1602310]">CAN_IRQHandler</a>
 <LI><a href="#[16022d4]">DMA_IRQHandler</a>
 <LI><a href="#[16020b8]">I2S_IRQHandler</a>
 <LI><a href="#[16021a8]">ENET_IRQHandler</a>
 <LI><a href="#[1601f50]">RIT_IRQHandler</a>
 <LI><a href="#[160207c]">MCPWM_IRQHandler</a>
 <LI><a href="#[1601f8c]">QEI_IRQHandler</a>
 <LI><a href="#[1602004]">PLL1_IRQHandler</a>
 <LI><a href="#[1601c44]">USBActivity_IRQHandler</a>
 <LI><a href="#[160234c]">CANActivity_IRQHandler</a>
 <LI><a href="#[16003a8]">main</a>
 <LI><a href="#[15fed64]">__main</a>
 <LI><a href="#[15fefbc]">fputc</a>
</UL>
<P>
<H3>
Global Symbols
</H3>
<P><STRONG><a name="[15fed64]"></a>__main</STRONG> (Thumb, 0 bytes, Stack size unknown bytes, entry.o(.ARM.Collect$$$$00000000))
<BR>[Address Reference Count : 1]<UL><LI> startup_lpc17xx.o(.text)
</UL>
<P><STRONG><a name="[15f5098]"></a>_main_stk</STRONG> (Thumb, 0 bytes, Stack size unknown bytes, entry2.o(.ARM.Collect$$$$00000001))
<BR><BR>[Calls]<UL><LI><a href="#[160252c]">&gt;&gt;</a>&nbsp;&nbsp;&nbsp;BusFault_Handler
</UL>

<P><STRONG><a name="[15f4f6c]"></a>_main_scatterload</STRONG> (Thumb, 0 bytes, Stack size unknown bytes, entry5.o(.ARM.Collect$$$$00000004))
<BR><BR>[Calls]<UL><LI><a href="#[15f451c]">&gt;&gt;</a>&nbsp;&nbsp;&nbsp;__scatterload
</UL>

<P><STRONG><a name="[15f4f30]"></a>__main_after_scatterload</STRONG> (Thumb, 0 bytes, Stack size unknown bytes, entry5.o(.ARM.Collect$$$$00000004))
<BR><BR>[Called By]<UL><LI><a href="#[15f451c]">&gt;&gt;</a>&nbsp;&nbsp;&nbsp;__scatterload
</UL>

<P><STRONG><a name="[15f4e40]"></a>_main_init</STRONG> (Thumb, 0 bytes, Stack size unknown bytes, entry7.o(.ARM.Collect$$$$00000007))

<P><STRONG><a name="[160261c]"></a>Reset_Handler</STRONG> (Thumb, 4 bytes, Stack size 0 bytes, startup_lpc17xx.o(.text))
<BR>[Address Reference Count : 1]<UL><LI> startup_lpc17xx.o(RESET)
</UL>
<P><STRONG><a name="[16025e0]"></a>NMI_Handler</STRONG> (Thumb, 2 bytes, Stack size 0 bytes, startup_lpc17xx.o(.text))
<BR><BR>[Calls]<UL><LI><a href="#[16025e0]">&gt;&gt;</a>&nbsp;&nbsp;&nbsp;NMI_Handler
</UL>
<BR>[Called By]<UL><LI><a href="#[16025e0]">&gt;&gt;</a>&nbsp;&nbsp;&nbsp;NMI_Handler
</UL>
<BR>[Address Reference Count : 1]<UL><LI> startup_lpc17xx.o(RESET)
</UL>
<P><STRONG><a name="[16025a4]"></a>HardFault_Handler</STRONG> (Thumb, 2 bytes, Stack size 0 bytes, startup_lpc17xx.o(.text))
<BR><BR>[Calls]<UL><LI><a href="#[16025a4]">&gt;&gt;</a>&nbsp;&nbsp;&nbsp;HardFault_Handler
</UL>
<BR>[Called By]<UL><LI><a href="#[16025a4]">&gt;&gt;</a>&nbsp;&nbsp;&nbsp;HardFault_Handler
</UL>
<BR>[Address Reference Count : 1]<UL><LI> startup_lpc17xx.o(RESET)
</UL>
<P><STRONG><a name="[1602568]"></a>MemManage_Handler</STRONG> (Thumb, 2 bytes, Stack size 0 bytes, startup_lpc17xx.o(.text))
<BR><BR>[Calls]<UL><LI><a href="#[1602568]">&gt;&gt;</a>&nbsp;&nbsp;&nbsp;MemManage_Handler
</UL>
<BR>[Called By]<UL><LI><a href="#[1602568]">&gt;&gt;</a>&nbsp;&nbsp;&nbsp;MemManage_Handler
</UL>
<BR>[Address Reference Count : 1]<UL><LI> startup_lpc17xx.o(RESET)
</UL>
<P><STRONG><a name="[160252c]"></a>BusFault_Handler</STRONG> (Thumb, 2 bytes, Stack size 0 bytes, startup_lpc17xx.o(.text))
<BR><BR>[Calls]<UL><LI><a href="#[160252c]">&gt;&gt;</a>&nbsp;&nbsp;&nbsp;BusFault_Handler
</UL>
<BR>[Called By]<UL><LI><a href="#[15f5098]">&gt;&gt;</a>&nbsp;&nbsp;&nbsp;_main_stk
<LI><a href="#[160252c]">&gt;&gt;</a>&nbsp;&nbsp;&nbsp;BusFault_Handler
</UL>
<BR>[Address Reference Count : 1]<UL><LI> startup_lpc17xx.o(RESET)
</UL>
<P><STRONG><a name="[16024f0]"></a>UsageFault_Handler</STRONG> (Thumb, 2 bytes, Stack size 0 bytes, startup_lpc17xx.o(.text))
<BR><BR>[Calls]<UL><LI><a href="#[16024f0]">&gt;&gt;</a>&nbsp;&nbsp;&nbsp;UsageFault_Handler
</UL>
<BR>[Called By]<UL><LI><a href="#[16024f0]">&gt;&gt;</a>&nbsp;&nbsp;&nbsp;UsageFault_Handler
</UL>
<BR>[Address Reference Count : 1]<UL><LI> startup_lpc17xx.o(RESET)
</UL>
<P><STRONG><a name="[16024b4]"></a>SVC_Handler</STRONG> (Thumb, 2 bytes, Stack size 0 bytes, startup_lpc17xx.o(.text))
<BR><BR>[Calls]<UL><LI><a href="#[16024b4]">&gt;&gt;</a>&nbsp;&nbsp;&nbsp;SVC_Handler
</UL>
<BR>[Called By]<UL><LI><a href="#[16024b4]">&gt;&gt;</a>&nbsp;&nbsp;&nbsp;SVC_Handler
</UL>
<BR>[Address Reference Count : 1]<UL><LI> startup_lpc17xx.o(RESET)
</UL>
<P><STRONG><a name="[1602478]"></a>DebugMon_Handler</STRONG> (Thumb, 2 bytes, Stack size 0 bytes, startup_lpc17xx.o(.text))
<BR><BR>[Calls]<UL><LI><a href="#[1602478]">&gt;&gt;</a>&nbsp;&nbsp;&nbsp;DebugMon_Handler
</UL>
<BR>[Called By]<UL><LI><a href="#[1602478]">&gt;&gt;</a>&nbsp;&nbsp;&nbsp;DebugMon_Handler
</UL>
<BR>[Address Reference Count : 1]<UL><LI> startup_lpc17xx.o(RESET)
</UL>
<P><STRONG><a name="[160243c]"></a>PendSV_Handler</STRONG> (Thumb, 2 bytes, Stack size 0 bytes, startup_lpc17xx.o(.text))
<BR><BR>[Calls]<UL><LI><a href="#[160243c]">&gt;&gt;</a>&nbsp;&nbsp;&nbsp;PendSV_Handler
</UL>
<BR>[Called By]<UL><LI><a href="#[160243c]">&gt;&gt;</a>&nbsp;&nbsp;&nbsp;PendSV_Handler
</UL>
<BR>[Address Reference Count : 1]<UL><LI> startup_lpc17xx.o(RESET)
</UL>
<P><STRONG><a name="[1602388]"></a>BOD_IRQHandler</STRONG> (Thumb, 0 bytes, Stack size 0 bytes, startup_lpc17xx.o(.text))
<BR><BR>[Calls]<UL><LI><a href="#[1602388]">&gt;&gt;</a>&nbsp;&nbsp;&nbsp;BOD_IRQHandler
</UL>
<BR>[Called By]<UL><LI><a href="#[1602388]">&gt;&gt;</a>&nbsp;&nbsp;&nbsp;BOD_IRQHandler
</UL>
<BR>[Address Reference Count : 1]<UL><LI> startup_lpc17xx.o(RESET)
</UL>
<P><STRONG><a name="[160234c]"></a>CANActivity_IRQHandler</STRONG> (Thumb, 0 bytes, Stack size 0 bytes, startup_lpc17xx.o(.text))
<BR>[Address Reference Count : 1]<UL><LI> startup_lpc17xx.o(RESET)
</UL>
<P><STRONG><a name="[1602310]"></a>CAN_IRQHandler</STRONG> (Thumb, 0 bytes, Stack size 0 bytes, startup_lpc17xx.o(.text))
<BR>[Address Reference Count : 1]<UL><LI> startup_lpc17xx.o(RESET)
</UL>
<P><STRONG><a name="[16022d4]"></a>DMA_IRQHandler</STRONG> (Thumb, 0 bytes, Stack size 0 bytes, startup_lpc17xx.o(.text))
<BR>[Address Reference Count : 1]<UL><LI> startup_lpc17xx.o(RESET)
</UL>
<P><STRONG><a name="[1602298]"></a>EINT0_IRQHandler</STRONG> (Thumb, 0 bytes, Stack size 0 bytes, startup_lpc17xx.o(.text))
<BR>[Address Reference Count : 1]<UL><LI> startup_lpc17xx.o(RESET)
</UL>
<P><STRONG><a name="[160225c]"></a>EINT1_IRQHandler</STRONG> (Thumb, 0 bytes, Stack size 0 bytes, startup_lpc17xx.o(.text))
<BR>[Address Reference Count : 1]<UL><LI> startup_lpc17xx.o(RESET)
</UL>
<P><STRONG><a name="[1602220]"></a>EINT2_IRQHandler</STRONG> (Thumb, 0 bytes, Stack size 0 bytes, startup_lpc17xx.o(.text))
<BR>[Address Reference Count : 1]<UL><LI> startup_lpc17xx.o(RESET)
</UL>
<P><STRONG><a name="[16021e4]"></a>EINT3_IRQHandler</STRONG> (Thumb, 0 bytes, Stack size 0 bytes, startup_lpc17xx.o(.text))
<BR>[Address Reference Count : 1]<UL><LI> startup_lpc17xx.o(RESET)
</UL>
<P><STRONG><a name="[16021a8]"></a>ENET_IRQHandler</STRONG> (Thumb, 0 bytes, Stack size 0 bytes, startup_lpc17xx.o(.text))
<BR>[Address Reference Count : 1]<UL><LI> startup_lpc17xx.o(RESET)
</UL>
<P><STRONG><a name="[160216c]"></a>I2C0_IRQHandler</STRONG> (Thumb, 0 bytes, Stack size 0 bytes, startup_lpc17xx.o(.text))
<BR>[Address Reference Count : 1]<UL><LI> startup_lpc17xx.o(RESET)
</UL>
<P><STRONG><a name="[1602130]"></a>I2C1_IRQHandler</STRONG> (Thumb, 0 bytes, Stack size 0 bytes, startup_lpc17xx.o(.text))
<BR>[Address Reference Count : 1]<UL><LI> startup_lpc17xx.o(RESET)
</UL>
<P><STRONG><a name="[16020f4]"></a>I2C2_IRQHandler</STRONG> (Thumb, 0 bytes, Stack size 0 bytes, startup_lpc17xx.o(.text))
<BR>[Address Reference Count : 1]<UL><LI> startup_lpc17xx.o(RESET)
</UL>
<P><STRONG><a name="[16020b8]"></a>I2S_IRQHandler</STRONG> (Thumb, 0 bytes, Stack size 0 bytes, startup_lpc17xx.o(.text))
<BR>[Address Reference Count : 1]<UL><LI> startup_lpc17xx.o(RESET)
</UL>
<P><STRONG><a name="[160207c]"></a>MCPWM_IRQHandler</STRONG> (Thumb, 0 bytes, Stack size 0 bytes, startup_lpc17xx.o(.text))
<BR>[Address Reference Count : 1]<UL><LI> startup_lpc17xx.o(RESET)
</UL>
<P><STRONG><a name="[1602040]"></a>PLL0_IRQHandler</STRONG> (Thumb, 0 bytes, Stack size 0 bytes, startup_lpc17xx.o(.text))
<BR>[Address Reference Count : 1]<UL><LI> startup_lpc17xx.o(RESET)
</UL>
<P><STRONG><a name="[1602004]"></a>PLL1_IRQHandler</STRONG> (Thumb, 0 bytes, Stack size 0 bytes, startup_lpc17xx.o(.text))
<BR>[Address Reference Count : 1]<UL><LI> startup_lpc17xx.o(RESET)
</UL>
<P><STRONG><a name="[1601fc8]"></a>PWM1_IRQHandler</STRONG> (Thumb, 0 bytes, Stack size 0 bytes, startup_lpc17xx.o(.text))
<BR>[Address Reference Count : 1]<UL><LI> startup_lpc17xx.o(RESET)
</UL>
<P><STRONG><a name="[1601f8c]"></a>QEI_IRQHandler</STRONG> (Thumb, 0 bytes, Stack size 0 bytes, startup_lpc17xx.o(.text))
<BR>[Address Reference Count : 1]<UL><LI> startup_lpc17xx.o(RESET)
</UL>
<P><STRONG><a name="[1601f50]"></a>RIT_IRQHandler</STRONG> (Thumb, 0 bytes, Stack size 0 bytes, startup_lpc17xx.o(.text))
<BR>[Address Reference Count : 1]<UL><LI> startup_lpc17xx.o(RESET)
</UL>
<P><STRONG><a name="[1601f14]"></a>RTC_IRQHandler</STRONG> (Thumb, 0 bytes, Stack size 0 bytes, startup_lpc17xx.o(.text))
<BR>[Address Reference Count : 1]<UL><LI> startup_lpc17xx.o(RESET)
</UL>
<P><STRONG><a name="[1601ed8]"></a>SPI_IRQHandler</STRONG> (Thumb, 0 bytes, Stack size 0 bytes, startup_lpc17xx.o(.text))
<BR>[Address Reference Count : 1]<UL><LI> startup_lpc17xx.o(RESET)
</UL>
<P><STRONG><a name="[1601e9c]"></a>SSP0_IRQHandler</STRONG> (Thumb, 0 bytes, Stack size 0 bytes, startup_lpc17xx.o(.text))
<BR>[Address Reference Count : 1]<UL><LI> startup_lpc17xx.o(RESET)
</UL>
<P><STRONG><a name="[1601e60]"></a>SSP1_IRQHandler</STRONG> (Thumb, 0 bytes, Stack size 0 bytes, startup_lpc17xx.o(.text))
<BR>[Address Reference Count : 1]<UL><LI> startup_lpc17xx.o(RESET)
</UL>
<P><STRONG><a name="[1601e24]"></a>TIMER0_IRQHandler</STRONG> (Thumb, 0 bytes, Stack size 0 bytes, startup_lpc17xx.o(.text))
<BR>[Address Reference Count : 1]<UL><LI> startup_lpc17xx.o(RESET)
</UL>
<P><STRONG><a name="[1601de8]"></a>TIMER1_IRQHandler</STRONG> (Thumb, 0 bytes, Stack size 0 bytes, startup_lpc17xx.o(.text))
<BR>[Address Reference Count : 1]<UL><LI> startup_lpc17xx.o(RESET)
</UL>
<P><STRONG><a name="[1601dac]"></a>TIMER2_IRQHandler</STRONG> (Thumb, 0 bytes, Stack size 0 bytes, startup_lpc17xx.o(.text))
<BR>[Address Reference Count : 1]<UL><LI> startup_lpc17xx.o(RESET)
</UL>
<P><STRONG><a name="[1601d70]"></a>TIMER3_IRQHandler</STRONG> (Thumb, 0 bytes, Stack size 0 bytes, startup_lpc17xx.o(.text))
<BR>[Address Reference Count : 1]<UL><LI> startup_lpc17xx.o(RESET)
</UL>
<P><STRONG><a name="[1601d34]"></a>UART0_IRQHandler</STRONG> (Thumb, 0 bytes, Stack size 0 bytes, startup_lpc17xx.o(.text))
<BR>[Address Reference Count : 1]<UL><LI> startup_lpc17xx.o(RESET)
</UL>
<P><STRONG><a name="[1601cf8]"></a>UART1_IRQHandler</STRONG> (Thumb, 0 bytes, Stack size 0 bytes, startup_lpc17xx.o(.text))
<BR>[Address Reference Count : 1]<UL><LI> startup_lpc17xx.o(RESET)
</UL>
<P><STRONG><a name="[1601cbc]"></a>UART2_IRQHandler</STRONG> (Thumb, 0 bytes, Stack size 0 bytes, startup_lpc17xx.o(.text))
<BR>[Address Reference Count : 1]<UL><LI> startup_lpc17xx.o(RESET)
</UL>
<P><STRONG><a name="[1601c80]"></a>UART3_IRQHandler</STRONG> (Thumb, 0 bytes, Stack size 0 bytes, startup_lpc17xx.o(.text))
<BR>[Address Reference Count : 1]<UL><LI> startup_lpc17xx.o(RESET)
</UL>
<P><STRONG><a name="[1601c44]"></a>USBActivity_IRQHandler</STRONG> (Thumb, 0 bytes, Stack size 0 bytes, startup_lpc17xx.o(.text))
<BR>[Address Reference Count : 1]<UL><LI> startup_lpc17xx.o(RESET)
</UL>
<P><STRONG><a name="[1601c08]"></a>USB_IRQHandler</STRONG> (Thumb, 0 bytes, Stack size 0 bytes, startup_lpc17xx.o(.text))
<BR>[Address Reference Count : 1]<UL><LI> startup_lpc17xx.o(RESET)
</UL>
<P><STRONG><a name="[1601bcc]"></a>WDT_IRQHandler</STRONG> (Thumb, 0 bytes, Stack size 0 bytes, startup_lpc17xx.o(.text))
<BR>[Address Reference Count : 1]<UL><LI> startup_lpc17xx.o(RESET)
</UL>
<P><STRONG><a name="[16004d4]"></a>ADC_init</STRONG> (Thumb, 82 bytes, Stack size 0 bytes, blinky.o(.text))
<BR><BR>[Called By]<UL><LI><a href="#[16003a8]">&gt;&gt;</a>&nbsp;&nbsp;&nbsp;main
</UL>

<P><STRONG><a name="[1600498]"></a>LED_init</STRONG> (Thumb, 30 bytes, Stack size 0 bytes, blinky.o(.text))
<BR><BR>[Called By]<UL><LI><a href="#[16003a8]">&gt;&gt;</a>&nbsp;&nbsp;&nbsp;main
</UL>

<P><STRONG><a name="[160045c]"></a>LED_On</STRONG> (Thumb, 18 bytes, Stack size 0 bytes, blinky.o(.text))
<BR><BR>[Called By]<UL><LI><a href="#[16003e4]">&gt;&gt;</a>&nbsp;&nbsp;&nbsp;LED_Out
</UL>

<P><STRONG><a name="[1600420]"></a>LED_Off</STRONG> (Thumb, 18 bytes, Stack size 0 bytes, blinky.o(.text))
<BR><BR>[Called By]<UL><LI><a href="#[16003e4]">&gt;&gt;</a>&nbsp;&nbsp;&nbsp;LED_Out
</UL>

<P><STRONG><a name="[16003e4]"></a>LED_Out</STRONG> (Thumb, 38 bytes, Stack size 8 bytes, blinky.o(.text))
<BR><BR>[Stack]<UL><LI>Max Depth = 8<LI>Call Chain = LED_Out
</UL>
<BR>[Calls]<UL><LI><a href="#[1600420]">&gt;&gt;</a>&nbsp;&nbsp;&nbsp;LED_Off
<LI><a href="#[160045c]">&gt;&gt;</a>&nbsp;&nbsp;&nbsp;LED_On
</UL>
<BR>[Called By]<UL><LI><a href="#[15ffb74]">&gt;&gt;</a>&nbsp;&nbsp;&nbsp;SysTick_Handler
<LI><a href="#[16003a8]">&gt;&gt;</a>&nbsp;&nbsp;&nbsp;main
</UL>

<P><STRONG><a name="[16003a8]"></a>main</STRONG> (Thumb, 148 bytes, Stack size 16 bytes, blinky.o(.text))
<BR><BR>[Stack]<UL><LI>Max Depth = 40<LI>Call Chain = main &rArr; __2printf
</UL>
<BR>[Calls]<UL><LI><a href="#[15f7564]">&gt;&gt;</a>&nbsp;&nbsp;&nbsp;__2printf
<LI><a href="#[1600330]">&gt;&gt;</a>&nbsp;&nbsp;&nbsp;SER_init
<LI><a href="#[16003e4]">&gt;&gt;</a>&nbsp;&nbsp;&nbsp;LED_Out
<LI><a href="#[1600498]">&gt;&gt;</a>&nbsp;&nbsp;&nbsp;LED_init
<LI><a href="#[16004d4]">&gt;&gt;</a>&nbsp;&nbsp;&nbsp;ADC_init
<LI><a href="#[160135c]">&gt;&gt;</a>&nbsp;&nbsp;&nbsp;SystemInit
</UL>
<BR>[Address Reference Count : 1]<UL><LI> entry7.o(.ARM.Collect$$$$00000007)
</UL>
<P><STRONG><a name="[15ff034]"></a>sendchar</STRONG> (Thumb, 28 bytes, Stack size 8 bytes, retarget.o(.text))
<BR><BR>[Stack]<UL><LI>Max Depth = 8<LI>Call Chain = sendchar
</UL>
<BR>[Calls]<UL><LI><a href="#[15ff7b4]">&gt;&gt;</a>&nbsp;&nbsp;&nbsp;SER_putChar
</UL>
<BR>[Called By]<UL><LI><a href="#[15fef08]">&gt;&gt;</a>&nbsp;&nbsp;&nbsp;_ttywrch
<LI><a href="#[15fefbc]">&gt;&gt;</a>&nbsp;&nbsp;&nbsp;fputc
</UL>

<P><STRONG><a name="[15feff8]"></a>getkey</STRONG> (Thumb, 10 bytes, Stack size 8 bytes, retarget.o(.text), UNUSED)
<BR><BR>[Calls]<UL><LI><a href="#[15ff778]">&gt;&gt;</a>&nbsp;&nbsp;&nbsp;SER_getChar
</UL>
<BR>[Called By]<UL><LI><a href="#[15fef80]">&gt;&gt;</a>&nbsp;&nbsp;&nbsp;fgetc
</UL>

<P><STRONG><a name="[15fefbc]"></a>fputc</STRONG> (Thumb, 14 bytes, Stack size 16 bytes, retarget.o(.text))
<BR><BR>[Stack]<UL><LI>Max Depth = 24<LI>Call Chain = fputc &rArr; sendchar
</UL>
<BR>[Calls]<UL><LI><a href="#[15ff034]">&gt;&gt;</a>&nbsp;&nbsp;&nbsp;sendchar
</UL>
<BR>[Address Reference Count : 1]<UL><LI> printf8.o(i.__0printf$8)
</UL>
<P><STRONG><a name="[15fef80]"></a>fgetc</STRONG> (Thumb, 10 bytes, Stack size 8 bytes, retarget.o(.text), UNUSED)
<BR><BR>[Calls]<UL><LI><a href="#[15feff8]">&gt;&gt;</a>&nbsp;&nbsp;&nbsp;getkey
</UL>

<P><STRONG><a name="[15fef44]"></a>ferror</STRONG> (Thumb, 8 bytes, Stack size 0 bytes, retarget.o(.text), UNUSED)

<P><STRONG><a name="[15fef08]"></a>_ttywrch</STRONG> (Thumb, 12 bytes, Stack size 8 bytes, retarget.o(.text), UNUSED)
<BR><BR>[Calls]<UL><LI><a href="#[15ff034]">&gt;&gt;</a>&nbsp;&nbsp;&nbsp;sendchar
</UL>

<P><STRONG><a name="[15feecc]"></a>_sys_exit</STRONG> (Thumb, 4 bytes, Stack size 0 bytes, retarget.o(.text), UNUSED)

<P><STRONG><a name="[270a748]"></a>__scatterload_copy</STRONG> (Thumb, 14 bytes, Stack size unknown bytes, handlers.o(i.__scatterload_copy), UNUSED)

<P><STRONG><a name="[270a70c]"></a>__scatterload_null</STRONG> (Thumb, 2 bytes, Stack size unknown bytes, handlers.o(i.__scatterload_null), UNUSED)

<P><STRONG><a name="[160135c]"></a>SystemInit</STRONG> (Thumb, 476 bytes, Stack size 0 bytes, system_lpc17xx.o(.text))
<BR><BR>[Called By]<UL><LI><a href="#[16003a8]">&gt;&gt;</a>&nbsp;&nbsp;&nbsp;main
</UL>

<P><STRONG><a name="[15ffb74]"></a>SysTick_Handler</STRONG> (Thumb, 108 bytes, Stack size 8 bytes, irq.o(.text))
<BR><BR>[Stack]<UL><LI>Max Depth = 16<LI>Call Chain = SysTick_Handler &rArr; LED_Out
</UL>
<BR>[Calls]<UL><LI><a href="#[16003e4]">&gt;&gt;</a>&nbsp;&nbsp;&nbsp;LED_Out
</UL>
<BR>[Address Reference Count : 1]<UL><LI> startup_lpc17xx.o(RESET)
</UL>
<P><STRONG><a name="[15ffb38]"></a>ADC_IRQHandler</STRONG> (Thumb, 14 bytes, Stack size 0 bytes, irq.o(.text))
<BR>[Address Reference Count : 1]<UL><LI> startup_lpc17xx.o(RESET)
</UL>
<P><STRONG><a name="[1600330]"></a>SER_init</STRONG> (Thumb, 76 bytes, Stack size 0 bytes, serial.o(.text))
<BR><BR>[Called By]<UL><LI><a href="#[16003a8]">&gt;&gt;</a>&nbsp;&nbsp;&nbsp;main
</UL>

<P><STRONG><a name="[15ff7b4]"></a>SER_putChar</STRONG> (Thumb, 28 bytes, Stack size 0 bytes, serial.o(.text))
<BR><BR>[Called By]<UL><LI><a href="#[15ff034]">&gt;&gt;</a>&nbsp;&nbsp;&nbsp;sendchar
<LI><a href="#[15ff700]">&gt;&gt;</a>&nbsp;&nbsp;&nbsp;SER_putString
</UL>

<P><STRONG><a name="[15ff778]"></a>SER_getChar</STRONG> (Thumb, 26 bytes, Stack size 0 bytes, serial.o(.text), UNUSED)
<BR><BR>[Called By]<UL><LI><a href="#[15feff8]">&gt;&gt;</a>&nbsp;&nbsp;&nbsp;getkey
</UL>

<P><STRONG><a name="[15ff73c]"></a>SER_getChar_nb</STRONG> (Thumb, 28 bytes, Stack size 0 bytes, serial.o(.text), UNUSED)

<P><STRONG><a name="[15ff700]"></a>SER_putString</STRONG> (Thumb, 26 bytes, Stack size 12 bytes, serial.o(.text), UNUSED)
<BR><BR>[Calls]<UL><LI><a href="#[15ff7b4]">&gt;&gt;</a>&nbsp;&nbsp;&nbsp;SER_putChar
</UL>

<P><STRONG><a name="[15f4be8]"></a>__aeabi_uldivmod</STRONG> (Thumb, 90 bytes, Stack size 32 bytes, uldiv.o(.text), UNUSED)
<BR><BR>[Calls]<UL><LI><a href="#[15f41d4]">&gt;&gt;</a>&nbsp;&nbsp;&nbsp;__aeabi_llsr
<LI><a href="#[15f4300]">&gt;&gt;</a>&nbsp;&nbsp;&nbsp;__aeabi_llsl
</UL>
<BR>[Called By]<UL><LI><a href="#[15f77bc]">&gt;&gt;</a>&nbsp;&nbsp;&nbsp;_printf_core
</UL>

<P><STRONG><a name="[15f451c]"></a>__scatterload</STRONG> (Thumb, 28 bytes, Stack size 0 bytes, init.o(.text))
<BR><BR>[Calls]<UL><LI><a href="#[15f4f30]">&gt;&gt;</a>&nbsp;&nbsp;&nbsp;__main_after_scatterload
</UL>
<BR>[Called By]<UL><LI><a href="#[15f4f6c]">&gt;&gt;</a>&nbsp;&nbsp;&nbsp;_main_scatterload
</UL>

<P><STRONG><a name="[15f44e0]"></a>__scatterload_rt2</STRONG> (Thumb, 0 bytes, Stack size 0 bytes, init.o(.text), UNUSED)

<P><STRONG><a name="[15f4300]"></a>__aeabi_llsl</STRONG> (Thumb, 32 bytes, Stack size 0 bytes, llshl.o(.text), UNUSED)
<BR><BR>[Called By]<UL><LI><a href="#[15f4be8]">&gt;&gt;</a>&nbsp;&nbsp;&nbsp;__aeabi_uldivmod
</UL>

<P><STRONG><a name="[15f42c4]"></a>_ll_shift_l</STRONG> (Thumb, 0 bytes, Stack size 0 bytes, llshl.o(.text), UNUSED)

<P><STRONG><a name="[15f41d4]"></a>__aeabi_llsr</STRONG> (Thumb, 30 bytes, Stack size 0 bytes, llushr.o(.text), UNUSED)
<BR><BR>[Called By]<UL><LI><a href="#[15f4be8]">&gt;&gt;</a>&nbsp;&nbsp;&nbsp;__aeabi_uldivmod
</UL>

<P><STRONG><a name="[15f4198]"></a>_ll_ushift_r</STRONG> (Thumb, 0 bytes, Stack size 0 bytes, llushr.o(.text), UNUSED)

<P><STRONG><a name="[15f75dc]"></a>__0printf$8</STRONG> (Thumb, 22 bytes, Stack size 24 bytes, printf8.o(i.__0printf$8), UNUSED)
<BR><BR>[Calls]<UL><LI><a href="#[15f77bc]">&gt;&gt;</a>&nbsp;&nbsp;&nbsp;_printf_core
</UL>

<P><STRONG><a name="[15f75a0]"></a>__1printf$8</STRONG> (Thumb, 0 bytes, Stack size 24 bytes, printf8.o(i.__0printf$8), UNUSED)

<P><STRONG><a name="[15f7564]"></a>__2printf</STRONG> (Thumb, 0 bytes, Stack size 24 bytes, printf8.o(i.__0printf$8))
<BR><BR>[Stack]<UL><LI>Max Depth = 24<LI>Call Chain = __2printf
</UL>
<BR>[Called By]<UL><LI><a href="#[16003a8]">&gt;&gt;</a>&nbsp;&nbsp;&nbsp;main
</UL>

<P><STRONG><a name="[270a6d0]"></a>__scatterload_zeroinit</STRONG> (Thumb, 14 bytes, Stack size unknown bytes, handlers.o(i.__scatterload_zeroinit), UNUSED)
<P>
<H3>
Local Symbols
</H3>
<P><STRONG><a name="[15f77bc]"></a>_printf_core</STRONG> (Thumb, 1106 bytes, Stack size 128 bytes, printf8.o(i._printf_core), UNUSED)
<BR><BR>[Calls]<UL><LI><a href="#[15f4be8]">&gt;&gt;</a>&nbsp;&nbsp;&nbsp;__aeabi_uldivmod
<LI><a href="#[15f7744]">&gt;&gt;</a>&nbsp;&nbsp;&nbsp;_printf_pre_padding
<LI><a href="#[15f7780]">&gt;&gt;</a>&nbsp;&nbsp;&nbsp;_printf_post_padding
</UL>
<BR>[Called By]<UL><LI><a href="#[15f75dc]">&gt;&gt;</a>&nbsp;&nbsp;&nbsp;__0printf$8
</UL>

<P><STRONG><a name="[15f7780]"></a>_printf_post_padding</STRONG> (Thumb, 38 bytes, Stack size 24 bytes, printf8.o(i._printf_post_padding), UNUSED)
<BR><BR>[Called By]<UL><LI><a href="#[15f77bc]">&gt;&gt;</a>&nbsp;&nbsp;&nbsp;_printf_core
</UL>

<P><STRONG><a name="[15f7744]"></a>_printf_pre_padding</STRONG> (Thumb, 46 bytes, Stack size 24 bytes, printf8.o(i._printf_pre_padding), UNUSED)
<BR><BR>[Called By]<UL><LI><a href="#[15f77bc]">&gt;&gt;</a>&nbsp;&nbsp;&nbsp;_printf_core
</UL>
<P>
<H3>
Undefined Global Symbols
</H3><HR></body></html>
