<!doctype html public "-//w3c//dtd html 4.0 transitional//en">
<html><head>
<title>Static Call Graph - [.\Obj\Http_upload.axf]</title></head>
<body><HR>
<H1>Static Call Graph for image .\Obj\Http_upload.axf</H1><HR>
<BR><P>#&#060CALLGRAPH&#062# ARM Linker, RVCT4.0 [Build 728]: Last Updated: Thu Jul 05 12:00:46 2012
<BR><P>
<H3>Maximum Stack Usage =        560 bytes + Unknown(Functions without stacksize, Cycles, Untraceable Function Pointers)</H3><H3>
Call chain for Maximum Stack Depth:</H3>
__rt_entry_main &rArr; main &rArr; main_TcpNet &rArr; run_system &rArr; run_http_server &rArr; http_kill_session &rArr; cgi_process_data &rArr; fopen &rArr; freopen &rArr; _sys_open &rArr; __fopen &rArr; fat_find_file &rArr; fat_find_dir &rArr; write_entries &rArr; check_name &rArr; search_for_name &rArr; set_next_clus &rArr; cache_fat &rArr; mmc_write_sect &rArr; mmc_write_block &rArr; mmc_command
<P>
<H3>
Functions with no stack information
</H3><UL>
 <LI><a href="#[173276c]">__user_initial_stackheap</a>
</UL>
</UL>
<P>
<H3>
Mutually Recursive functions
</H3> <LI><a href="#[1732640]">NMI_Handler</a>&nbsp;&nbsp;&nbsp;&rArr;&nbsp;&nbsp;&nbsp;<a href="#[1732640]">NMI_Handler</a><BR>
 <LI><a href="#[1732604]">HardFault_Handler</a>&nbsp;&nbsp;&nbsp;&rArr;&nbsp;&nbsp;&nbsp;<a href="#[1732604]">HardFault_Handler</a><BR>
 <LI><a href="#[17325c8]">MemManage_Handler</a>&nbsp;&nbsp;&nbsp;&rArr;&nbsp;&nbsp;&nbsp;<a href="#[17325c8]">MemManage_Handler</a><BR>
 <LI><a href="#[173258c]">BusFault_Handler</a>&nbsp;&nbsp;&nbsp;&rArr;&nbsp;&nbsp;&nbsp;<a href="#[173258c]">BusFault_Handler</a><BR>
 <LI><a href="#[1732550]">UsageFault_Handler</a>&nbsp;&nbsp;&nbsp;&rArr;&nbsp;&nbsp;&nbsp;<a href="#[1732550]">UsageFault_Handler</a><BR>
 <LI><a href="#[1732514]">SVC_Handler</a>&nbsp;&nbsp;&nbsp;&rArr;&nbsp;&nbsp;&nbsp;<a href="#[1732514]">SVC_Handler</a><BR>
 <LI><a href="#[17324d8]">DebugMon_Handler</a>&nbsp;&nbsp;&nbsp;&rArr;&nbsp;&nbsp;&nbsp;<a href="#[17324d8]">DebugMon_Handler</a><BR>
 <LI><a href="#[173249c]">PendSV_Handler</a>&nbsp;&nbsp;&nbsp;&rArr;&nbsp;&nbsp;&nbsp;<a href="#[173249c]">PendSV_Handler</a><BR>
 <LI><a href="#[1732460]">SysTick_Handler</a>&nbsp;&nbsp;&nbsp;&rArr;&nbsp;&nbsp;&nbsp;<a href="#[1732460]">SysTick_Handler</a><BR>
 <LI><a href="#[1732424]">ADC_IRQHandler</a>&nbsp;&nbsp;&nbsp;&rArr;&nbsp;&nbsp;&nbsp;<a href="#[1732424]">ADC_IRQHandler</a><BR>
 <LI><a href="#[1734ecc]">sys_error</a>&nbsp;&nbsp;&nbsp;&rArr;&nbsp;&nbsp;&nbsp;<a href="#[1734ecc]">sys_error</a><BR>
 <LI><a href="#[17375f0]">mem_test</a>&nbsp;&nbsp;&nbsp;&rArr;&nbsp;&nbsp;&nbsp;<a href="#[17375f0]">mem_test</a><BR>
 <LI><a href="#[268d758]">str_up_case</a>&nbsp;&nbsp;&nbsp;&rArr;&nbsp;&nbsp;&nbsp;<a href="#[268d758]">str_up_case</a><BR>
 <LI><a href="#[1732d84]">_sys_exit</a>&nbsp;&nbsp;&nbsp;&rArr;&nbsp;&nbsp;&nbsp;<a href="#[1732d84]">_sys_exit</a><BR>
</UL>
<P>
<H3>
Function Pointers
</H3><UL>
 <LI><a href="#[173267c]">Reset_Handler</a>
 <LI><a href="#[1732640]">NMI_Handler</a>
 <LI><a href="#[1732604]">HardFault_Handler</a>
 <LI><a href="#[17325c8]">MemManage_Handler</a>
 <LI><a href="#[173258c]">BusFault_Handler</a>
 <LI><a href="#[1732550]">UsageFault_Handler</a>
 <LI><a href="#[1732514]">SVC_Handler</a>
 <LI><a href="#[17324d8]">DebugMon_Handler</a>
 <LI><a href="#[173249c]">PendSV_Handler</a>
 <LI><a href="#[1732460]">SysTick_Handler</a>
 <LI><a href="#[1731c2c]">WDT_IRQHandler</a>
 <LI><a href="#[1731e84]">TIMER0_IRQHandler</a>
 <LI><a href="#[1731e48]">TIMER1_IRQHandler</a>
 <LI><a href="#[1731e0c]">TIMER2_IRQHandler</a>
 <LI><a href="#[1731dd0]">TIMER3_IRQHandler</a>
 <LI><a href="#[1731d94]">UART0_IRQHandler</a>
 <LI><a href="#[1731d58]">UART1_IRQHandler</a>
 <LI><a href="#[1731d1c]">UART2_IRQHandler</a>
 <LI><a href="#[1731ce0]">UART3_IRQHandler</a>
 <LI><a href="#[1732028]">PWM1_IRQHandler</a>
 <LI><a href="#[17321cc]">I2C0_IRQHandler</a>
 <LI><a href="#[1732190]">I2C1_IRQHandler</a>
 <LI><a href="#[1732154]">I2C2_IRQHandler</a>
 <LI><a href="#[1731f38]">SPI_IRQHandler</a>
 <LI><a href="#[1731efc]">SSP0_IRQHandler</a>
 <LI><a href="#[1731ec0]">SSP1_IRQHandler</a>
 <LI><a href="#[17320a0]">PLL0_IRQHandler</a>
 <LI><a href="#[1731f74]">RTC_IRQHandler</a>
 <LI><a href="#[17322f8]">EINT0_IRQHandler</a>
 <LI><a href="#[17322bc]">EINT1_IRQHandler</a>
 <LI><a href="#[1732280]">EINT2_IRQHandler</a>
 <LI><a href="#[1732244]">EINT3_IRQHandler</a>
 <LI><a href="#[1732424]">ADC_IRQHandler</a>
 <LI><a href="#[17323e8]">BOD_IRQHandler</a>
 <LI><a href="#[1731c68]">USB_IRQHandler</a>
 <LI><a href="#[1732370]">CAN_IRQHandler</a>
 <LI><a href="#[1732334]">DMA_IRQHandler</a>
 <LI><a href="#[1732118]">I2S_IRQHandler</a>
 <LI><a href="#[17310ec]">ENET_IRQHandler</a>
 <LI><a href="#[1731fb0]">RIT_IRQHandler</a>
 <LI><a href="#[17320dc]">MCPWM_IRQHandler</a>
 <LI><a href="#[1731fec]">QEI_IRQHandler</a>
 <LI><a href="#[1732064]">PLL1_IRQHandler</a>
 <LI><a href="#[1731ca4]">USBActivity_IRQHandler</a>
 <LI><a href="#[17323ac]">CANActivity_IRQHandler</a>
 <LI><a href="#[26cc788]">__main</a>
 <LI><a href="#[26ca0dc]">_sputc</a>
 <LI><a href="#[26c63b0]">_get_lc_ctype</a>
 <LI><a href="#[26ca244]">_printf_input_char</a>
 <LI><a href="#[268d2a8]">dhcp_listener</a>
 <LI><a href="#[268dfc8]">http_listener</a>
 <LI><a href="#[268d794]">nbns_listener</a>
</UL>
<P>
<H3>
Global Symbols
</H3>
<P><STRONG><a name="[26cc788]"></a>__main</STRONG> (Thumb, 8 bytes, Stack size 0 bytes, __main.o(!!!main))
<BR><BR>[Calls]<UL><LI><a href="#[26cc440]">&gt;&gt;</a>&nbsp;&nbsp;&nbsp;__rt_entry
<LI><a href="#[279b8e0]">&gt;&gt;</a>&nbsp;&nbsp;&nbsp;__scatterload
</UL>

<P><STRONG><a name="[279b8e0]"></a>__scatterload</STRONG> (Thumb, 0 bytes, Stack size unknown bytes, __scatter.o(!!!scatter))
<BR><BR>[Called By]<UL><LI><a href="#[26cc788]">&gt;&gt;</a>&nbsp;&nbsp;&nbsp;__main
</UL>

<P><STRONG><a name="[279b8a4]"></a>__scatterload_rt2</STRONG> (Thumb, 44 bytes, Stack size unknown bytes, __scatter.o(!!!scatter), UNUSED)
<BR><BR>[Calls]<UL><LI><a href="#[26cc440]">&gt;&gt;</a>&nbsp;&nbsp;&nbsp;__rt_entry
</UL>

<P><STRONG><a name="[279b868]"></a>__scatterload_rt2_thumb_only</STRONG> (Thumb, 0 bytes, Stack size unknown bytes, __scatter.o(!!!scatter), UNUSED)

<P><STRONG><a name="[279b82c]"></a>__scatterload_null</STRONG> (Thumb, 0 bytes, Stack size unknown bytes, __scatter.o(!!!scatter), UNUSED)

<P><STRONG><a name="[279b688]"></a>__scatterload_copy</STRONG> (Thumb, 26 bytes, Stack size unknown bytes, __scatter_copy.o(!!handler_copy), UNUSED)
<BR><BR>[Calls]<UL><LI><a href="#[279b688]">&gt;&gt;</a>&nbsp;&nbsp;&nbsp;__scatterload_copy
</UL>
<BR>[Called By]<UL><LI><a href="#[279b688]">&gt;&gt;</a>&nbsp;&nbsp;&nbsp;__scatterload_copy
</UL>

<P><STRONG><a name="[279b598]"></a>__scatterload_zeroinit</STRONG> (Thumb, 28 bytes, Stack size unknown bytes, __scatter_zi.o(!!handler_zi), UNUSED)

<P><STRONG><a name="[26ce1c8]"></a>_printf_n</STRONG> (Thumb, 0 bytes, Stack size unknown bytes, _printf_n.o(.ARM.Collect$$_printf_percent$$00000001))
<BR><BR>[Calls]<UL><LI><a href="#[26cfb54]">&gt;&gt;</a>&nbsp;&nbsp;&nbsp;_printf_charcount
</UL>

<P><STRONG><a name="[26cdf70]"></a>_printf_percent</STRONG> (Thumb, 0 bytes, Stack size unknown bytes, _printf_percent.o(.ARM.Collect$$_printf_percent$$00000000))
<BR><BR>[Called By]<UL><LI><a href="#[26ce36c]">&gt;&gt;</a>&nbsp;&nbsp;&nbsp;__printf
</UL>

<P><STRONG><a name="[26ce114]"></a>_printf_p</STRONG> (Thumb, 0 bytes, Stack size unknown bytes, _printf_p.o(.ARM.Collect$$_printf_percent$$00000002))
<BR><BR>[Stack]<UL><LI>Max Depth = 64 + Unknown Stack Size
<LI>Call Chain = _printf_p &rArr; _printf_hex_ptr &rArr; _printf_int_common &rArr; _printf_post_padding
</UL>
<BR>[Calls]<UL><LI><a href="#[26cf35c]">&gt;&gt;</a>&nbsp;&nbsp;&nbsp;_printf_hex_ptr
</UL>

<P><STRONG><a name="[26ce024]"></a>_printf_d</STRONG> (Thumb, 0 bytes, Stack size unknown bytes, _printf_d.o(.ARM.Collect$$_printf_percent$$00000009))
<BR><BR>[Stack]<UL><LI>Max Depth = 72 + Unknown Stack Size
<LI>Call Chain = _printf_d &rArr; _printf_int_dec &rArr; _printf_int_common &rArr; _printf_post_padding
</UL>
<BR>[Calls]<UL><LI><a href="#[26cfd34]">&gt;&gt;</a>&nbsp;&nbsp;&nbsp;_printf_int_dec
</UL>

<P><STRONG><a name="[26ce2b8]"></a>_printf_s</STRONG> (Thumb, 0 bytes, Stack size unknown bytes, _printf_s.o(.ARM.Collect$$_printf_percent$$00000014))
<BR><BR>[Stack]<UL><LI>Max Depth = 40 + Unknown Stack Size
<LI>Call Chain = _printf_s &rArr; _printf_string &rArr; _printf_cs_common &rArr; _printf_str &rArr; _printf_post_padding
</UL>
<BR>[Calls]<UL><LI><a href="#[26c9f74]">&gt;&gt;</a>&nbsp;&nbsp;&nbsp;_printf_string
</UL>

<P><STRONG><a name="[26c9e84]"></a>_printf_percent_end</STRONG> (Thumb, 0 bytes, Stack size unknown bytes, _printf_percent_end.o(.ARM.Collect$$_printf_percent$$00000017))

<P><STRONG><a name="[26c26c0]"></a>__rt_lib_init</STRONG> (Thumb, 0 bytes, Stack size unknown bytes, libinit.o(.ARM.Collect$$libinit$$00000000))
<BR><BR>[Stack]<UL><LI>Max Depth = 8 + Unknown Stack Size
<LI>Call Chain = __rt_lib_init &rArr; _fp_init
</UL>
<BR>[Calls]<UL><LI><a href="#[279d6a4]">&gt;&gt;</a>&nbsp;&nbsp;&nbsp;_fp_init
</UL>
<BR>[Called By]<UL><LI><a href="#[26c869c]">&gt;&gt;</a>&nbsp;&nbsp;&nbsp;__rt_entry_li
</UL>

<P><STRONG><a name="[26c5780]"></a>__rt_lib_init_heap_2</STRONG> (Thumb, 0 bytes, Stack size unknown bytes, libinit2.o(.ARM.Collect$$libinit$$00000001))
<BR><BR>[Stack]<UL><LI>Max Depth = 56 + Unknown Stack Size
<LI>Call Chain = __rt_lib_init_heap_2 &rArr; _init_alloc &rArr; __rt_SIGRTMEM &rArr; __rt_SIGRTMEM_inner &rArr; __default_signal_display
</UL>
<BR>[Calls]<UL><LI><a href="#[26c7bd4]">&gt;&gt;</a>&nbsp;&nbsp;&nbsp;_init_alloc
</UL>

<P><STRONG><a name="[26c56cc]"></a>__rt_lib_init_heap_1</STRONG> (Thumb, 0 bytes, Stack size unknown bytes, libinit2.o(.ARM.Collect$$libinit$$00000006))

<P><STRONG><a name="[26c55a0]"></a>__rt_lib_init_lc_common</STRONG> (Thumb, 0 bytes, Stack size unknown bytes, libinit2.o(.ARM.Collect$$libinit$$0000000B))
<BR><BR>[Calls]<UL><LI><a href="#[26c7ee0]">&gt;&gt;</a>&nbsp;&nbsp;&nbsp;__rt_locale
</UL>

<P><STRONG><a name="[26c55dc]"></a>__rt_lib_init_rand_1</STRONG> (Thumb, 0 bytes, Stack size unknown bytes, libinit2.o(.ARM.Collect$$libinit$$0000000A))

<P><STRONG><a name="[26c5654]"></a>__rt_lib_init_user_alloc_1</STRONG> (Thumb, 0 bytes, Stack size unknown bytes, libinit2.o(.ARM.Collect$$libinit$$00000008))

<P><STRONG><a name="[26c5528]"></a>__rt_lib_init_lc_collate_1</STRONG> (Thumb, 0 bytes, Stack size unknown bytes, libinit2.o(.ARM.Collect$$libinit$$0000000D))

<P><STRONG><a name="[26c54ec]"></a>__rt_lib_init_lc_ctype_2</STRONG> (Thumb, 0 bytes, Stack size unknown bytes, libinit2.o(.ARM.Collect$$libinit$$0000000E))
<BR><BR>[Stack]<UL><LI>Max Depth = 8 + Unknown Stack Size
<LI>Call Chain = __rt_lib_init_lc_ctype_2 &rArr; _get_lc_ctype
</UL>
<BR>[Calls]<UL><LI><a href="#[26c63b0]">&gt;&gt;</a>&nbsp;&nbsp;&nbsp;_get_lc_ctype
</UL>

<P><STRONG><a name="[26c52d0]"></a>__rt_lib_init_atexit_1</STRONG> (Thumb, 0 bytes, Stack size unknown bytes, libinit2.o(.ARM.Collect$$libinit$$00000017))

<P><STRONG><a name="[26c5168]"></a>__rt_lib_init_clock_1</STRONG> (Thumb, 0 bytes, Stack size unknown bytes, libinit2.o(.ARM.Collect$$libinit$$0000001D))

<P><STRONG><a name="[26c51e0]"></a>__rt_lib_init_fp_trap_1</STRONG> (Thumb, 0 bytes, Stack size unknown bytes, libinit2.o(.ARM.Collect$$libinit$$0000001B))

<P><STRONG><a name="[26c50f0]"></a>__rt_lib_init_getenv_1</STRONG> (Thumb, 0 bytes, Stack size unknown bytes, libinit2.o(.ARM.Collect$$libinit$$0000001F))

<P><STRONG><a name="[26c54b0]"></a>__rt_lib_init_lc_ctype_1</STRONG> (Thumb, 0 bytes, Stack size unknown bytes, libinit2.o(.ARM.Collect$$libinit$$0000000F))

<P><STRONG><a name="[26c5438]"></a>__rt_lib_init_lc_monetary_1</STRONG> (Thumb, 0 bytes, Stack size unknown bytes, libinit2.o(.ARM.Collect$$libinit$$00000011))

<P><STRONG><a name="[26c53c0]"></a>__rt_lib_init_lc_numeric_1</STRONG> (Thumb, 0 bytes, Stack size unknown bytes, libinit2.o(.ARM.Collect$$libinit$$00000013))

<P><STRONG><a name="[26c5348]"></a>__rt_lib_init_lc_time_1</STRONG> (Thumb, 0 bytes, Stack size unknown bytes, libinit2.o(.ARM.Collect$$libinit$$00000015))

<P><STRONG><a name="[26c5258]"></a>__rt_lib_init_signal_1</STRONG> (Thumb, 0 bytes, Stack size unknown bytes, libinit2.o(.ARM.Collect$$libinit$$00000019))

<P><STRONG><a name="[26c50b4]"></a>__rt_lib_init_stdio_2</STRONG> (Thumb, 0 bytes, Stack size unknown bytes, libinit2.o(.ARM.Collect$$libinit$$00000020))
<BR><BR>[Stack]<UL><LI>Max Depth = 440 + Unknown Stack Size
<LI>Call Chain = __rt_lib_init_stdio_2 &rArr; _initio &rArr; freopen &rArr; _sys_open &rArr; __fopen &rArr; fat_find_file &rArr; fat_find_dir &rArr; write_entries &rArr; check_name &rArr; search_for_name &rArr; set_next_clus &rArr; cache_fat &rArr; mmc_write_sect &rArr; mmc_write_block &rArr; mmc_command
</UL>
<BR>[Calls]<UL><LI><a href="#[26c6a04]">&gt;&gt;</a>&nbsp;&nbsp;&nbsp;_initio
</UL>

<P><STRONG><a name="[26c4e98]"></a>__rt_lib_init_alloca_1</STRONG> (Thumb, 0 bytes, Stack size unknown bytes, libinit2.o(.ARM.Collect$$libinit$$0000002A))

<P><STRONG><a name="[26c4f10]"></a>__rt_lib_init_argv_1</STRONG> (Thumb, 0 bytes, Stack size unknown bytes, libinit2.o(.ARM.Collect$$libinit$$00000028))

<P><STRONG><a name="[26c4da8]"></a>__rt_lib_init_cpp_1</STRONG> (Thumb, 0 bytes, Stack size unknown bytes, libinit2.o(.ARM.Collect$$libinit$$0000002E))

<P><STRONG><a name="[26c4e20]"></a>__rt_lib_init_exceptions_1</STRONG> (Thumb, 0 bytes, Stack size unknown bytes, libinit2.o(.ARM.Collect$$libinit$$0000002C))

<P><STRONG><a name="[26c4d6c]"></a>__rt_lib_init_return</STRONG> (Thumb, 0 bytes, Stack size unknown bytes, libinit2.o(.ARM.Collect$$libinit$$0000002F))

<P><STRONG><a name="[26c5078]"></a>__rt_lib_init_stdio_1</STRONG> (Thumb, 0 bytes, Stack size unknown bytes, libinit2.o(.ARM.Collect$$libinit$$00000021))

<P><STRONG><a name="[279c420]"></a>__rt_lib_shutdown</STRONG> (Thumb, 0 bytes, Stack size unknown bytes, libshutdown.o(.ARM.Collect$$libshutdown$$00000000))
<BR><BR>[Called By]<UL><LI><a href="#[279d44c]">&gt;&gt;</a>&nbsp;&nbsp;&nbsp;__rt_exit_ls
</UL>

<P><STRONG><a name="[279e838]"></a>__rt_lib_shutdown_stdio_2</STRONG> (Thumb, 0 bytes, Stack size unknown bytes, libshutdown2.o(.ARM.Collect$$libshutdown$$00000002))
<BR><BR>[Stack]<UL><LI>Max Depth = 320 + Unknown Stack Size
<LI>Call Chain = __rt_lib_shutdown_stdio_2 &rArr; _terminateio &rArr; _fclose_internal &rArr; _fflush &rArr; _writebuf &rArr; _sys_write &rArr; __write &rArr; fat_write &rArr; get_free_clus &rArr; cache_fat &rArr; mmc_write_sect &rArr; mmc_write_block &rArr; mmc_command
</UL>
<BR>[Calls]<UL><LI><a href="#[26c69c8]">&gt;&gt;</a>&nbsp;&nbsp;&nbsp;_terminateio
</UL>

<P><STRONG><a name="[279e748]"></a>__rt_lib_shutdown_fp_trap_1</STRONG> (Thumb, 0 bytes, Stack size unknown bytes, libshutdown2.o(.ARM.Collect$$libshutdown$$00000006))

<P><STRONG><a name="[279e568]"></a>__rt_lib_shutdown_heap_1</STRONG> (Thumb, 0 bytes, Stack size unknown bytes, libshutdown2.o(.ARM.Collect$$libshutdown$$0000000E))

<P><STRONG><a name="[279e52c]"></a>__rt_lib_shutdown_return</STRONG> (Thumb, 0 bytes, Stack size unknown bytes, libshutdown2.o(.ARM.Collect$$libshutdown$$0000000F))

<P><STRONG><a name="[279e694]"></a>__rt_lib_shutdown_signal_1</STRONG> (Thumb, 0 bytes, Stack size unknown bytes, libshutdown2.o(.ARM.Collect$$libshutdown$$00000009))

<P><STRONG><a name="[279e7fc]"></a>__rt_lib_shutdown_stdio_1</STRONG> (Thumb, 0 bytes, Stack size unknown bytes, libshutdown2.o(.ARM.Collect$$libshutdown$$00000003))

<P><STRONG><a name="[279e61c]"></a>__rt_lib_shutdown_user_alloc_1</STRONG> (Thumb, 0 bytes, Stack size unknown bytes, libshutdown2.o(.ARM.Collect$$libshutdown$$0000000B))

<P><STRONG><a name="[26cc440]"></a>__rt_entry</STRONG> (Thumb, 0 bytes, Stack size unknown bytes, rtentry.o(.ARM.Collect$$rtentry$$00000000))
<BR><BR>[Called By]<UL><LI><a href="#[26cc788]">&gt;&gt;</a>&nbsp;&nbsp;&nbsp;__main
<LI><a href="#[279b8a4]">&gt;&gt;</a>&nbsp;&nbsp;&nbsp;__scatterload_rt2
</UL>

<P><STRONG><a name="[26c8750]"></a>__rt_entry_presh_1</STRONG> (Thumb, 0 bytes, Stack size unknown bytes, rtentry2.o(.ARM.Collect$$rtentry$$00000002))

<P><STRONG><a name="[26c83cc]"></a>__rt_entry_sh</STRONG> (Thumb, 0 bytes, Stack size unknown bytes, rtentry4.o(.ARM.Collect$$rtentry$$00000004))
<BR><BR>[Stack]<UL><LI>Max Depth = 8 + Unknown Stack Size
<LI>Call Chain = __rt_entry_sh &rArr; __user_setup_stackheap
</UL>
<BR>[Calls]<UL><LI><a href="#[26c4628]">&gt;&gt;</a>&nbsp;&nbsp;&nbsp;__user_setup_stackheap
</UL>

<P><STRONG><a name="[26c869c]"></a>__rt_entry_li</STRONG> (Thumb, 0 bytes, Stack size unknown bytes, rtentry2.o(.ARM.Collect$$rtentry$$0000000A))
<BR><BR>[Stack]<UL><LI>Max Depth = 8 + Unknown Stack Size
<LI>Call Chain = __rt_entry_li &rArr; __rt_lib_init &rArr; _fp_init
</UL>
<BR>[Calls]<UL><LI><a href="#[26c26c0]">&gt;&gt;</a>&nbsp;&nbsp;&nbsp;__rt_lib_init
</UL>

<P><STRONG><a name="[26c86d8]"></a>__rt_entry_postsh_1</STRONG> (Thumb, 0 bytes, Stack size unknown bytes, rtentry2.o(.ARM.Collect$$rtentry$$00000009))

<P><STRONG><a name="[26c85e8]"></a>__rt_entry_main</STRONG> (Thumb, 0 bytes, Stack size unknown bytes, rtentry2.o(.ARM.Collect$$rtentry$$0000000D))
<BR><BR>[Stack]<UL><LI>Max Depth = 560 + Unknown Stack Size
<LI>Call Chain = __rt_entry_main &rArr; main &rArr; main_TcpNet &rArr; run_system &rArr; run_http_server &rArr; http_kill_session &rArr; cgi_process_data &rArr; fopen &rArr; freopen &rArr; _sys_open &rArr; __fopen &rArr; fat_find_file &rArr; fat_find_dir &rArr; write_entries &rArr; check_name &rArr; search_for_name &rArr; set_next_clus &rArr; cache_fat &rArr; mmc_write_sect &rArr; mmc_write_block &rArr; mmc_command
</UL>
<BR>[Calls]<UL><LI><a href="#[17379ec]">&gt;&gt;</a>&nbsp;&nbsp;&nbsp;main
<LI><a href="#[26c33e0]">&gt;&gt;</a>&nbsp;&nbsp;&nbsp;exit
</UL>

<P><STRONG><a name="[26c8624]"></a>__rt_entry_postli_1</STRONG> (Thumb, 0 bytes, Stack size unknown bytes, rtentry2.o(.ARM.Collect$$rtentry$$0000000C))

<P><STRONG><a name="[279e388]"></a>__rt_exit</STRONG> (Thumb, 0 bytes, Stack size unknown bytes, rtexit.o(.ARM.Collect$$rtexit$$00000000))
<BR><BR>[Called By]<UL><LI><a href="#[26c33e0]">&gt;&gt;</a>&nbsp;&nbsp;&nbsp;exit
</UL>

<P><STRONG><a name="[279d44c]"></a>__rt_exit_ls</STRONG> (Thumb, 0 bytes, Stack size unknown bytes, rtexit2.o(.ARM.Collect$$rtexit$$00000003))
<BR><BR>[Calls]<UL><LI><a href="#[279c420]">&gt;&gt;</a>&nbsp;&nbsp;&nbsp;__rt_lib_shutdown
</UL>

<P><STRONG><a name="[279d488]"></a>__rt_exit_prels_1</STRONG> (Thumb, 0 bytes, Stack size unknown bytes, rtexit2.o(.ARM.Collect$$rtexit$$00000002))

<P><STRONG><a name="[279d410]"></a>__rt_exit_exit</STRONG> (Thumb, 0 bytes, Stack size unknown bytes, rtexit2.o(.ARM.Collect$$rtexit$$00000004))
<BR><BR>[Calls]<UL><LI><a href="#[1732d84]">&gt;&gt;</a>&nbsp;&nbsp;&nbsp;_sys_exit
</UL>

<P><STRONG><a name="[172fa30]"></a>wait</STRONG> (Thumb, 4 bytes, Stack size 0 bytes, glcd_lpc1700.o(.emb_text))
<BR><BR>[Called By]<UL><LI><a href="#[172ff1c]">&gt;&gt;</a>&nbsp;&nbsp;&nbsp;wr_dat_only
<LI><a href="#[172ff58]">&gt;&gt;</a>&nbsp;&nbsp;&nbsp;wr_dat
<LI><a href="#[172ff94]">&gt;&gt;</a>&nbsp;&nbsp;&nbsp;wr_cmd
</UL>

<P><STRONG><a name="[26c4358]"></a>_maybe_terminate_alloc</STRONG> (Thumb, 0 bytes, Stack size 0 bytes, maybetermalloc1.o(.emb_text), UNUSED)

<P><STRONG><a name="[1734ecc]"></a>sys_error</STRONG> (Thumb, 2 bytes, Stack size 0 bytes, net_config.o(.text))
<BR><BR>[Calls]<UL><LI><a href="#[1734ecc]">&gt;&gt;</a>&nbsp;&nbsp;&nbsp;sys_error
</UL>
<BR>[Called By]<UL><LI><a href="#[172a918]">&gt;&gt;</a>&nbsp;&nbsp;&nbsp;udp_get_socket
<LI><a href="#[172b3a4]">&gt;&gt;</a>&nbsp;&nbsp;&nbsp;tcp_get_socket
<LI><a href="#[1734b84]">&gt;&gt;</a>&nbsp;&nbsp;&nbsp;process_tcp
<LI><a href="#[1734ecc]">&gt;&gt;</a>&nbsp;&nbsp;&nbsp;sys_error
<LI><a href="#[17366b4]">&gt;&gt;</a>&nbsp;&nbsp;&nbsp;free_mem
<LI><a href="#[17367e0]">&gt;&gt;</a>&nbsp;&nbsp;&nbsp;alloc_mem
</UL>

<P><STRONG><a name="[1734e90]"></a>init_system</STRONG> (Thumb, 30 bytes, Stack size 8 bytes, net_config.o(.text))
<BR><BR>[Stack]<UL><LI>Max Depth = 80<LI>Call Chain = init_system &rArr; init_eth_link &rArr; init_ethernet &rArr; write_PHY &rArr; output_MDIO
</UL>
<BR>[Calls]<UL><LI><a href="#[1734bc0]">&gt;&gt;</a>&nbsp;&nbsp;&nbsp;init_udp
<LI><a href="#[1734bfc]">&gt;&gt;</a>&nbsp;&nbsp;&nbsp;init_tcp
<LI><a href="#[1734c38]">&gt;&gt;</a>&nbsp;&nbsp;&nbsp;init_nbns
<LI><a href="#[1734c74]">&gt;&gt;</a>&nbsp;&nbsp;&nbsp;init_http
<LI><a href="#[1734cb0]">&gt;&gt;</a>&nbsp;&nbsp;&nbsp;init_eth_link
<LI><a href="#[1734cec]">&gt;&gt;</a>&nbsp;&nbsp;&nbsp;init_dhcp
</UL>
<BR>[Called By]<UL><LI><a href="#[17376a4]">&gt;&gt;</a>&nbsp;&nbsp;&nbsp;init_TcpNet
</UL>

<P><STRONG><a name="[1734e54]"></a>run_system</STRONG> (Thumb, 22 bytes, Stack size 8 bytes, net_config.o(.text))
<BR><BR>[Stack]<UL><LI>Max Depth = 544 + Unknown Stack Size
<LI>Call Chain = run_system &rArr; run_http_server &rArr; http_kill_session &rArr; cgi_process_data &rArr; fopen &rArr; freopen &rArr; _sys_open &rArr; __fopen &rArr; fat_find_file &rArr; fat_find_dir &rArr; write_entries &rArr; check_name &rArr; search_for_name &rArr; set_next_clus &rArr; cache_fat &rArr; mmc_write_sect &rArr; mmc_write_block &rArr; mmc_command
</UL>
<BR>[Calls]<UL><LI><a href="#[1734a58]">&gt;&gt;</a>&nbsp;&nbsp;&nbsp;tcp_poll_sockets
<LI><a href="#[1734a94]">&gt;&gt;</a>&nbsp;&nbsp;&nbsp;run_http_server
<LI><a href="#[1734ad0]">&gt;&gt;</a>&nbsp;&nbsp;&nbsp;run_eth_link
<LI><a href="#[1734b0c]">&gt;&gt;</a>&nbsp;&nbsp;&nbsp;run_dhcp_client
</UL>
<BR>[Called By]<UL><LI><a href="#[173762c]">&gt;&gt;</a>&nbsp;&nbsp;&nbsp;main_TcpNet
</UL>

<P><STRONG><a name="[1734e18]"></a>process_hl_udp</STRONG> (Thumb, 4 bytes, Stack size 0 bytes, net_config.o(.text))
<BR><BR>[Stack]<UL><LI>Max Depth = 32<LI>Call Chain = process_hl_udp &rArr; process_udp
</UL>
<BR>[Calls]<UL><LI><a href="#[1734b48]">&gt;&gt;</a>&nbsp;&nbsp;&nbsp;process_udp
</UL>
<BR>[Called By]<UL><LI><a href="#[1734ad0]">&gt;&gt;</a>&nbsp;&nbsp;&nbsp;run_eth_link
</UL>

<P><STRONG><a name="[1734ddc]"></a>process_hl_tcp</STRONG> (Thumb, 4 bytes, Stack size 0 bytes, net_config.o(.text))
<BR><BR>[Stack]<UL><LI>Max Depth = 216<LI>Call Chain = process_hl_tcp &rArr; process_tcp &rArr; tcp_send_reset &rArr; tcp_send_ctrl &rArr; tcp_send_frame &rArr; ip_send_frame &rArr; dispatch_frame &rArr; eth_send_frame &rArr; arp_cache_find &rArr; arp_send_req &rArr; alloc_mem
</UL>
<BR>[Calls]<UL><LI><a href="#[1734b84]">&gt;&gt;</a>&nbsp;&nbsp;&nbsp;process_tcp
</UL>
<BR>[Called By]<UL><LI><a href="#[1734ad0]">&gt;&gt;</a>&nbsp;&nbsp;&nbsp;run_eth_link
</UL>

<P><STRONG><a name="[1734da0]"></a>dispatch_frame</STRONG> (Thumb, 10 bytes, Stack size 0 bytes, net_config.o(.text))
<BR><BR>[Stack]<UL><LI>Max Depth = 88<LI>Call Chain = dispatch_frame &rArr; eth_send_frame &rArr; arp_cache_find &rArr; arp_send_req &rArr; alloc_mem
</UL>
<BR>[Calls]<UL><LI><a href="#[1734d28]">&gt;&gt;</a>&nbsp;&nbsp;&nbsp;eth_send_frame
</UL>
<BR>[Called By]<UL><LI><a href="#[172b098]">&gt;&gt;</a>&nbsp;&nbsp;&nbsp;ip_send_frame
</UL>

<P><STRONG><a name="[1734d64]"></a>igmp_is_member</STRONG> (Thumb, 4 bytes, Stack size 0 bytes, net_config.o(.text))
<BR><BR>[Called By]<UL><LI><a href="#[268c9fc]">&gt;&gt;</a>&nbsp;&nbsp;&nbsp;ip_chk_frame
</UL>

<P><STRONG><a name="[1733b58]"></a>http_fopen</STRONG> (Thumb, 6 bytes, Stack size 0 bytes, http_uif.o(.text))
<BR><BR>[Stack]<UL><LI>Max Depth = 456<LI>Call Chain = http_fopen &rArr; fopen &rArr; freopen &rArr; _sys_open &rArr; __fopen &rArr; fat_find_file &rArr; fat_find_dir &rArr; write_entries &rArr; check_name &rArr; search_for_name &rArr; set_next_clus &rArr; cache_fat &rArr; mmc_write_sect &rArr; mmc_write_block &rArr; mmc_command
</UL>
<BR>[Calls]<UL><LI><a href="#[26cd8e0]">&gt;&gt;</a>&nbsp;&nbsp;&nbsp;fopen
</UL>
<BR>[Called By]<UL><LI><a href="#[268df8c]">&gt;&gt;</a>&nbsp;&nbsp;&nbsp;http_open_file
</UL>

<P><STRONG><a name="[1733b1c]"></a>http_fclose</STRONG> (Thumb, 4 bytes, Stack size 0 bytes, http_uif.o(.text))
<BR><BR>[Stack]<UL><LI>Max Depth = 32<LI>Call Chain = http_fclose &rArr; fclose
</UL>
<BR>[Calls]<UL><LI><a href="#[26cd688]">&gt;&gt;</a>&nbsp;&nbsp;&nbsp;fclose
</UL>
<BR>[Called By]<UL><LI><a href="#[1734a94]">&gt;&gt;</a>&nbsp;&nbsp;&nbsp;run_http_server
<LI><a href="#[268e004]">&gt;&gt;</a>&nbsp;&nbsp;&nbsp;http_kill_session
</UL>

<P><STRONG><a name="[1733ae0]"></a>http_fread</STRONG> (Thumb, 18 bytes, Stack size 8 bytes, http_uif.o(.text))
<BR><BR>[Stack]<UL><LI>Max Depth = 264<LI>Call Chain = http_fread &rArr; fread &rArr; _readbuf &rArr; _sys_read &rArr; __read &rArr; fat_read &rArr; set_next_clus &rArr; cache_fat &rArr; mmc_write_sect &rArr; mmc_write_block &rArr; mmc_command
</UL>
<BR>[Calls]<UL><LI><a href="#[26c3d04]">&gt;&gt;</a>&nbsp;&nbsp;&nbsp;fread
</UL>
<BR>[Called By]<UL><LI><a href="#[1734a94]">&gt;&gt;</a>&nbsp;&nbsp;&nbsp;run_http_server
</UL>

<P><STRONG><a name="[1733aa4]"></a>http_fgets</STRONG> (Thumb, 22 bytes, Stack size 8 bytes, http_uif.o(.text))
<BR><BR>[Stack]<UL><LI>Max Depth = 64<LI>Call Chain = http_fgets &rArr; fgets &rArr; fgetc &rArr; __filbuf_byte
</UL>
<BR>[Calls]<UL><LI><a href="#[26cdcdc]">&gt;&gt;</a>&nbsp;&nbsp;&nbsp;fgets
</UL>
<BR>[Called By]<UL><LI><a href="#[268dde8]">&gt;&gt;</a>&nbsp;&nbsp;&nbsp;read_script_line
</UL>

<P><STRONG><a name="[1733a68]"></a>http_finfo</STRONG> (Thumb, 52 bytes, Stack size 16 bytes, http_uif.o(.text))
<BR><BR>[Stack]<UL><LI>Max Depth = 408<LI>Call Chain = http_finfo &rArr; ffind &rArr; fat_ffind &rArr; fat_find_dir &rArr; write_entries &rArr; check_name &rArr; search_for_name &rArr; set_next_clus &rArr; cache_fat &rArr; mmc_write_sect &rArr; mmc_write_block &rArr; mmc_command
</UL>
<BR>[Calls]<UL><LI><a href="#[17339b4]">&gt;&gt;</a>&nbsp;&nbsp;&nbsp;http_date
<LI><a href="#[17366b4]">&gt;&gt;</a>&nbsp;&nbsp;&nbsp;free_mem
<LI><a href="#[1736768]">&gt;&gt;</a>&nbsp;&nbsp;&nbsp;ffind
<LI><a href="#[17367e0]">&gt;&gt;</a>&nbsp;&nbsp;&nbsp;alloc_mem
</UL>
<BR>[Called By]<UL><LI><a href="#[268df8c]">&gt;&gt;</a>&nbsp;&nbsp;&nbsp;http_open_file
</UL>

<P><STRONG><a name="[173267c]"></a>Reset_Handler</STRONG> (Thumb, 4 bytes, Stack size 0 bytes, startup_lpc17xx.o(.text))
<BR>[Address Reference Count : 1]<UL><LI> startup_lpc17xx.o(RESET)
</UL>
<P><STRONG><a name="[1732640]"></a>NMI_Handler</STRONG> (Thumb, 2 bytes, Stack size 0 bytes, startup_lpc17xx.o(.text))
<BR><BR>[Calls]<UL><LI><a href="#[1732640]">&gt;&gt;</a>&nbsp;&nbsp;&nbsp;NMI_Handler
</UL>
<BR>[Called By]<UL><LI><a href="#[1732640]">&gt;&gt;</a>&nbsp;&nbsp;&nbsp;NMI_Handler
</UL>
<BR>[Address Reference Count : 1]<UL><LI> startup_lpc17xx.o(RESET)
</UL>
<P><STRONG><a name="[1732604]"></a>HardFault_Handler</STRONG> (Thumb, 2 bytes, Stack size 0 bytes, startup_lpc17xx.o(.text))
<BR><BR>[Calls]<UL><LI><a href="#[1732604]">&gt;&gt;</a>&nbsp;&nbsp;&nbsp;HardFault_Handler
</UL>
<BR>[Called By]<UL><LI><a href="#[1732604]">&gt;&gt;</a>&nbsp;&nbsp;&nbsp;HardFault_Handler
</UL>
<BR>[Address Reference Count : 1]<UL><LI> startup_lpc17xx.o(RESET)
</UL>
<P><STRONG><a name="[17325c8]"></a>MemManage_Handler</STRONG> (Thumb, 2 bytes, Stack size 0 bytes, startup_lpc17xx.o(.text))
<BR><BR>[Calls]<UL><LI><a href="#[17325c8]">&gt;&gt;</a>&nbsp;&nbsp;&nbsp;MemManage_Handler
</UL>
<BR>[Called By]<UL><LI><a href="#[17325c8]">&gt;&gt;</a>&nbsp;&nbsp;&nbsp;MemManage_Handler
</UL>
<BR>[Address Reference Count : 1]<UL><LI> startup_lpc17xx.o(RESET)
</UL>
<P><STRONG><a name="[173258c]"></a>BusFault_Handler</STRONG> (Thumb, 2 bytes, Stack size 0 bytes, startup_lpc17xx.o(.text))
<BR><BR>[Calls]<UL><LI><a href="#[173258c]">&gt;&gt;</a>&nbsp;&nbsp;&nbsp;BusFault_Handler
</UL>
<BR>[Called By]<UL><LI><a href="#[173258c]">&gt;&gt;</a>&nbsp;&nbsp;&nbsp;BusFault_Handler
</UL>
<BR>[Address Reference Count : 1]<UL><LI> startup_lpc17xx.o(RESET)
</UL>
<P><STRONG><a name="[1732550]"></a>UsageFault_Handler</STRONG> (Thumb, 2 bytes, Stack size 0 bytes, startup_lpc17xx.o(.text))
<BR><BR>[Calls]<UL><LI><a href="#[1732550]">&gt;&gt;</a>&nbsp;&nbsp;&nbsp;UsageFault_Handler
</UL>
<BR>[Called By]<UL><LI><a href="#[1732550]">&gt;&gt;</a>&nbsp;&nbsp;&nbsp;UsageFault_Handler
</UL>
<BR>[Address Reference Count : 1]<UL><LI> startup_lpc17xx.o(RESET)
</UL>
<P><STRONG><a name="[1732514]"></a>SVC_Handler</STRONG> (Thumb, 2 bytes, Stack size 0 bytes, startup_lpc17xx.o(.text))
<BR><BR>[Calls]<UL><LI><a href="#[1732514]">&gt;&gt;</a>&nbsp;&nbsp;&nbsp;SVC_Handler
</UL>
<BR>[Called By]<UL><LI><a href="#[1732514]">&gt;&gt;</a>&nbsp;&nbsp;&nbsp;SVC_Handler
</UL>
<BR>[Address Reference Count : 1]<UL><LI> startup_lpc17xx.o(RESET)
</UL>
<P><STRONG><a name="[17324d8]"></a>DebugMon_Handler</STRONG> (Thumb, 2 bytes, Stack size 0 bytes, startup_lpc17xx.o(.text))
<BR><BR>[Calls]<UL><LI><a href="#[17324d8]">&gt;&gt;</a>&nbsp;&nbsp;&nbsp;DebugMon_Handler
</UL>
<BR>[Called By]<UL><LI><a href="#[17324d8]">&gt;&gt;</a>&nbsp;&nbsp;&nbsp;DebugMon_Handler
</UL>
<BR>[Address Reference Count : 1]<UL><LI> startup_lpc17xx.o(RESET)
</UL>
<P><STRONG><a name="[173249c]"></a>PendSV_Handler</STRONG> (Thumb, 2 bytes, Stack size 0 bytes, startup_lpc17xx.o(.text))
<BR><BR>[Calls]<UL><LI><a href="#[173249c]">&gt;&gt;</a>&nbsp;&nbsp;&nbsp;PendSV_Handler
</UL>
<BR>[Called By]<UL><LI><a href="#[173249c]">&gt;&gt;</a>&nbsp;&nbsp;&nbsp;PendSV_Handler
</UL>
<BR>[Address Reference Count : 1]<UL><LI> startup_lpc17xx.o(RESET)
</UL>
<P><STRONG><a name="[1732460]"></a>SysTick_Handler</STRONG> (Thumb, 2 bytes, Stack size 0 bytes, startup_lpc17xx.o(.text))
<BR><BR>[Calls]<UL><LI><a href="#[1732460]">&gt;&gt;</a>&nbsp;&nbsp;&nbsp;SysTick_Handler
</UL>
<BR>[Called By]<UL><LI><a href="#[1732460]">&gt;&gt;</a>&nbsp;&nbsp;&nbsp;SysTick_Handler
</UL>
<BR>[Address Reference Count : 1]<UL><LI> startup_lpc17xx.o(RESET)
</UL>
<P><STRONG><a name="[1732424]"></a>ADC_IRQHandler</STRONG> (Thumb, 0 bytes, Stack size 0 bytes, startup_lpc17xx.o(.text))
<BR><BR>[Calls]<UL><LI><a href="#[1732424]">&gt;&gt;</a>&nbsp;&nbsp;&nbsp;ADC_IRQHandler
</UL>
<BR>[Called By]<UL><LI><a href="#[1732424]">&gt;&gt;</a>&nbsp;&nbsp;&nbsp;ADC_IRQHandler
</UL>
<BR>[Address Reference Count : 1]<UL><LI> startup_lpc17xx.o(RESET)
</UL>
<P><STRONG><a name="[17323e8]"></a>BOD_IRQHandler</STRONG> (Thumb, 0 bytes, Stack size 0 bytes, startup_lpc17xx.o(.text))
<BR>[Address Reference Count : 1]<UL><LI> startup_lpc17xx.o(RESET)
</UL>
<P><STRONG><a name="[17323ac]"></a>CANActivity_IRQHandler</STRONG> (Thumb, 0 bytes, Stack size 0 bytes, startup_lpc17xx.o(.text))
<BR>[Address Reference Count : 1]<UL><LI> startup_lpc17xx.o(RESET)
</UL>
<P><STRONG><a name="[1732370]"></a>CAN_IRQHandler</STRONG> (Thumb, 0 bytes, Stack size 0 bytes, startup_lpc17xx.o(.text))
<BR>[Address Reference Count : 1]<UL><LI> startup_lpc17xx.o(RESET)
</UL>
<P><STRONG><a name="[1732334]"></a>DMA_IRQHandler</STRONG> (Thumb, 0 bytes, Stack size 0 bytes, startup_lpc17xx.o(.text))
<BR>[Address Reference Count : 1]<UL><LI> startup_lpc17xx.o(RESET)
</UL>
<P><STRONG><a name="[17322f8]"></a>EINT0_IRQHandler</STRONG> (Thumb, 0 bytes, Stack size 0 bytes, startup_lpc17xx.o(.text))
<BR>[Address Reference Count : 1]<UL><LI> startup_lpc17xx.o(RESET)
</UL>
<P><STRONG><a name="[17322bc]"></a>EINT1_IRQHandler</STRONG> (Thumb, 0 bytes, Stack size 0 bytes, startup_lpc17xx.o(.text))
<BR>[Address Reference Count : 1]<UL><LI> startup_lpc17xx.o(RESET)
</UL>
<P><STRONG><a name="[1732280]"></a>EINT2_IRQHandler</STRONG> (Thumb, 0 bytes, Stack size 0 bytes, startup_lpc17xx.o(.text))
<BR>[Address Reference Count : 1]<UL><LI> startup_lpc17xx.o(RESET)
</UL>
<P><STRONG><a name="[1732244]"></a>EINT3_IRQHandler</STRONG> (Thumb, 0 bytes, Stack size 0 bytes, startup_lpc17xx.o(.text))
<BR>[Address Reference Count : 1]<UL><LI> startup_lpc17xx.o(RESET)
</UL>
<P><STRONG><a name="[17321cc]"></a>I2C0_IRQHandler</STRONG> (Thumb, 0 bytes, Stack size 0 bytes, startup_lpc17xx.o(.text))
<BR>[Address Reference Count : 1]<UL><LI> startup_lpc17xx.o(RESET)
</UL>
<P><STRONG><a name="[1732190]"></a>I2C1_IRQHandler</STRONG> (Thumb, 0 bytes, Stack size 0 bytes, startup_lpc17xx.o(.text))
<BR>[Address Reference Count : 1]<UL><LI> startup_lpc17xx.o(RESET)
</UL>
<P><STRONG><a name="[1732154]"></a>I2C2_IRQHandler</STRONG> (Thumb, 0 bytes, Stack size 0 bytes, startup_lpc17xx.o(.text))
<BR>[Address Reference Count : 1]<UL><LI> startup_lpc17xx.o(RESET)
</UL>
<P><STRONG><a name="[1732118]"></a>I2S_IRQHandler</STRONG> (Thumb, 0 bytes, Stack size 0 bytes, startup_lpc17xx.o(.text))
<BR>[Address Reference Count : 1]<UL><LI> startup_lpc17xx.o(RESET)
</UL>
<P><STRONG><a name="[17320dc]"></a>MCPWM_IRQHandler</STRONG> (Thumb, 0 bytes, Stack size 0 bytes, startup_lpc17xx.o(.text))
<BR>[Address Reference Count : 1]<UL><LI> startup_lpc17xx.o(RESET)
</UL>
<P><STRONG><a name="[17320a0]"></a>PLL0_IRQHandler</STRONG> (Thumb, 0 bytes, Stack size 0 bytes, startup_lpc17xx.o(.text))
<BR>[Address Reference Count : 1]<UL><LI> startup_lpc17xx.o(RESET)
</UL>
<P><STRONG><a name="[1732064]"></a>PLL1_IRQHandler</STRONG> (Thumb, 0 bytes, Stack size 0 bytes, startup_lpc17xx.o(.text))
<BR>[Address Reference Count : 1]<UL><LI> startup_lpc17xx.o(RESET)
</UL>
<P><STRONG><a name="[1732028]"></a>PWM1_IRQHandler</STRONG> (Thumb, 0 bytes, Stack size 0 bytes, startup_lpc17xx.o(.text))
<BR>[Address Reference Count : 1]<UL><LI> startup_lpc17xx.o(RESET)
</UL>
<P><STRONG><a name="[1731fec]"></a>QEI_IRQHandler</STRONG> (Thumb, 0 bytes, Stack size 0 bytes, startup_lpc17xx.o(.text))
<BR>[Address Reference Count : 1]<UL><LI> startup_lpc17xx.o(RESET)
</UL>
<P><STRONG><a name="[1731fb0]"></a>RIT_IRQHandler</STRONG> (Thumb, 0 bytes, Stack size 0 bytes, startup_lpc17xx.o(.text))
<BR>[Address Reference Count : 1]<UL><LI> startup_lpc17xx.o(RESET)
</UL>
<P><STRONG><a name="[1731f74]"></a>RTC_IRQHandler</STRONG> (Thumb, 0 bytes, Stack size 0 bytes, startup_lpc17xx.o(.text))
<BR>[Address Reference Count : 1]<UL><LI> startup_lpc17xx.o(RESET)
</UL>
<P><STRONG><a name="[1731f38]"></a>SPI_IRQHandler</STRONG> (Thumb, 0 bytes, Stack size 0 bytes, startup_lpc17xx.o(.text))
<BR>[Address Reference Count : 1]<UL><LI> startup_lpc17xx.o(RESET)
</UL>
<P><STRONG><a name="[1731efc]"></a>SSP0_IRQHandler</STRONG> (Thumb, 0 bytes, Stack size 0 bytes, startup_lpc17xx.o(.text))
<BR>[Address Reference Count : 1]<UL><LI> startup_lpc17xx.o(RESET)
</UL>
<P><STRONG><a name="[1731ec0]"></a>SSP1_IRQHandler</STRONG> (Thumb, 0 bytes, Stack size 0 bytes, startup_lpc17xx.o(.text))
<BR>[Address Reference Count : 1]<UL><LI> startup_lpc17xx.o(RESET)
</UL>
<P><STRONG><a name="[1731e84]"></a>TIMER0_IRQHandler</STRONG> (Thumb, 0 bytes, Stack size 0 bytes, startup_lpc17xx.o(.text))
<BR>[Address Reference Count : 1]<UL><LI> startup_lpc17xx.o(RESET)
</UL>
<P><STRONG><a name="[1731e48]"></a>TIMER1_IRQHandler</STRONG> (Thumb, 0 bytes, Stack size 0 bytes, startup_lpc17xx.o(.text))
<BR>[Address Reference Count : 1]<UL><LI> startup_lpc17xx.o(RESET)
</UL>
<P><STRONG><a name="[1731e0c]"></a>TIMER2_IRQHandler</STRONG> (Thumb, 0 bytes, Stack size 0 bytes, startup_lpc17xx.o(.text))
<BR>[Address Reference Count : 1]<UL><LI> startup_lpc17xx.o(RESET)
</UL>
<P><STRONG><a name="[1731dd0]"></a>TIMER3_IRQHandler</STRONG> (Thumb, 0 bytes, Stack size 0 bytes, startup_lpc17xx.o(.text))
<BR>[Address Reference Count : 1]<UL><LI> startup_lpc17xx.o(RESET)
</UL>
<P><STRONG><a name="[1731d94]"></a>UART0_IRQHandler</STRONG> (Thumb, 0 bytes, Stack size 0 bytes, startup_lpc17xx.o(.text))
<BR>[Address Reference Count : 1]<UL><LI> startup_lpc17xx.o(RESET)
</UL>
<P><STRONG><a name="[1731d58]"></a>UART1_IRQHandler</STRONG> (Thumb, 0 bytes, Stack size 0 bytes, startup_lpc17xx.o(.text))
<BR>[Address Reference Count : 1]<UL><LI> startup_lpc17xx.o(RESET)
</UL>
<P><STRONG><a name="[1731d1c]"></a>UART2_IRQHandler</STRONG> (Thumb, 0 bytes, Stack size 0 bytes, startup_lpc17xx.o(.text))
<BR>[Address Reference Count : 1]<UL><LI> startup_lpc17xx.o(RESET)
</UL>
<P><STRONG><a name="[1731ce0]"></a>UART3_IRQHandler</STRONG> (Thumb, 0 bytes, Stack size 0 bytes, startup_lpc17xx.o(.text))
<BR>[Address Reference Count : 1]<UL><LI> startup_lpc17xx.o(RESET)
</UL>
<P><STRONG><a name="[1731ca4]"></a>USBActivity_IRQHandler</STRONG> (Thumb, 0 bytes, Stack size 0 bytes, startup_lpc17xx.o(.text))
<BR>[Address Reference Count : 1]<UL><LI> startup_lpc17xx.o(RESET)
</UL>
<P><STRONG><a name="[1731c68]"></a>USB_IRQHandler</STRONG> (Thumb, 0 bytes, Stack size 0 bytes, startup_lpc17xx.o(.text))
<BR>[Address Reference Count : 1]<UL><LI> startup_lpc17xx.o(RESET)
</UL>
<P><STRONG><a name="[1731c2c]"></a>WDT_IRQHandler</STRONG> (Thumb, 0 bytes, Stack size 0 bytes, startup_lpc17xx.o(.text))
<BR>[Address Reference Count : 1]<UL><LI> startup_lpc17xx.o(RESET)
</UL>
<P><STRONG><a name="[173276c]"></a>__user_initial_stackheap</STRONG> (Thumb, 0 bytes, Stack size unknown bytes, startup_lpc17xx.o(.text))
<BR><BR>[Called By]<UL><LI><a href="#[26c4628]">&gt;&gt;</a>&nbsp;&nbsp;&nbsp;__user_setup_stackheap
</UL>

<P><STRONG><a name="[26d0568]"></a>__semihosting$guard</STRONG> (Thumb, 0 bytes, Stack size 0 bytes, use_no_semi.o(.text), UNUSED)

<P><STRONG><a name="[26d052c]"></a>__use_no_semihosting_swi</STRONG> (Thumb, 2 bytes, Stack size 0 bytes, use_no_semi.o(.text), UNUSED)

<P><STRONG><a name="[26d043c]"></a>toupper</STRONG> (Thumb, 30 bytes, Stack size 8 bytes, toupper.o(.text))
<BR><BR>[Stack]<UL><LI>Max Depth = 16<LI>Call Chain = toupper &rArr; __rt_ctype_table
</UL>
<BR>[Calls]<UL><LI><a href="#[26cc1e8]">&gt;&gt;</a>&nbsp;&nbsp;&nbsp;__rt_ctype_table
</UL>
<BR>[Called By]<UL><LI><a href="#[1736aec]">&gt;&gt;</a>&nbsp;&nbsp;&nbsp;cgi_process_data
</UL>

<P><STRONG><a name="[26d0310]"></a>__2sprintf</STRONG> (Thumb, 38 bytes, Stack size 32 bytes, __2sprintf.o(.text))
<BR><BR>[Stack]<UL><LI>Max Depth = 144 + Unknown Stack Size
<LI>Call Chain = __2sprintf &rArr; _printf_char_common &rArr; __printf
</UL>
<BR>[Calls]<UL><LI><a href="#[26ca0dc]">&gt;&gt;</a>&nbsp;&nbsp;&nbsp;_sputc
<LI><a href="#[26ca208]">&gt;&gt;</a>&nbsp;&nbsp;&nbsp;_printf_char_common
</UL>
<BR>[Called By]<UL><LI><a href="#[1736ab0]">&gt;&gt;</a>&nbsp;&nbsp;&nbsp;cgi_func
<LI><a href="#[173717c]">&gt;&gt;</a>&nbsp;&nbsp;&nbsp;dot_format
<LI><a href="#[17386d0]">&gt;&gt;</a>&nbsp;&nbsp;&nbsp;dhcp_check
<LI><a href="#[268dd70]">&gt;&gt;</a>&nbsp;&nbsp;&nbsp;utc_to_http
</UL>

<P><STRONG><a name="[26ccff8]"></a>__aeabi_memset</STRONG> (Thumb, 16 bytes, Stack size 0 bytes, aeabi_memset.o(.text))
<BR><BR>[Calls]<UL><LI><a href="#[26cce54]">&gt;&gt;</a>&nbsp;&nbsp;&nbsp;_memset
</UL>
<BR>[Called By]<UL><LI><a href="#[172eb6c]">&gt;&gt;</a>&nbsp;&nbsp;&nbsp;fat_format
</UL>

<P><STRONG><a name="[26c7df0]"></a>__use_no_heap</STRONG> (Thumb, 2 bytes, Stack size 0 bytes, hguard.o(.text), UNUSED)

<P><STRONG><a name="[26c7db4]"></a>__heap$guard</STRONG> (Thumb, 2 bytes, Stack size 0 bytes, hguard.o(.text), UNUSED)

<P><STRONG><a name="[1737aa0]"></a>sendchar</STRONG> (Thumb, 2 bytes, Stack size 0 bytes, http_upload.o(.text))
<BR><BR>[Called By]<UL><LI><a href="#[1732f64]">&gt;&gt;</a>&nbsp;&nbsp;&nbsp;_sys_write
<LI><a href="#[1733018]">&gt;&gt;</a>&nbsp;&nbsp;&nbsp;_ttywrch
</UL>

<P><STRONG><a name="[1737a64]"></a>getkey</STRONG> (Thumb, 4 bytes, Stack size 0 bytes, http_upload.o(.text))
<BR><BR>[Called By]<UL><LI><a href="#[1732f28]">&gt;&gt;</a>&nbsp;&nbsp;&nbsp;_sys_read
</UL>

<P><STRONG><a name="[1737a28]"></a>LED_out</STRONG> (Thumb, 46 bytes, Stack size 24 bytes, http_upload.o(.text))
<BR><BR>[Stack]<UL><LI>Max Depth = 24<LI>Call Chain = LED_out
</UL>
<BR>[Called By]<UL><LI><a href="#[1738658]">&gt;&gt;</a>&nbsp;&nbsp;&nbsp;blink_led
</UL>

<P><STRONG><a name="[17379ec]"></a>main</STRONG> (Thumb, 46 bytes, Stack size 16 bytes, http_upload.o(.text))
<BR><BR>[Stack]<UL><LI>Max Depth = 560 + Unknown Stack Size
<LI>Call Chain = main &rArr; main_TcpNet &rArr; run_system &rArr; run_http_server &rArr; http_kill_session &rArr; cgi_process_data &rArr; fopen &rArr; freopen &rArr; _sys_open &rArr; __fopen &rArr; fat_find_file &rArr; fat_find_dir &rArr; write_entries &rArr; check_name &rArr; search_for_name &rArr; set_next_clus &rArr; cache_fat &rArr; mmc_write_sect &rArr; mmc_write_block &rArr; mmc_command
</UL>
<BR>[Calls]<UL><LI><a href="#[17375b4]">&gt;&gt;</a>&nbsp;&nbsp;&nbsp;timer_tick
<LI><a href="#[173762c]">&gt;&gt;</a>&nbsp;&nbsp;&nbsp;main_TcpNet
<LI><a href="#[1738658]">&gt;&gt;</a>&nbsp;&nbsp;&nbsp;blink_led
<LI><a href="#[1738694]">&gt;&gt;</a>&nbsp;&nbsp;&nbsp;init
<LI><a href="#[17386d0]">&gt;&gt;</a>&nbsp;&nbsp;&nbsp;dhcp_check
</UL>
<BR>[Called By]<UL><LI><a href="#[26c85e8]">&gt;&gt;</a>&nbsp;&nbsp;&nbsp;__rt_entry_main
</UL>

<P><STRONG><a name="[1736b28]"></a>cgi_process_var</STRONG> (Thumb, 2 bytes, Stack size 0 bytes, http_cgi.o(.text))
<BR><BR>[Called By]<UL><LI><a href="#[268dfc8]">&gt;&gt;</a>&nbsp;&nbsp;&nbsp;http_listener
</UL>

<P><STRONG><a name="[1736aec]"></a>cgi_process_data</STRONG> (Thumb, 258 bytes, Stack size 24 bytes, http_cgi.o(.text))
<BR><BR>[Stack]<UL><LI>Max Depth = 480 + Unknown Stack Size
<LI>Call Chain = cgi_process_data &rArr; fopen &rArr; freopen &rArr; _sys_open &rArr; __fopen &rArr; fat_find_file &rArr; fat_find_dir &rArr; write_entries &rArr; check_name &rArr; search_for_name &rArr; set_next_clus &rArr; cache_fat &rArr; mmc_write_sect &rArr; mmc_write_block &rArr; mmc_command
</UL>
<BR>[Calls]<UL><LI><a href="#[17365c4]">&gt;&gt;</a>&nbsp;&nbsp;&nbsp;str_scomp
<LI><a href="#[1736600]">&gt;&gt;</a>&nbsp;&nbsp;&nbsp;str_copy
<LI><a href="#[173663c]">&gt;&gt;</a>&nbsp;&nbsp;&nbsp;http_get_var
<LI><a href="#[17366b4]">&gt;&gt;</a>&nbsp;&nbsp;&nbsp;free_mem
<LI><a href="#[173672c]">&gt;&gt;</a>&nbsp;&nbsp;&nbsp;fformat
<LI><a href="#[17367e0]">&gt;&gt;</a>&nbsp;&nbsp;&nbsp;alloc_mem
<LI><a href="#[17376e0]">&gt;&gt;</a>&nbsp;&nbsp;&nbsp;finit
<LI><a href="#[26c3aac]">&gt;&gt;</a>&nbsp;&nbsp;&nbsp;fwrite
<LI><a href="#[26cd688]">&gt;&gt;</a>&nbsp;&nbsp;&nbsp;fclose
<LI><a href="#[26cd8e0]">&gt;&gt;</a>&nbsp;&nbsp;&nbsp;fopen
<LI><a href="#[26d043c]">&gt;&gt;</a>&nbsp;&nbsp;&nbsp;toupper
</UL>
<BR>[Called By]<UL><LI><a href="#[268ded8]">&gt;&gt;</a>&nbsp;&nbsp;&nbsp;http_proc_post
<LI><a href="#[268df14]">&gt;&gt;</a>&nbsp;&nbsp;&nbsp;http_proc_multipart
<LI><a href="#[268e004]">&gt;&gt;</a>&nbsp;&nbsp;&nbsp;http_kill_session
</UL>

<P><STRONG><a name="[1736ab0]"></a>cgi_func</STRONG> (Thumb, 142 bytes, Stack size 72 bytes, http_cgi.o(.text))
<BR><BR>[Stack]<UL><LI>Max Depth = 464 + Unknown Stack Size
<LI>Call Chain = cgi_func &rArr; ffind &rArr; fat_ffind &rArr; fat_find_dir &rArr; write_entries &rArr; check_name &rArr; search_for_name &rArr; set_next_clus &rArr; cache_fat &rArr; mmc_write_sect &rArr; mmc_write_block &rArr; mmc_command
</UL>
<BR>[Calls]<UL><LI><a href="#[1736768]">&gt;&gt;</a>&nbsp;&nbsp;&nbsp;ffind
<LI><a href="#[173717c]">&gt;&gt;</a>&nbsp;&nbsp;&nbsp;dot_format
<LI><a href="#[17376e0]">&gt;&gt;</a>&nbsp;&nbsp;&nbsp;finit
<LI><a href="#[26d0310]">&gt;&gt;</a>&nbsp;&nbsp;&nbsp;__2sprintf
</UL>
<BR>[Called By]<UL><LI><a href="#[1734a94]">&gt;&gt;</a>&nbsp;&nbsp;&nbsp;run_http_server
</UL>

<P><STRONG><a name="[1733018]"></a>_ttywrch</STRONG> (Thumb, 4 bytes, Stack size 0 bytes, retarget.o(.text))
<BR><BR>[Calls]<UL><LI><a href="#[1737aa0]">&gt;&gt;</a>&nbsp;&nbsp;&nbsp;sendchar
</UL>
<BR>[Called By]<UL><LI><a href="#[279cd08]">&gt;&gt;</a>&nbsp;&nbsp;&nbsp;__default_signal_display
</UL>

<P><STRONG><a name="[1732fdc]"></a>_sys_open</STRONG> (Thumb, 64 bytes, Stack size 16 bytes, retarget.o(.text))
<BR><BR>[Stack]<UL><LI>Max Depth = 408<LI>Call Chain = _sys_open &rArr; __fopen &rArr; fat_find_file &rArr; fat_find_dir &rArr; write_entries &rArr; check_name &rArr; search_for_name &rArr; set_next_clus &rArr; cache_fat &rArr; mmc_write_sect &rArr; mmc_write_block &rArr; mmc_command
</UL>
<BR>[Calls]<UL><LI><a href="#[1732cd0]">&gt;&gt;</a>&nbsp;&nbsp;&nbsp;__fopen
<LI><a href="#[26cc9e0]">&gt;&gt;</a>&nbsp;&nbsp;&nbsp;strcmp
</UL>
<BR>[Called By]<UL><LI><a href="#[26cd91c]">&gt;&gt;</a>&nbsp;&nbsp;&nbsp;freopen
</UL>

<P><STRONG><a name="[1732fa0]"></a>_sys_close</STRONG> (Thumb, 14 bytes, Stack size 0 bytes, retarget.o(.text))
<BR><BR>[Stack]<UL><LI>Max Depth = 176<LI>Call Chain = _sys_close &rArr; __fclose &rArr; fat_close_write &rArr; write_fat_link &rArr; cache_fat &rArr; mmc_write_sect &rArr; mmc_write_block &rArr; mmc_command
</UL>
<BR>[Calls]<UL><LI><a href="#[1732d48]">&gt;&gt;</a>&nbsp;&nbsp;&nbsp;__fclose
</UL>
<BR>[Called By]<UL><LI><a href="#[26cd6c4]">&gt;&gt;</a>&nbsp;&nbsp;&nbsp;_fclose_internal
</UL>

<P><STRONG><a name="[1732f64]"></a>_sys_write</STRONG> (Thumb, 56 bytes, Stack size 16 bytes, retarget.o(.text))
<BR><BR>[Stack]<UL><LI>Max Depth = 224<LI>Call Chain = _sys_write &rArr; __write &rArr; fat_write &rArr; get_free_clus &rArr; cache_fat &rArr; mmc_write_sect &rArr; mmc_write_block &rArr; mmc_command
</UL>
<BR>[Calls]<UL><LI><a href="#[1732ba4]">&gt;&gt;</a>&nbsp;&nbsp;&nbsp;__write
<LI><a href="#[1737aa0]">&gt;&gt;</a>&nbsp;&nbsp;&nbsp;sendchar
</UL>
<BR>[Called By]<UL><LI><a href="#[26c9560]">&gt;&gt;</a>&nbsp;&nbsp;&nbsp;_writebuf
</UL>

<P><STRONG><a name="[1732f28]"></a>_sys_read</STRONG> (Thumb, 56 bytes, Stack size 16 bytes, retarget.o(.text))
<BR><BR>[Stack]<UL><LI>Max Depth = 184<LI>Call Chain = _sys_read &rArr; __read &rArr; fat_read &rArr; set_next_clus &rArr; cache_fat &rArr; mmc_write_sect &rArr; mmc_write_block &rArr; mmc_command
</UL>
<BR>[Calls]<UL><LI><a href="#[1732c58]">&gt;&gt;</a>&nbsp;&nbsp;&nbsp;__read
<LI><a href="#[1737a64]">&gt;&gt;</a>&nbsp;&nbsp;&nbsp;getkey
</UL>
<BR>[Called By]<UL><LI><a href="#[26c6fa4]">&gt;&gt;</a>&nbsp;&nbsp;&nbsp;_readbuf
</UL>

<P><STRONG><a name="[1732eec]"></a>_sys_istty</STRONG> (Thumb, 14 bytes, Stack size 0 bytes, retarget.o(.text))
<BR><BR>[Called By]<UL><LI><a href="#[26c6cd4]">&gt;&gt;</a>&nbsp;&nbsp;&nbsp;__flsbuf
<LI><a href="#[26c97b8]">&gt;&gt;</a>&nbsp;&nbsp;&nbsp;_fseek
</UL>

<P><STRONG><a name="[1732eb0]"></a>_sys_seek</STRONG> (Thumb, 16 bytes, Stack size 0 bytes, retarget.o(.text))
<BR><BR>[Stack]<UL><LI>Max Depth = 176<LI>Call Chain = _sys_seek &rArr; __setfpos &rArr; fat_set_fpos &rArr; set_next_clus &rArr; cache_fat &rArr; mmc_write_sect &rArr; mmc_write_block &rArr; mmc_command
</UL>
<BR>[Calls]<UL><LI><a href="#[1732c1c]">&gt;&gt;</a>&nbsp;&nbsp;&nbsp;__setfpos
</UL>
<BR>[Called By]<UL><LI><a href="#[26c6f2c]">&gt;&gt;</a>&nbsp;&nbsp;&nbsp;__filbuf
<LI><a href="#[26c9560]">&gt;&gt;</a>&nbsp;&nbsp;&nbsp;_writebuf
</UL>

<P><STRONG><a name="[1732e74]"></a>_sys_ensure</STRONG> (Thumb, 16 bytes, Stack size 0 bytes, retarget.o(.text), UNUSED)
<BR><BR>[Calls]<UL><LI><a href="#[1732d0c]">&gt;&gt;</a>&nbsp;&nbsp;&nbsp;__flushbuf
</UL>
<BR>[Called By]<UL><LI><a href="#[26c6f2c]">&gt;&gt;</a>&nbsp;&nbsp;&nbsp;__filbuf
</UL>

<P><STRONG><a name="[1732e38]"></a>_sys_flen</STRONG> (Thumb, 30 bytes, Stack size 0 bytes, retarget.o(.text))
<BR><BR>[Stack]<UL><LI>Max Depth = 48<LI>Call Chain = _sys_flen &rArr; __getfsize &rArr; fs_rd_sig
</UL>
<BR>[Calls]<UL><LI><a href="#[1732c94]">&gt;&gt;</a>&nbsp;&nbsp;&nbsp;__getfsize
</UL>
<BR>[Called By]<UL><LI><a href="#[26c6cd4]">&gt;&gt;</a>&nbsp;&nbsp;&nbsp;__flsbuf
<LI><a href="#[26c97b8]">&gt;&gt;</a>&nbsp;&nbsp;&nbsp;_fseek
</UL>

<P><STRONG><a name="[1732dfc]"></a>_sys_tmpnam</STRONG> (Thumb, 4 bytes, Stack size 0 bytes, retarget.o(.text), UNUSED)

<P><STRONG><a name="[1732dc0]"></a>_sys_command_string</STRONG> (Thumb, 2 bytes, Stack size 0 bytes, retarget.o(.text), UNUSED)

<P><STRONG><a name="[1732d84]"></a>_sys_exit</STRONG> (Thumb, 2 bytes, Stack size 0 bytes, retarget.o(.text))
<BR><BR>[Calls]<UL><LI><a href="#[1732d84]">&gt;&gt;</a>&nbsp;&nbsp;&nbsp;_sys_exit
</UL>
<BR>[Called By]<UL><LI><a href="#[1732d84]">&gt;&gt;</a>&nbsp;&nbsp;&nbsp;_sys_exit
<LI><a href="#[279d410]">&gt;&gt;</a>&nbsp;&nbsp;&nbsp;__rt_exit_exit
<LI><a href="#[279dbcc]">&gt;&gt;</a>&nbsp;&nbsp;&nbsp;__sig_exit
</UL>

<P><STRONG><a name="[17311dc]"></a>init_ethernet</STRONG> (Thumb, 498 bytes, Stack size 40 bytes, emac_lpc17xx.o(.text))
<BR><BR>[Stack]<UL><LI>Max Depth = 64<LI>Call Chain = init_ethernet &rArr; write_PHY &rArr; output_MDIO
</UL>
<BR>[Calls]<UL><LI><a href="#[173168c]">&gt;&gt;</a>&nbsp;&nbsp;&nbsp;write_PHY
<LI><a href="#[17316c8]">&gt;&gt;</a>&nbsp;&nbsp;&nbsp;read_PHY
</UL>
<BR>[Called By]<UL><LI><a href="#[1734cb0]">&gt;&gt;</a>&nbsp;&nbsp;&nbsp;init_eth_link
</UL>

<P><STRONG><a name="[17311a0]"></a>int_enable_eth</STRONG> (Thumb, 10 bytes, Stack size 0 bytes, emac_lpc17xx.o(.text))
<BR><BR>[Called By]<UL><LI><a href="#[172afa8]">&gt;&gt;</a>&nbsp;&nbsp;&nbsp;resize_mem
<LI><a href="#[1734cb0]">&gt;&gt;</a>&nbsp;&nbsp;&nbsp;init_eth_link
<LI><a href="#[17366b4]">&gt;&gt;</a>&nbsp;&nbsp;&nbsp;free_mem
<LI><a href="#[17367e0]">&gt;&gt;</a>&nbsp;&nbsp;&nbsp;alloc_mem
</UL>

<P><STRONG><a name="[1731164]"></a>int_disable_eth</STRONG> (Thumb, 10 bytes, Stack size 0 bytes, emac_lpc17xx.o(.text))
<BR><BR>[Called By]<UL><LI><a href="#[172afa8]">&gt;&gt;</a>&nbsp;&nbsp;&nbsp;resize_mem
<LI><a href="#[1734cb0]">&gt;&gt;</a>&nbsp;&nbsp;&nbsp;init_eth_link
<LI><a href="#[17366b4]">&gt;&gt;</a>&nbsp;&nbsp;&nbsp;free_mem
<LI><a href="#[17367e0]">&gt;&gt;</a>&nbsp;&nbsp;&nbsp;alloc_mem
<LI><a href="#[17376a4]">&gt;&gt;</a>&nbsp;&nbsp;&nbsp;init_TcpNet
</UL>

<P><STRONG><a name="[1731128]"></a>send_frame</STRONG> (Thumb, 68 bytes, Stack size 20 bytes, emac_lpc17xx.o(.text))
<BR><BR>[Stack]<UL><LI>Max Depth = 20<LI>Call Chain = send_frame
</UL>
<BR>[Called By]<UL><LI><a href="#[1734d28]">&gt;&gt;</a>&nbsp;&nbsp;&nbsp;eth_send_frame
<LI><a href="#[2681548]">&gt;&gt;</a>&nbsp;&nbsp;&nbsp;arp_send_req
<LI><a href="#[2681584]">&gt;&gt;</a>&nbsp;&nbsp;&nbsp;arp_send_reply
</UL>

<P><STRONG><a name="[17310ec]"></a>ENET_IRQHandler</STRONG> (Thumb, 188 bytes, Stack size 24 bytes, emac_lpc17xx.o(.text))
<BR><BR>[Stack]<UL><LI>Max Depth = 48<LI>Call Chain = ENET_IRQHandler &rArr; put_in_queue &rArr; free_mem
</UL>
<BR>[Calls]<UL><LI><a href="#[17310b0]">&gt;&gt;</a>&nbsp;&nbsp;&nbsp;put_in_queue
<LI><a href="#[17367e0]">&gt;&gt;</a>&nbsp;&nbsp;&nbsp;alloc_mem
</UL>
<BR>[Address Reference Count : 1]<UL><LI> startup_lpc17xx.o(RESET)
</UL>
<P><STRONG><a name="[1730c00]"></a>spi_init</STRONG> (Thumb, 124 bytes, Stack size 0 bytes, spi_lpc17xx.o(.text))
<BR><BR>[Called By]<UL><LI><a href="#[268579c]">&gt;&gt;</a>&nbsp;&nbsp;&nbsp;mmc_init
</UL>

<P><STRONG><a name="[1730bc4]"></a>spi_hi_speed</STRONG> (Thumb, 16 bytes, Stack size 0 bytes, spi_lpc17xx.o(.text))
<BR><BR>[Called By]<UL><LI><a href="#[268579c]">&gt;&gt;</a>&nbsp;&nbsp;&nbsp;mmc_init
</UL>

<P><STRONG><a name="[1730b88]"></a>spi_ss</STRONG> (Thumb, 22 bytes, Stack size 0 bytes, spi_lpc17xx.o(.text))
<BR><BR>[Called By]<UL><LI><a href="#[26856e8]">&gt;&gt;</a>&nbsp;&nbsp;&nbsp;mmc_write_sect
<LI><a href="#[2685724]">&gt;&gt;</a>&nbsp;&nbsp;&nbsp;mmc_read_sect
<LI><a href="#[2685760]">&gt;&gt;</a>&nbsp;&nbsp;&nbsp;mmc_read_config
<LI><a href="#[268579c]">&gt;&gt;</a>&nbsp;&nbsp;&nbsp;mmc_init
</UL>

<P><STRONG><a name="[1730b4c]"></a>spi_send</STRONG> (Thumb, 16 bytes, Stack size 0 bytes, spi_lpc17xx.o(.text))
<BR><BR>[Called By]<UL><LI><a href="#[26802c4]">&gt;&gt;</a>&nbsp;&nbsp;&nbsp;mmc_write_block
<LI><a href="#[2680300]">&gt;&gt;</a>&nbsp;&nbsp;&nbsp;mmc_read_bytes
<LI><a href="#[268033c]">&gt;&gt;</a>&nbsp;&nbsp;&nbsp;mmc_read_block
<LI><a href="#[2680378]">&gt;&gt;</a>&nbsp;&nbsp;&nbsp;mmc_command
<LI><a href="#[26856e8]">&gt;&gt;</a>&nbsp;&nbsp;&nbsp;mmc_write_sect
<LI><a href="#[2685724]">&gt;&gt;</a>&nbsp;&nbsp;&nbsp;mmc_read_sect
<LI><a href="#[268579c]">&gt;&gt;</a>&nbsp;&nbsp;&nbsp;mmc_init
</UL>

<P><STRONG><a name="[1737848]"></a>SystemInit</STRONG> (Thumb, 288 bytes, Stack size 12 bytes, system_lpc17xx.o(.text))
<BR><BR>[Stack]<UL><LI>Max Depth = 12<LI>Call Chain = SystemInit
</UL>
<BR>[Called By]<UL><LI><a href="#[1738694]">&gt;&gt;</a>&nbsp;&nbsp;&nbsp;init
</UL>

<P><STRONG><a name="[172f9f4]"></a>wait_delay</STRONG> (Thumb, 6 bytes, Stack size 0 bytes, glcd_lpc1700.o(.text), UNUSED)
<BR><BR>[Calls]<UL><LI><a href="#[172f9f4]">&gt;&gt;</a>&nbsp;&nbsp;&nbsp;wait_delay
</UL>
<BR>[Called By]<UL><LI><a href="#[172f9f4]">&gt;&gt;</a>&nbsp;&nbsp;&nbsp;wait_delay
</UL>

<P><STRONG><a name="[17378fc]"></a>GLCD_Init</STRONG> (Thumb, 880 bytes, Stack size 32 bytes, glcd_lpc1700.o(.text))
<BR><BR>[Stack]<UL><LI>Max Depth = 64<LI>Call Chain = GLCD_Init &rArr; rd_reg &rArr; wr_cmd
</UL>
<BR>[Calls]<UL><LI><a href="#[172fea4]">&gt;&gt;</a>&nbsp;&nbsp;&nbsp;rd_reg
<LI><a href="#[172fee0]">&gt;&gt;</a>&nbsp;&nbsp;&nbsp;wr_reg
<LI><a href="#[172ffd0]">&gt;&gt;</a>&nbsp;&nbsp;&nbsp;delay
</UL>
<BR>[Called By]<UL><LI><a href="#[1738694]">&gt;&gt;</a>&nbsp;&nbsp;&nbsp;init
</UL>

<P><STRONG><a name="[172f9b8]"></a>GLCD_WindowMax</STRONG> (Thumb, 40 bytes, Stack size 8 bytes, glcd_lpc1700.o(.text))
<BR><BR>[Stack]<UL><LI>Max Depth = 40<LI>Call Chain = GLCD_WindowMax &rArr; wr_reg &rArr; wr_dat
</UL>
<BR>[Calls]<UL><LI><a href="#[172fee0]">&gt;&gt;</a>&nbsp;&nbsp;&nbsp;wr_reg
</UL>
<BR>[Called By]<UL><LI><a href="#[1737938]">&gt;&gt;</a>&nbsp;&nbsp;&nbsp;GLCD_DisplayString
<LI><a href="#[1737974]">&gt;&gt;</a>&nbsp;&nbsp;&nbsp;GLCD_ClearLn
<LI><a href="#[17379b0]">&gt;&gt;</a>&nbsp;&nbsp;&nbsp;GLCD_Clear
</UL>

<P><STRONG><a name="[172f97c]"></a>GLCD_PutPixel</STRONG> (Thumb, 62 bytes, Stack size 16 bytes, glcd_lpc1700.o(.text), UNUSED)
<BR><BR>[Calls]<UL><LI><a href="#[172fee0]">&gt;&gt;</a>&nbsp;&nbsp;&nbsp;wr_reg
<LI><a href="#[172ff58]">&gt;&gt;</a>&nbsp;&nbsp;&nbsp;wr_dat
<LI><a href="#[172ff94]">&gt;&gt;</a>&nbsp;&nbsp;&nbsp;wr_cmd
</UL>

<P><STRONG><a name="[17378c0]"></a>GLCD_SetTextColor</STRONG> (Thumb, 6 bytes, Stack size 0 bytes, glcd_lpc1700.o(.text))
<BR><BR>[Called By]<UL><LI><a href="#[1738694]">&gt;&gt;</a>&nbsp;&nbsp;&nbsp;init
</UL>

<P><STRONG><a name="[172f940]"></a>GLCD_SetBackColor</STRONG> (Thumb, 6 bytes, Stack size 0 bytes, glcd_lpc1700.o(.text), UNUSED)

<P><STRONG><a name="[17379b0]"></a>GLCD_Clear</STRONG> (Thumb, 68 bytes, Stack size 24 bytes, glcd_lpc1700.o(.text))
<BR><BR>[Stack]<UL><LI>Max Depth = 64<LI>Call Chain = GLCD_Clear &rArr; GLCD_WindowMax &rArr; wr_reg &rArr; wr_dat
</UL>
<BR>[Calls]<UL><LI><a href="#[172f9b8]">&gt;&gt;</a>&nbsp;&nbsp;&nbsp;GLCD_WindowMax
<LI><a href="#[172fee0]">&gt;&gt;</a>&nbsp;&nbsp;&nbsp;wr_reg
<LI><a href="#[172ff1c]">&gt;&gt;</a>&nbsp;&nbsp;&nbsp;wr_dat_only
<LI><a href="#[172ff94]">&gt;&gt;</a>&nbsp;&nbsp;&nbsp;wr_cmd
</UL>
<BR>[Called By]<UL><LI><a href="#[1738694]">&gt;&gt;</a>&nbsp;&nbsp;&nbsp;init
</UL>

<P><STRONG><a name="[172f904]"></a>GLCD_DrawChar</STRONG> (Thumb, 150 bytes, Stack size 40 bytes, glcd_lpc1700.o(.text))
<BR><BR>[Stack]<UL><LI>Max Depth = 72<LI>Call Chain = GLCD_DrawChar &rArr; wr_reg &rArr; wr_dat
</UL>
<BR>[Calls]<UL><LI><a href="#[172fee0]">&gt;&gt;</a>&nbsp;&nbsp;&nbsp;wr_reg
<LI><a href="#[172ff1c]">&gt;&gt;</a>&nbsp;&nbsp;&nbsp;wr_dat_only
<LI><a href="#[172ff94]">&gt;&gt;</a>&nbsp;&nbsp;&nbsp;wr_cmd
</UL>
<BR>[Called By]<UL><LI><a href="#[172f8c8]">&gt;&gt;</a>&nbsp;&nbsp;&nbsp;GLCD_DisplayChar
</UL>

<P><STRONG><a name="[172f8c8]"></a>GLCD_DisplayChar</STRONG> (Thumb, 26 bytes, Stack size 0 bytes, glcd_lpc1700.o(.text))
<BR><BR>[Stack]<UL><LI>Max Depth = 72<LI>Call Chain = GLCD_DisplayChar &rArr; GLCD_DrawChar &rArr; wr_reg &rArr; wr_dat
</UL>
<BR>[Calls]<UL><LI><a href="#[172f904]">&gt;&gt;</a>&nbsp;&nbsp;&nbsp;GLCD_DrawChar
</UL>
<BR>[Called By]<UL><LI><a href="#[1737938]">&gt;&gt;</a>&nbsp;&nbsp;&nbsp;GLCD_DisplayString
</UL>

<P><STRONG><a name="[1737938]"></a>GLCD_DisplayString</STRONG> (Thumb, 34 bytes, Stack size 16 bytes, glcd_lpc1700.o(.text))
<BR><BR>[Stack]<UL><LI>Max Depth = 88<LI>Call Chain = GLCD_DisplayString &rArr; GLCD_DisplayChar &rArr; GLCD_DrawChar &rArr; wr_reg &rArr; wr_dat
</UL>
<BR>[Calls]<UL><LI><a href="#[172f8c8]">&gt;&gt;</a>&nbsp;&nbsp;&nbsp;GLCD_DisplayChar
<LI><a href="#[172f9b8]">&gt;&gt;</a>&nbsp;&nbsp;&nbsp;GLCD_WindowMax
</UL>
<BR>[Called By]<UL><LI><a href="#[1737974]">&gt;&gt;</a>&nbsp;&nbsp;&nbsp;GLCD_ClearLn
<LI><a href="#[1738694]">&gt;&gt;</a>&nbsp;&nbsp;&nbsp;init
<LI><a href="#[173870c]">&gt;&gt;</a>&nbsp;&nbsp;&nbsp;upd_display
</UL>

<P><STRONG><a name="[1737974]"></a>GLCD_ClearLn</STRONG> (Thumb, 20 bytes, Stack size 8 bytes, glcd_lpc1700.o(.text))
<BR><BR>[Stack]<UL><LI>Max Depth = 96<LI>Call Chain = GLCD_ClearLn &rArr; GLCD_DisplayString &rArr; GLCD_DisplayChar &rArr; GLCD_DrawChar &rArr; wr_reg &rArr; wr_dat
</UL>
<BR>[Calls]<UL><LI><a href="#[172f9b8]">&gt;&gt;</a>&nbsp;&nbsp;&nbsp;GLCD_WindowMax
<LI><a href="#[1737938]">&gt;&gt;</a>&nbsp;&nbsp;&nbsp;GLCD_DisplayString
</UL>
<BR>[Called By]<UL><LI><a href="#[173870c]">&gt;&gt;</a>&nbsp;&nbsp;&nbsp;upd_display
</UL>

<P><STRONG><a name="[172f88c]"></a>GLCD_Bargraph</STRONG> (Thumb, 152 bytes, Stack size 40 bytes, glcd_lpc1700.o(.text), UNUSED)
<BR><BR>[Calls]<UL><LI><a href="#[172fee0]">&gt;&gt;</a>&nbsp;&nbsp;&nbsp;wr_reg
<LI><a href="#[172ff1c]">&gt;&gt;</a>&nbsp;&nbsp;&nbsp;wr_dat_only
<LI><a href="#[172ff94]">&gt;&gt;</a>&nbsp;&nbsp;&nbsp;wr_cmd
</UL>

<P><STRONG><a name="[172f850]"></a>GLCD_Bitmap</STRONG> (Thumb, 156 bytes, Stack size 32 bytes, glcd_lpc1700.o(.text), UNUSED)
<BR><BR>[Calls]<UL><LI><a href="#[172fee0]">&gt;&gt;</a>&nbsp;&nbsp;&nbsp;wr_reg
<LI><a href="#[172ff1c]">&gt;&gt;</a>&nbsp;&nbsp;&nbsp;wr_dat_only
<LI><a href="#[172ff94]">&gt;&gt;</a>&nbsp;&nbsp;&nbsp;wr_cmd
</UL>

<P><STRONG><a name="[172f814]"></a>GLCD_Bmp</STRONG> (Thumb, 152 bytes, Stack size 32 bytes, glcd_lpc1700.o(.text), UNUSED)
<BR><BR>[Calls]<UL><LI><a href="#[172fee0]">&gt;&gt;</a>&nbsp;&nbsp;&nbsp;wr_reg
<LI><a href="#[172ff1c]">&gt;&gt;</a>&nbsp;&nbsp;&nbsp;wr_dat_only
<LI><a href="#[172ff94]">&gt;&gt;</a>&nbsp;&nbsp;&nbsp;wr_cmd
</UL>

<P><STRONG><a name="[26cffc8]"></a>_printf_pre_padding</STRONG> (Thumb, 44 bytes, Stack size 16 bytes, _printf_pad.o(.text))
<BR><BR>[Stack]<UL><LI>Max Depth = 16<LI>Call Chain = _printf_pre_padding
</UL>
<BR>[Called By]<UL><LI><a href="#[26ca334]">&gt;&gt;</a>&nbsp;&nbsp;&nbsp;_printf_int_common
<LI><a href="#[26cfe9c]">&gt;&gt;</a>&nbsp;&nbsp;&nbsp;_printf_str
</UL>

<P><STRONG><a name="[26cff8c]"></a>_printf_post_padding</STRONG> (Thumb, 36 bytes, Stack size 16 bytes, _printf_pad.o(.text))
<BR><BR>[Stack]<UL><LI>Max Depth = 16<LI>Call Chain = _printf_post_padding
</UL>
<BR>[Called By]<UL><LI><a href="#[26ca334]">&gt;&gt;</a>&nbsp;&nbsp;&nbsp;_printf_int_common
<LI><a href="#[26cfe9c]">&gt;&gt;</a>&nbsp;&nbsp;&nbsp;_printf_str
</UL>

<P><STRONG><a name="[26cfe9c]"></a>_printf_str</STRONG> (Thumb, 82 bytes, Stack size 16 bytes, _printf_str.o(.text))
<BR><BR>[Stack]<UL><LI>Max Depth = 32<LI>Call Chain = _printf_str &rArr; _printf_post_padding
</UL>
<BR>[Calls]<UL><LI><a href="#[26cff8c]">&gt;&gt;</a>&nbsp;&nbsp;&nbsp;_printf_post_padding
<LI><a href="#[26cffc8]">&gt;&gt;</a>&nbsp;&nbsp;&nbsp;_printf_pre_padding
</UL>
<BR>[Called By]<UL><LI><a href="#[26c9fec]">&gt;&gt;</a>&nbsp;&nbsp;&nbsp;_printf_cs_common
</UL>

<P><STRONG><a name="[26cfd34]"></a>_printf_int_dec</STRONG> (Thumb, 98 bytes, Stack size 24 bytes, _printf_dec.o(.text))
<BR><BR>[Stack]<UL><LI>Max Depth = 72<LI>Call Chain = _printf_int_dec &rArr; _printf_int_common &rArr; _printf_post_padding
</UL>
<BR>[Calls]<UL><LI><a href="#[26c8c00]">&gt;&gt;</a>&nbsp;&nbsp;&nbsp;__rt_udiv10
<LI><a href="#[26ca334]">&gt;&gt;</a>&nbsp;&nbsp;&nbsp;_printf_int_common
</UL>
<BR>[Called By]<UL><LI><a href="#[26ce024]">&gt;&gt;</a>&nbsp;&nbsp;&nbsp;_printf_d
</UL>

<P><STRONG><a name="[26cfb54]"></a>_printf_charcount</STRONG> (Thumb, 40 bytes, Stack size 0 bytes, _printf_charcount.o(.text))
<BR><BR>[Called By]<UL><LI><a href="#[26ce1c8]">&gt;&gt;</a>&nbsp;&nbsp;&nbsp;_printf_n
</UL>

<P><STRONG><a name="[26cf35c]"></a>_printf_hex_ptr</STRONG> (Thumb, 82 bytes, Stack size 16 bytes, _printf_hex_ptr.o(.text))
<BR><BR>[Stack]<UL><LI>Max Depth = 64<LI>Call Chain = _printf_hex_ptr &rArr; _printf_int_common &rArr; _printf_post_padding
</UL>
<BR>[Calls]<UL><LI><a href="#[26ca334]">&gt;&gt;</a>&nbsp;&nbsp;&nbsp;_printf_int_common
</UL>
<BR>[Called By]<UL><LI><a href="#[26ce114]">&gt;&gt;</a>&nbsp;&nbsp;&nbsp;_printf_p
</UL>

<P><STRONG><a name="[26cf320]"></a>_printf_longlong_hex</STRONG> (Thumb, 0 bytes, Stack size 16 bytes, _printf_hex_ptr.o(.text), UNUSED)

<P><STRONG><a name="[26ce36c]"></a>__printf</STRONG> (Thumb, 412 bytes, Stack size 40 bytes, __printf_flags_ss_wp.o(.text))
<BR><BR>[Stack]<UL><LI>Max Depth = 40 + Unknown Stack Size
<LI>Call Chain = __printf
</UL>
<BR>[Calls]<UL><LI><a href="#[26cdf70]">&gt;&gt;</a>&nbsp;&nbsp;&nbsp;_printf_percent
</UL>
<BR>[Called By]<UL><LI><a href="#[26ca208]">&gt;&gt;</a>&nbsp;&nbsp;&nbsp;_printf_char_common
</UL>

<P><STRONG><a name="[26cde44]"></a>atoi</STRONG> (Thumb, 26 bytes, Stack size 16 bytes, atoi.o(.text))
<BR><BR>[Stack]<UL><LI>Max Depth = 88<LI>Call Chain = atoi &rArr; strtol &rArr; _strtoul
</UL>
<BR>[Calls]<UL><LI><a href="#[26c9d94]">&gt;&gt;</a>&nbsp;&nbsp;&nbsp;strtol
<LI><a href="#[26cbea0]">&gt;&gt;</a>&nbsp;&nbsp;&nbsp;__aeabi_errno_addr
</UL>
<BR>[Called By]<UL><LI><a href="#[268de24]">&gt;&gt;</a>&nbsp;&nbsp;&nbsp;http_to_utc
<LI><a href="#[268e1e4]">&gt;&gt;</a>&nbsp;&nbsp;&nbsp;chk_post_rq
</UL>

<P><STRONG><a name="[26cdcdc]"></a>fgets</STRONG> (Thumb, 72 bytes, Stack size 24 bytes, fgets.o(.text))
<BR><BR>[Stack]<UL><LI>Max Depth = 56<LI>Call Chain = fgets &rArr; fgetc &rArr; __filbuf_byte
</UL>
<BR>[Calls]<UL><LI><a href="#[26c9ac4]">&gt;&gt;</a>&nbsp;&nbsp;&nbsp;fgetc
<LI><a href="#[26c9c68]">&gt;&gt;</a>&nbsp;&nbsp;&nbsp;ferror
</UL>
<BR>[Called By]<UL><LI><a href="#[1733aa4]">&gt;&gt;</a>&nbsp;&nbsp;&nbsp;http_fgets
</UL>

<P><STRONG><a name="[26cd91c]"></a>freopen</STRONG> (Thumb, 154 bytes, Stack size 24 bytes, fopen.o(.text))
<BR><BR>[Stack]<UL><LI>Max Depth = 432<LI>Call Chain = freopen &rArr; _sys_open &rArr; __fopen &rArr; fat_find_file &rArr; fat_find_dir &rArr; write_entries &rArr; check_name &rArr; search_for_name &rArr; set_next_clus &rArr; cache_fat &rArr; mmc_write_sect &rArr; mmc_write_block &rArr; mmc_command
</UL>
<BR>[Calls]<UL><LI><a href="#[1732fdc]">&gt;&gt;</a>&nbsp;&nbsp;&nbsp;_sys_open
<LI><a href="#[26c97b8]">&gt;&gt;</a>&nbsp;&nbsp;&nbsp;_fseek
<LI><a href="#[26cd6c4]">&gt;&gt;</a>&nbsp;&nbsp;&nbsp;_fclose_internal
</UL>
<BR>[Called By]<UL><LI><a href="#[26c6a04]">&gt;&gt;</a>&nbsp;&nbsp;&nbsp;_initio
<LI><a href="#[26cd8e0]">&gt;&gt;</a>&nbsp;&nbsp;&nbsp;fopen
</UL>

<P><STRONG><a name="[26cd8e0]"></a>fopen</STRONG> (Thumb, 68 bytes, Stack size 24 bytes, fopen.o(.text))
<BR><BR>[Stack]<UL><LI>Max Depth = 456<LI>Call Chain = fopen &rArr; freopen &rArr; _sys_open &rArr; __fopen &rArr; fat_find_file &rArr; fat_find_dir &rArr; write_entries &rArr; check_name &rArr; search_for_name &rArr; set_next_clus &rArr; cache_fat &rArr; mmc_write_sect &rArr; mmc_write_block &rArr; mmc_command
</UL>
<BR>[Calls]<UL><LI><a href="#[26cb9f0]">&gt;&gt;</a>&nbsp;&nbsp;&nbsp;malloc
<LI><a href="#[26ccb84]">&gt;&gt;</a>&nbsp;&nbsp;&nbsp;__aeabi_memclr4
<LI><a href="#[26cd91c]">&gt;&gt;</a>&nbsp;&nbsp;&nbsp;freopen
</UL>
<BR>[Called By]<UL><LI><a href="#[1733b58]">&gt;&gt;</a>&nbsp;&nbsp;&nbsp;http_fopen
<LI><a href="#[1736aec]">&gt;&gt;</a>&nbsp;&nbsp;&nbsp;cgi_process_data
</UL>

<P><STRONG><a name="[26cd6c4]"></a>_fclose_internal</STRONG> (Thumb, 76 bytes, Stack size 32 bytes, fclose.o(.text))
<BR><BR>[Stack]<UL><LI>Max Depth = 304<LI>Call Chain = _fclose_internal &rArr; _fflush &rArr; _writebuf &rArr; _sys_write &rArr; __write &rArr; fat_write &rArr; get_free_clus &rArr; cache_fat &rArr; mmc_write_sect &rArr; mmc_write_block &rArr; mmc_command
</UL>
<BR>[Calls]<UL><LI><a href="#[1732fa0]">&gt;&gt;</a>&nbsp;&nbsp;&nbsp;_sys_close
<LI><a href="#[26c9524]">&gt;&gt;</a>&nbsp;&nbsp;&nbsp;_fflush
<LI><a href="#[26cb888]">&gt;&gt;</a>&nbsp;&nbsp;&nbsp;free
<LI><a href="#[26ccb84]">&gt;&gt;</a>&nbsp;&nbsp;&nbsp;__aeabi_memclr4
</UL>
<BR>[Called By]<UL><LI><a href="#[26c69c8]">&gt;&gt;</a>&nbsp;&nbsp;&nbsp;_terminateio
<LI><a href="#[26cd91c]">&gt;&gt;</a>&nbsp;&nbsp;&nbsp;freopen
</UL>

<P><STRONG><a name="[26cd688]"></a>fclose</STRONG> (Thumb, 0 bytes, Stack size 32 bytes, fclose.o(.text))
<BR><BR>[Stack]<UL><LI>Max Depth = 32<LI>Call Chain = fclose
</UL>
<BR>[Called By]<UL><LI><a href="#[1733b1c]">&gt;&gt;</a>&nbsp;&nbsp;&nbsp;http_fclose
<LI><a href="#[1736aec]">&gt;&gt;</a>&nbsp;&nbsp;&nbsp;cgi_process_data
</UL>

<P><STRONG><a name="[26cd250]"></a>strlen</STRONG> (Thumb, 62 bytes, Stack size 8 bytes, strlen.o(.text))
<BR><BR>[Stack]<UL><LI>Max Depth = 8<LI>Call Chain = strlen
</UL>
<BR>[Called By]<UL><LI><a href="#[1736768]">&gt;&gt;</a>&nbsp;&nbsp;&nbsp;ffind
<LI><a href="#[2685c10]">&gt;&gt;</a>&nbsp;&nbsp;&nbsp;write_entries
<LI><a href="#[2685e68]">&gt;&gt;</a>&nbsp;&nbsp;&nbsp;search_for_name
<LI><a href="#[2686624]">&gt;&gt;</a>&nbsp;&nbsp;&nbsp;alloc_name
<LI><a href="#[268dde8]">&gt;&gt;</a>&nbsp;&nbsp;&nbsp;read_script_line
<LI><a href="#[268df50]">&gt;&gt;</a>&nbsp;&nbsp;&nbsp;http_proc_header
</UL>

<P><STRONG><a name="[26cd160]"></a>__aeabi_memcpy</STRONG> (Thumb, 0 bytes, Stack size 0 bytes, rt_memcpy_v6.o(.text))
<BR><BR>[Called By]<UL><LI><a href="#[172cfc4]">&gt;&gt;</a>&nbsp;&nbsp;&nbsp;fat_write
<LI><a href="#[172d3c0]">&gt;&gt;</a>&nbsp;&nbsp;&nbsp;fat_read
<LI><a href="#[2684ab8]">&gt;&gt;</a>&nbsp;&nbsp;&nbsp;fs_WriteData
<LI><a href="#[2684af4]">&gt;&gt;</a>&nbsp;&nbsp;&nbsp;fs_ReadData
<LI><a href="#[2685c88]">&gt;&gt;</a>&nbsp;&nbsp;&nbsp;write_cache
<LI><a href="#[2685cc4]">&gt;&gt;</a>&nbsp;&nbsp;&nbsp;write_br
<LI><a href="#[2685ee0]">&gt;&gt;</a>&nbsp;&nbsp;&nbsp;read_sector
<LI><a href="#[2685f58]">&gt;&gt;</a>&nbsp;&nbsp;&nbsp;read_cache
<LI><a href="#[26c3aac]">&gt;&gt;</a>&nbsp;&nbsp;&nbsp;fwrite
<LI><a href="#[26c3d04]">&gt;&gt;</a>&nbsp;&nbsp;&nbsp;fread
</UL>

<P><STRONG><a name="[26cd124]"></a>__rt_memcpy</STRONG> (Thumb, 140 bytes, Stack size 0 bytes, rt_memcpy_v6.o(.text), UNUSED)
<BR><BR>[Calls]<UL><LI><a href="#[26ccd28]">&gt;&gt;</a>&nbsp;&nbsp;&nbsp;__aeabi_memcpy4
</UL>

<P><STRONG><a name="[26cd0e8]"></a>_memcpy_lastbytes</STRONG> (Thumb, 0 bytes, Stack size unknown bytes, rt_memcpy_v6.o(.text), UNUSED)

<P><STRONG><a name="[26ccecc]"></a>__aeabi_memclr</STRONG> (Thumb, 0 bytes, Stack size 0 bytes, rt_memclr.o(.text))
<BR><BR>[Called By]<UL><LI><a href="#[172eb6c]">&gt;&gt;</a>&nbsp;&nbsp;&nbsp;fat_format
<LI><a href="#[2685b5c]">&gt;&gt;</a>&nbsp;&nbsp;&nbsp;write_mbr
<LI><a href="#[2685c4c]">&gt;&gt;</a>&nbsp;&nbsp;&nbsp;write_dot_entries
<LI><a href="#[2685cc4]">&gt;&gt;</a>&nbsp;&nbsp;&nbsp;write_br
<LI><a href="#[2686480]">&gt;&gt;</a>&nbsp;&nbsp;&nbsp;clear_clus
</UL>

<P><STRONG><a name="[26cce90]"></a>__rt_memclr</STRONG> (Thumb, 68 bytes, Stack size 0 bytes, rt_memclr.o(.text), UNUSED)
<BR><BR>[Calls]<UL><LI><a href="#[26ccad0]">&gt;&gt;</a>&nbsp;&nbsp;&nbsp;_memset_w
</UL>

<P><STRONG><a name="[26cce54]"></a>_memset</STRONG> (Thumb, 0 bytes, Stack size unknown bytes, rt_memclr.o(.text))
<BR><BR>[Called By]<UL><LI><a href="#[26ccff8]">&gt;&gt;</a>&nbsp;&nbsp;&nbsp;__aeabi_memset
</UL>

<P><STRONG><a name="[26ccd28]"></a>__aeabi_memcpy4</STRONG> (Thumb, 0 bytes, Stack size 8 bytes, rt_memcpy_w.o(.text))
<BR><BR>[Stack]<UL><LI>Max Depth = 8<LI>Call Chain = __aeabi_memcpy4
</UL>
<BR>[Called By]<UL><LI><a href="#[172d780]">&gt;&gt;</a>&nbsp;&nbsp;&nbsp;fat_close_write
<LI><a href="#[2685c4c]">&gt;&gt;</a>&nbsp;&nbsp;&nbsp;write_dot_entries
<LI><a href="#[2685f1c]">&gt;&gt;</a>&nbsp;&nbsp;&nbsp;read_last_entry
<LI><a href="#[26cd124]">&gt;&gt;</a>&nbsp;&nbsp;&nbsp;__rt_memcpy
</UL>

<P><STRONG><a name="[26cccec]"></a>__aeabi_memcpy8</STRONG> (Thumb, 0 bytes, Stack size 8 bytes, rt_memcpy_w.o(.text), UNUSED)

<P><STRONG><a name="[26cccb0]"></a>__rt_memcpy_w</STRONG> (Thumb, 100 bytes, Stack size 8 bytes, rt_memcpy_w.o(.text), UNUSED)

<P><STRONG><a name="[26ccc74]"></a>_memcpy_lastbytes_aligned</STRONG> (Thumb, 0 bytes, Stack size unknown bytes, rt_memcpy_w.o(.text), UNUSED)

<P><STRONG><a name="[26ccb84]"></a>__aeabi_memclr4</STRONG> (Thumb, 0 bytes, Stack size 4 bytes, rt_memclr_w.o(.text))
<BR><BR>[Stack]<UL><LI>Max Depth = 4<LI>Call Chain = __aeabi_memclr4
</UL>
<BR>[Called By]<UL><LI><a href="#[172eaf4]">&gt;&gt;</a>&nbsp;&nbsp;&nbsp;fs_find_iob
<LI><a href="#[2685b98]">&gt;&gt;</a>&nbsp;&nbsp;&nbsp;write_label
<LI><a href="#[2686048]">&gt;&gt;</a>&nbsp;&nbsp;&nbsp;init_dev
<LI><a href="#[26c6a04]">&gt;&gt;</a>&nbsp;&nbsp;&nbsp;_initio
<LI><a href="#[26cd6c4]">&gt;&gt;</a>&nbsp;&nbsp;&nbsp;_fclose_internal
<LI><a href="#[26cd8e0]">&gt;&gt;</a>&nbsp;&nbsp;&nbsp;fopen
</UL>

<P><STRONG><a name="[26ccb48]"></a>__aeabi_memclr8</STRONG> (Thumb, 0 bytes, Stack size 4 bytes, rt_memclr_w.o(.text), UNUSED)

<P><STRONG><a name="[26ccb0c]"></a>__rt_memclr_w</STRONG> (Thumb, 78 bytes, Stack size 4 bytes, rt_memclr_w.o(.text), UNUSED)

<P><STRONG><a name="[26ccad0]"></a>_memset_w</STRONG> (Thumb, 0 bytes, Stack size unknown bytes, rt_memclr_w.o(.text), UNUSED)
<BR><BR>[Called By]<UL><LI><a href="#[26cce90]">&gt;&gt;</a>&nbsp;&nbsp;&nbsp;__rt_memclr
</UL>

<P><STRONG><a name="[26cc9e0]"></a>strcmp</STRONG> (Thumb, 128 bytes, Stack size 0 bytes, strcmpv7m.o(.text))
<BR><BR>[Called By]<UL><LI><a href="#[1732fdc]">&gt;&gt;</a>&nbsp;&nbsp;&nbsp;_sys_open
<LI><a href="#[1736768]">&gt;&gt;</a>&nbsp;&nbsp;&nbsp;ffind
<LI><a href="#[26864f8]">&gt;&gt;</a>&nbsp;&nbsp;&nbsp;chk_dir_empty
<LI><a href="#[268df50]">&gt;&gt;</a>&nbsp;&nbsp;&nbsp;http_proc_header
<LI><a href="#[26c63b0]">&gt;&gt;</a>&nbsp;&nbsp;&nbsp;_get_lc_ctype
</UL>

<P><STRONG><a name="[26cc8f0]"></a>__use_two_region_memory</STRONG> (Thumb, 2 bytes, Stack size 0 bytes, heapauxi.o(.text), UNUSED)

<P><STRONG><a name="[26cc8b4]"></a>__rt_heap_escrow</STRONG> (Thumb, 2 bytes, Stack size 0 bytes, heapauxi.o(.text), UNUSED)

<P><STRONG><a name="[26cc878]"></a>__rt_heap_expand</STRONG> (Thumb, 2 bytes, Stack size 0 bytes, heapauxi.o(.text), UNUSED)

<P><STRONG><a name="[26cc1e8]"></a>__rt_ctype_table</STRONG> (Thumb, 16 bytes, Stack size 8 bytes, rt_ctype_table.o(.text))
<BR><BR>[Stack]<UL><LI>Max Depth = 8<LI>Call Chain = __rt_ctype_table
</UL>
<BR>[Calls]<UL><LI><a href="#[26c7ee0]">&gt;&gt;</a>&nbsp;&nbsp;&nbsp;__rt_locale
</UL>
<BR>[Called By]<UL><LI><a href="#[26c9d94]">&gt;&gt;</a>&nbsp;&nbsp;&nbsp;strtol
<LI><a href="#[26d043c]">&gt;&gt;</a>&nbsp;&nbsp;&nbsp;toupper
</UL>

<P><STRONG><a name="[26cbea0]"></a>__aeabi_errno_addr</STRONG> (Thumb, 12 bytes, Stack size 0 bytes, rt_errno_addr_intlibspace.o(.text))
<BR><BR>[Called By]<UL><LI><a href="#[26c6b30]">&gt;&gt;</a>&nbsp;&nbsp;&nbsp;_ftell_internal
<LI><a href="#[26c70d0]">&gt;&gt;</a>&nbsp;&nbsp;&nbsp;_strtoul
<LI><a href="#[26c9d94]">&gt;&gt;</a>&nbsp;&nbsp;&nbsp;strtol
<LI><a href="#[26cde44]">&gt;&gt;</a>&nbsp;&nbsp;&nbsp;atoi
</UL>

<P><STRONG><a name="[26cbe64]"></a>__errno$intlibspace</STRONG> (Thumb, 0 bytes, Stack size 0 bytes, rt_errno_addr_intlibspace.o(.text), UNUSED)

<P><STRONG><a name="[26cbe28]"></a>__rt_errno_addr$intlibspace</STRONG> (Thumb, 0 bytes, Stack size 0 bytes, rt_errno_addr_intlibspace.o(.text), UNUSED)

<P><STRONG><a name="[26cb9f0]"></a>malloc</STRONG> (Thumb, 98 bytes, Stack size 16 bytes, h1_alloc.o(.text))
<BR><BR>[Stack]<UL><LI>Max Depth = 48<LI>Call Chain = malloc &rArr; __Heap_Full &rArr; __Heap_ProvideMemory &rArr; free
</UL>
<BR>[Calls]<UL><LI><a href="#[26c7c4c]">&gt;&gt;</a>&nbsp;&nbsp;&nbsp;__Heap_Full
<LI><a href="#[26c8138]">&gt;&gt;</a>&nbsp;&nbsp;&nbsp;__rt_heap_descriptor
</UL>
<BR>[Called By]<UL><LI><a href="#[26c6cd4]">&gt;&gt;</a>&nbsp;&nbsp;&nbsp;__flsbuf
<LI><a href="#[26c6f2c]">&gt;&gt;</a>&nbsp;&nbsp;&nbsp;__filbuf
<LI><a href="#[26cd8e0]">&gt;&gt;</a>&nbsp;&nbsp;&nbsp;fopen
</UL>

<P><STRONG><a name="[26cb888]"></a>free</STRONG> (Thumb, 78 bytes, Stack size 16 bytes, h1_free.o(.text))
<BR><BR>[Stack]<UL><LI>Max Depth = 16<LI>Call Chain = free
</UL>
<BR>[Calls]<UL><LI><a href="#[26c8138]">&gt;&gt;</a>&nbsp;&nbsp;&nbsp;__rt_heap_descriptor
</UL>
<BR>[Called By]<UL><LI><a href="#[26c4100]">&gt;&gt;</a>&nbsp;&nbsp;&nbsp;__Heap_ProvideMemory
<LI><a href="#[26c69c8]">&gt;&gt;</a>&nbsp;&nbsp;&nbsp;_terminateio
<LI><a href="#[26cd6c4]">&gt;&gt;</a>&nbsp;&nbsp;&nbsp;_fclose_internal
</UL>

<P><STRONG><a name="[26ca334]"></a>_printf_int_common</STRONG> (Thumb, 180 bytes, Stack size 32 bytes, _printf_intcommon.o(.text))
<BR><BR>[Stack]<UL><LI>Max Depth = 48<LI>Call Chain = _printf_int_common &rArr; _printf_post_padding
</UL>
<BR>[Calls]<UL><LI><a href="#[26cff8c]">&gt;&gt;</a>&nbsp;&nbsp;&nbsp;_printf_post_padding
<LI><a href="#[26cffc8]">&gt;&gt;</a>&nbsp;&nbsp;&nbsp;_printf_pre_padding
</UL>
<BR>[Called By]<UL><LI><a href="#[26cf35c]">&gt;&gt;</a>&nbsp;&nbsp;&nbsp;_printf_hex_ptr
<LI><a href="#[26cfd34]">&gt;&gt;</a>&nbsp;&nbsp;&nbsp;_printf_int_dec
</UL>

<P><STRONG><a name="[26ca208]"></a>_printf_char_common</STRONG> (Thumb, 34 bytes, Stack size 72 bytes, _printf_char_common.o(.text))
<BR><BR>[Stack]<UL><LI>Max Depth = 112 + Unknown Stack Size
<LI>Call Chain = _printf_char_common &rArr; __printf
</UL>
<BR>[Calls]<UL><LI><a href="#[26ce36c]">&gt;&gt;</a>&nbsp;&nbsp;&nbsp;__printf
</UL>
<BR>[Called By]<UL><LI><a href="#[26d0310]">&gt;&gt;</a>&nbsp;&nbsp;&nbsp;__2sprintf
</UL>

<P><STRONG><a name="[26ca0dc]"></a>_sputc</STRONG> (Thumb, 10 bytes, Stack size 0 bytes, _sputc.o(.text))
<BR><BR>[Called By]<UL><LI><a href="#[26d0310]">&gt;&gt;</a>&nbsp;&nbsp;&nbsp;__2sprintf
</UL>
<BR>[Address Reference Count : 1]<UL><LI> __2sprintf.o(.text)
</UL>
<P><STRONG><a name="[26c9fec]"></a>_printf_cs_common</STRONG> (Thumb, 20 bytes, Stack size 8 bytes, _printf_char.o(.text))
<BR><BR>[Stack]<UL><LI>Max Depth = 40<LI>Call Chain = _printf_cs_common &rArr; _printf_str &rArr; _printf_post_padding
</UL>
<BR>[Calls]<UL><LI><a href="#[26cfe9c]">&gt;&gt;</a>&nbsp;&nbsp;&nbsp;_printf_str
</UL>
<BR>[Called By]<UL><LI><a href="#[26c9f74]">&gt;&gt;</a>&nbsp;&nbsp;&nbsp;_printf_string
<LI><a href="#[26c9fb0]">&gt;&gt;</a>&nbsp;&nbsp;&nbsp;_printf_char
</UL>

<P><STRONG><a name="[26c9fb0]"></a>_printf_char</STRONG> (Thumb, 16 bytes, Stack size 0 bytes, _printf_char.o(.text), UNUSED)
<BR><BR>[Calls]<UL><LI><a href="#[26c9fec]">&gt;&gt;</a>&nbsp;&nbsp;&nbsp;_printf_cs_common
</UL>

<P><STRONG><a name="[26c9f74]"></a>_printf_string</STRONG> (Thumb, 8 bytes, Stack size 0 bytes, _printf_char.o(.text))
<BR><BR>[Stack]<UL><LI>Max Depth = 40<LI>Call Chain = _printf_string &rArr; _printf_cs_common &rArr; _printf_str &rArr; _printf_post_padding
</UL>
<BR>[Calls]<UL><LI><a href="#[26c9fec]">&gt;&gt;</a>&nbsp;&nbsp;&nbsp;_printf_cs_common
</UL>
<BR>[Called By]<UL><LI><a href="#[26ce2b8]">&gt;&gt;</a>&nbsp;&nbsp;&nbsp;_printf_s
</UL>

<P><STRONG><a name="[26c9d94]"></a>strtol</STRONG> (Thumb, 112 bytes, Stack size 32 bytes, strtol.o(.text))
<BR><BR>[Stack]<UL><LI>Max Depth = 72<LI>Call Chain = strtol &rArr; _strtoul
</UL>
<BR>[Calls]<UL><LI><a href="#[26c70d0]">&gt;&gt;</a>&nbsp;&nbsp;&nbsp;_strtoul
<LI><a href="#[26cbea0]">&gt;&gt;</a>&nbsp;&nbsp;&nbsp;__aeabi_errno_addr
<LI><a href="#[26cc1e8]">&gt;&gt;</a>&nbsp;&nbsp;&nbsp;__rt_ctype_table
</UL>
<BR>[Called By]<UL><LI><a href="#[26cde44]">&gt;&gt;</a>&nbsp;&nbsp;&nbsp;atoi
</UL>

<P><STRONG><a name="[26c9c68]"></a>ferror</STRONG> (Thumb, 8 bytes, Stack size 0 bytes, ferror.o(.text))
<BR><BR>[Called By]<UL><LI><a href="#[26cdcdc]">&gt;&gt;</a>&nbsp;&nbsp;&nbsp;fgets
</UL>

<P><STRONG><a name="[26c97b8]"></a>_fseek</STRONG> (Thumb, 242 bytes, Stack size 24 bytes, fseek.o(.text))
<BR><BR>[Stack]<UL><LI>Max Depth = 72<LI>Call Chain = _fseek &rArr; _sys_flen &rArr; __getfsize &rArr; fs_rd_sig
</UL>
<BR>[Calls]<UL><LI><a href="#[1732e38]">&gt;&gt;</a>&nbsp;&nbsp;&nbsp;_sys_flen
<LI><a href="#[1732eec]">&gt;&gt;</a>&nbsp;&nbsp;&nbsp;_sys_istty
<LI><a href="#[26c6b30]">&gt;&gt;</a>&nbsp;&nbsp;&nbsp;_ftell_internal
<LI><a href="#[26c959c]">&gt;&gt;</a>&nbsp;&nbsp;&nbsp;_seterr
</UL>
<BR>[Called By]<UL><LI><a href="#[26cd91c]">&gt;&gt;</a>&nbsp;&nbsp;&nbsp;freopen
<LI><a href="#[279df14]">&gt;&gt;</a>&nbsp;&nbsp;&nbsp;_do_fflush
</UL>

<P><STRONG><a name="[26c977c]"></a>fseek</STRONG> (Thumb, 0 bytes, Stack size 24 bytes, fseek.o(.text), UNUSED)

<P><STRONG><a name="[26c959c]"></a>_seterr</STRONG> (Thumb, 20 bytes, Stack size 0 bytes, stdio.o(.text))
<BR><BR>[Called By]<UL><LI><a href="#[26c6cd4]">&gt;&gt;</a>&nbsp;&nbsp;&nbsp;__flsbuf
<LI><a href="#[26c6f2c]">&gt;&gt;</a>&nbsp;&nbsp;&nbsp;__filbuf
<LI><a href="#[26c6fa4]">&gt;&gt;</a>&nbsp;&nbsp;&nbsp;_readbuf
<LI><a href="#[26c9560]">&gt;&gt;</a>&nbsp;&nbsp;&nbsp;_writebuf
<LI><a href="#[26c97b8]">&gt;&gt;</a>&nbsp;&nbsp;&nbsp;_fseek
</UL>

<P><STRONG><a name="[26c9560]"></a>_writebuf</STRONG> (Thumb, 92 bytes, Stack size 32 bytes, stdio.o(.text))
<BR><BR>[Stack]<UL><LI>Max Depth = 256<LI>Call Chain = _writebuf &rArr; _sys_write &rArr; __write &rArr; fat_write &rArr; get_free_clus &rArr; cache_fat &rArr; mmc_write_sect &rArr; mmc_write_block &rArr; mmc_command
</UL>
<BR>[Calls]<UL><LI><a href="#[1732eb0]">&gt;&gt;</a>&nbsp;&nbsp;&nbsp;_sys_seek
<LI><a href="#[1732f64]">&gt;&gt;</a>&nbsp;&nbsp;&nbsp;_sys_write
<LI><a href="#[26c959c]">&gt;&gt;</a>&nbsp;&nbsp;&nbsp;_seterr
</UL>
<BR>[Called By]<UL><LI><a href="#[26c3aac]">&gt;&gt;</a>&nbsp;&nbsp;&nbsp;fwrite
<LI><a href="#[26c6cd4]">&gt;&gt;</a>&nbsp;&nbsp;&nbsp;__flsbuf
<LI><a href="#[26c9524]">&gt;&gt;</a>&nbsp;&nbsp;&nbsp;_fflush
</UL>

<P><STRONG><a name="[26c9524]"></a>_fflush</STRONG> (Thumb, 70 bytes, Stack size 16 bytes, stdio.o(.text))
<BR><BR>[Stack]<UL><LI>Max Depth = 272<LI>Call Chain = _fflush &rArr; _writebuf &rArr; _sys_write &rArr; __write &rArr; fat_write &rArr; get_free_clus &rArr; cache_fat &rArr; mmc_write_sect &rArr; mmc_write_block &rArr; mmc_command
</UL>
<BR>[Calls]<UL><LI><a href="#[26c9560]">&gt;&gt;</a>&nbsp;&nbsp;&nbsp;_writebuf
</UL>
<BR>[Called By]<UL><LI><a href="#[26c6f2c]">&gt;&gt;</a>&nbsp;&nbsp;&nbsp;__filbuf
<LI><a href="#[26c94e8]">&gt;&gt;</a>&nbsp;&nbsp;&nbsp;_deferredlazyseek
<LI><a href="#[26cd6c4]">&gt;&gt;</a>&nbsp;&nbsp;&nbsp;_fclose_internal
<LI><a href="#[279df14]">&gt;&gt;</a>&nbsp;&nbsp;&nbsp;_do_fflush
</UL>

<P><STRONG><a name="[26c94e8]"></a>_deferredlazyseek</STRONG> (Thumb, 60 bytes, Stack size 8 bytes, stdio.o(.text), UNUSED)
<BR><BR>[Calls]<UL><LI><a href="#[26c9524]">&gt;&gt;</a>&nbsp;&nbsp;&nbsp;_fflush
</UL>
<BR>[Called By]<UL><LI><a href="#[26c6cd4]">&gt;&gt;</a>&nbsp;&nbsp;&nbsp;__flsbuf
<LI><a href="#[26c6f2c]">&gt;&gt;</a>&nbsp;&nbsp;&nbsp;__filbuf
</UL>

<P><STRONG><a name="[26c8c00]"></a>__rt_udiv10</STRONG> (Thumb, 16 bytes, Stack size 0 bytes, rtudiv10.o(.text))
<BR><BR>[Called By]<UL><LI><a href="#[26cfd34]">&gt;&gt;</a>&nbsp;&nbsp;&nbsp;_printf_int_dec
</UL>

<P><STRONG><a name="[26c8a5c]"></a>__user_libspace</STRONG> (Thumb, 8 bytes, Stack size 0 bytes, libspace.o(.text), UNUSED)

<P><STRONG><a name="[26c8a20]"></a>__user_perproc_libspace</STRONG> (Thumb, 0 bytes, Stack size 0 bytes, libspace.o(.text))
<BR><BR>[Called By]<UL><LI><a href="#[26c4628]">&gt;&gt;</a>&nbsp;&nbsp;&nbsp;__user_setup_stackheap
</UL>

<P><STRONG><a name="[26c89e4]"></a>__user_perthread_libspace</STRONG> (Thumb, 0 bytes, Stack size 0 bytes, libspace.o(.text), UNUSED)

<P><STRONG><a name="[26c8138]"></a>__rt_heap_descriptor</STRONG> (Thumb, 12 bytes, Stack size 0 bytes, rt_heap_descriptor_intlibspace.o(.text))
<BR><BR>[Called By]<UL><LI><a href="#[26c7bd4]">&gt;&gt;</a>&nbsp;&nbsp;&nbsp;_init_alloc
<LI><a href="#[26cb888]">&gt;&gt;</a>&nbsp;&nbsp;&nbsp;free
<LI><a href="#[26cb9f0]">&gt;&gt;</a>&nbsp;&nbsp;&nbsp;malloc
</UL>

<P><STRONG><a name="[26c7ee0]"></a>__rt_locale</STRONG> (Thumb, 12 bytes, Stack size 0 bytes, rt_locale_intlibspace.o(.text))
<BR><BR>[Called By]<UL><LI><a href="#[26c55a0]">&gt;&gt;</a>&nbsp;&nbsp;&nbsp;__rt_lib_init_lc_common
<LI><a href="#[26cc1e8]">&gt;&gt;</a>&nbsp;&nbsp;&nbsp;__rt_ctype_table
</UL>

<P><STRONG><a name="[26c7cc4]"></a>_terminate_user_alloc</STRONG> (Thumb, 2 bytes, Stack size 0 bytes, init_alloc.o(.text), UNUSED)

[...]
<LI><a href="#[26864f8]">&gt;&gt;</a>&nbsp;&nbsp;&nbsp;chk_dir_empty
<LI><a href="#[2686624]">&gt;&gt;</a>&nbsp;&nbsp;&nbsp;alloc_name
</UL>

<P><STRONG><a name="[2685fd0]"></a>is_fat_valid</STRONG> (Thumb, 78 bytes, Stack size 0 bytes, fs_fat.o(i.is_fat_valid))
<BR><BR>[Called By]<UL><LI><a href="#[2686048]">&gt;&gt;</a>&nbsp;&nbsp;&nbsp;init_dev
</UL>

<P><STRONG><a name="[2685f94]"></a>lfn_calc_chksum</STRONG> (Thumb, 30 bytes, Stack size 0 bytes, fs_fat.o(i.lfn_calc_chksum))
<BR><BR>[Called By]<UL><LI><a href="#[2685c10]">&gt;&gt;</a>&nbsp;&nbsp;&nbsp;write_entries
<LI><a href="#[2685e68]">&gt;&gt;</a>&nbsp;&nbsp;&nbsp;search_for_name
<LI><a href="#[2686138]">&gt;&gt;</a>&nbsp;&nbsp;&nbsp;get_next_info
</UL>

<P><STRONG><a name="[2685f58]"></a>read_cache</STRONG> (Thumb, 116 bytes, Stack size 16 bytes, fs_fat.o(i.read_cache))
<BR><BR>[Stack]<UL><LI>Max Depth = 88<LI>Call Chain = read_cache &rArr; read_sector &rArr; mmc_read_sect &rArr; mmc_read_block &rArr; mmc_command
</UL>
<BR>[Calls]<UL><LI><a href="#[2685724]">&gt;&gt;</a>&nbsp;&nbsp;&nbsp;mmc_read_sect
<LI><a href="#[2685ee0]">&gt;&gt;</a>&nbsp;&nbsp;&nbsp;read_sector
<LI><a href="#[26cd160]">&gt;&gt;</a>&nbsp;&nbsp;&nbsp;__aeabi_memcpy
</UL>
<BR>[Called By]<UL><LI><a href="#[172d3c0]">&gt;&gt;</a>&nbsp;&nbsp;&nbsp;fat_read
</UL>

<P><STRONG><a name="[2685f1c]"></a>read_last_entry</STRONG> (Thumb, 50 bytes, Stack size 16 bytes, fs_fat.o(i.read_last_entry))
<BR><BR>[Stack]<UL><LI>Max Depth = 88<LI>Call Chain = read_last_entry &rArr; read_sector &rArr; mmc_read_sect &rArr; mmc_read_block &rArr; mmc_command
</UL>
<BR>[Calls]<UL><LI><a href="#[2685ee0]">&gt;&gt;</a>&nbsp;&nbsp;&nbsp;read_sector
<LI><a href="#[2686228]">&gt;&gt;</a>&nbsp;&nbsp;&nbsp;get_dir_sect
<LI><a href="#[26ccd28]">&gt;&gt;</a>&nbsp;&nbsp;&nbsp;__aeabi_memcpy4
</UL>
<BR>[Called By]<UL><LI><a href="#[172d780]">&gt;&gt;</a>&nbsp;&nbsp;&nbsp;fat_close_write
</UL>

<P><STRONG><a name="[2685ee0]"></a>read_sector</STRONG> (Thumb, 80 bytes, Stack size 16 bytes, fs_fat.o(i.read_sector))
<BR><BR>[Stack]<UL><LI>Max Depth = 72<LI>Call Chain = read_sector &rArr; mmc_read_sect &rArr; mmc_read_block &rArr; mmc_command
</UL>
<BR>[Calls]<UL><LI><a href="#[2685724]">&gt;&gt;</a>&nbsp;&nbsp;&nbsp;mmc_read_sect
<LI><a href="#[26cd160]">&gt;&gt;</a>&nbsp;&nbsp;&nbsp;__aeabi_memcpy
</UL>
<BR>[Called By]<UL><LI><a href="#[172cfc4]">&gt;&gt;</a>&nbsp;&nbsp;&nbsp;fat_write
<LI><a href="#[172d780]">&gt;&gt;</a>&nbsp;&nbsp;&nbsp;fat_close_write
<LI><a href="#[2685b98]">&gt;&gt;</a>&nbsp;&nbsp;&nbsp;write_label
<LI><a href="#[2685c10]">&gt;&gt;</a>&nbsp;&nbsp;&nbsp;write_entries
<LI><a href="#[2685e68]">&gt;&gt;</a>&nbsp;&nbsp;&nbsp;search_for_name
<LI><a href="#[2685f1c]">&gt;&gt;</a>&nbsp;&nbsp;&nbsp;read_last_entry
<LI><a href="#[2685f58]">&gt;&gt;</a>&nbsp;&nbsp;&nbsp;read_cache
<LI><a href="#[2686138]">&gt;&gt;</a>&nbsp;&nbsp;&nbsp;get_next_info
<LI><a href="#[2686174]">&gt;&gt;</a>&nbsp;&nbsp;&nbsp;get_mbrec
<LI><a href="#[26862a0]">&gt;&gt;</a>&nbsp;&nbsp;&nbsp;get_bootrec
<LI><a href="#[2686390]">&gt;&gt;</a>&nbsp;&nbsp;&nbsp;delete_entries
<LI><a href="#[26864f8]">&gt;&gt;</a>&nbsp;&nbsp;&nbsp;chk_dir_empty
<LI><a href="#[2686624]">&gt;&gt;</a>&nbsp;&nbsp;&nbsp;alloc_name
</UL>

<P><STRONG><a name="[2685e68]"></a>search_for_name</STRONG> (Thumb, 518 bytes, Stack size 96 bytes, fs_fat.o(i.search_for_name))
<BR><BR>[Stack]<UL><LI>Max Depth = 200<LI>Call Chain = search_for_name &rArr; set_next_clus &rArr; cache_fat &rArr; mmc_write_sect &rArr; mmc_write_block &rArr; mmc_command
</UL>
<BR>[Calls]<UL><LI><a href="#[2685e2c]">&gt;&gt;</a>&nbsp;&nbsp;&nbsp;set_next_clus
<LI><a href="#[2685ee0]">&gt;&gt;</a>&nbsp;&nbsp;&nbsp;read_sector
<LI><a href="#[2685f94]">&gt;&gt;</a>&nbsp;&nbsp;&nbsp;lfn_calc_chksum
<LI><a href="#[268600c]">&gt;&gt;</a>&nbsp;&nbsp;&nbsp;is_EOC
<LI><a href="#[2686228]">&gt;&gt;</a>&nbsp;&nbsp;&nbsp;get_dir_sect
<LI><a href="#[26863cc]">&gt;&gt;</a>&nbsp;&nbsp;&nbsp;cvt_fatname
<LI><a href="#[2686444]">&gt;&gt;</a>&nbsp;&nbsp;&nbsp;clus_to_sect
<LI><a href="#[2686570]">&gt;&gt;</a>&nbsp;&nbsp;&nbsp;check_lfn
<LI><a href="#[26cd250]">&gt;&gt;</a>&nbsp;&nbsp;&nbsp;strlen
</UL>
<BR>[Called By]<UL><LI><a href="#[2686318]">&gt;&gt;</a>&nbsp;&nbsp;&nbsp;find_name
<LI><a href="#[2686534]">&gt;&gt;</a>&nbsp;&nbsp;&nbsp;check_name
</UL>

<P><STRONG><a name="[2685e2c]"></a>set_next_clus</STRONG> (Thumb, 134 bytes, Stack size 24 bytes, fs_fat.o(i.set_next_clus))
<BR><BR>[Stack]<UL><LI>Max Depth = 104<LI>Call Chain = set_next_clus &rArr; cache_fat &rArr; mmc_write_sect &rArr; mmc_write_block &rArr; mmc_command
</UL>
<BR>[Calls]<UL><LI><a href="#[26861ec]">&gt;&gt;</a>&nbsp;&nbsp;&nbsp;get_fat_sect
<LI><a href="#[26865ac]">&gt;&gt;</a>&nbsp;&nbsp;&nbsp;cache_fat
</UL>
<BR>[Called By]<UL><LI><a href="#[172c880]">&gt;&gt;</a>&nbsp;&nbsp;&nbsp;fat_set_fpos
<LI><a href="#[172d3c0]">&gt;&gt;</a>&nbsp;&nbsp;&nbsp;fat_read
<LI><a href="#[2685e68]">&gt;&gt;</a>&nbsp;&nbsp;&nbsp;search_for_name
<LI><a href="#[2686138]">&gt;&gt;</a>&nbsp;&nbsp;&nbsp;get_next_info
<LI><a href="#[2686390]">&gt;&gt;</a>&nbsp;&nbsp;&nbsp;delete_entries
<LI><a href="#[26864f8]">&gt;&gt;</a>&nbsp;&nbsp;&nbsp;chk_dir_empty
<LI><a href="#[2686624]">&gt;&gt;</a>&nbsp;&nbsp;&nbsp;alloc_name
</UL>

<P><STRONG><a name="[2685df0]"></a>set_u16</STRONG> (Thumb, 8 bytes, Stack size 0 bytes, fs_fat.o(i.set_u16))
<BR><BR>[Called By]<UL><LI><a href="#[2685b5c]">&gt;&gt;</a>&nbsp;&nbsp;&nbsp;write_mbr
<LI><a href="#[2685b98]">&gt;&gt;</a>&nbsp;&nbsp;&nbsp;write_label
<LI><a href="#[2685bd4]">&gt;&gt;</a>&nbsp;&nbsp;&nbsp;write_fat_link
<LI><a href="#[2685c10]">&gt;&gt;</a>&nbsp;&nbsp;&nbsp;write_entries
<LI><a href="#[2685c4c]">&gt;&gt;</a>&nbsp;&nbsp;&nbsp;write_dot_entries
<LI><a href="#[2685cc4]">&gt;&gt;</a>&nbsp;&nbsp;&nbsp;write_br
<LI><a href="#[2685d78]">&gt;&gt;</a>&nbsp;&nbsp;&nbsp;unlink_clus_chain
</UL>

<P><STRONG><a name="[2685db4]"></a>set_u32</STRONG> (Thumb, 16 bytes, Stack size 0 bytes, fs_fat.o(i.set_u32))
<BR><BR>[Called By]<UL><LI><a href="#[172eb6c]">&gt;&gt;</a>&nbsp;&nbsp;&nbsp;fat_format
<LI><a href="#[2685b5c]">&gt;&gt;</a>&nbsp;&nbsp;&nbsp;write_mbr
<LI><a href="#[2685bd4]">&gt;&gt;</a>&nbsp;&nbsp;&nbsp;write_fat_link
<LI><a href="#[2685cc4]">&gt;&gt;</a>&nbsp;&nbsp;&nbsp;write_br
</UL>

<P><STRONG><a name="[2685d78]"></a>unlink_clus_chain</STRONG> (Thumb, 286 bytes, Stack size 40 bytes, fs_fat.o(i.unlink_clus_chain))
<BR><BR>[Stack]<UL><LI>Max Depth = 120<LI>Call Chain = unlink_clus_chain &rArr; cache_fat &rArr; mmc_write_sect &rArr; mmc_write_block &rArr; mmc_command
</UL>
<BR>[Calls]<UL><LI><a href="#[2685df0]">&gt;&gt;</a>&nbsp;&nbsp;&nbsp;set_u16
<LI><a href="#[268600c]">&gt;&gt;</a>&nbsp;&nbsp;&nbsp;is_EOC
<LI><a href="#[2686084]">&gt;&gt;</a>&nbsp;&nbsp;&nbsp;get_u32
<LI><a href="#[26861ec]">&gt;&gt;</a>&nbsp;&nbsp;&nbsp;get_fat_sect
<LI><a href="#[26865ac]">&gt;&gt;</a>&nbsp;&nbsp;&nbsp;cache_fat
</UL>
<BR>[Called By]<UL><LI><a href="#[2686390]">&gt;&gt;</a>&nbsp;&nbsp;&nbsp;delete_entries
</UL>

<P><STRONG><a name="[2685d3c]"></a>val_char</STRONG> (Thumb, 18 bytes, Stack size 8 bytes, fs_fat.o(i.val_char))
<BR><BR>[Stack]<UL><LI>Max Depth = 8<LI>Call Chain = val_char
</UL>
<BR>[Calls]<UL><LI><a href="#[2685d00]">&gt;&gt;</a>&nbsp;&nbsp;&nbsp;val_char_sn
</UL>
<BR>[Called By]<UL><LI><a href="#[26860fc]">&gt;&gt;</a>&nbsp;&nbsp;&nbsp;get_nt_name
<LI><a href="#[26863cc]">&gt;&gt;</a>&nbsp;&nbsp;&nbsp;cvt_fatname
</UL>

<P><STRONG><a name="[2685d00]"></a>val_char_sn</STRONG> (Thumb, 60 bytes, Stack size 0 bytes, fs_fat.o(i.val_char_sn))
<BR><BR>[Called By]<UL><LI><a href="#[2685d3c]">&gt;&gt;</a>&nbsp;&nbsp;&nbsp;val_char
<LI><a href="#[2686570]">&gt;&gt;</a>&nbsp;&nbsp;&nbsp;check_lfn
</UL>

<P><STRONG><a name="[2685cc4]"></a>write_br</STRONG> (Thumb, 288 bytes, Stack size 32 bytes, fs_fat.o(i.write_br))
<BR><BR>[Stack]<UL><LI>Max Depth = 112<LI>Call Chain = write_br &rArr; write_sector &rArr; mmc_write_sect &rArr; mmc_write_block &rArr; mmc_command
</UL>
<BR>[Calls]<UL><LI><a href="#[2685b20]">&gt;&gt;</a>&nbsp;&nbsp;&nbsp;write_sector
<LI><a href="#[2685db4]">&gt;&gt;</a>&nbsp;&nbsp;&nbsp;set_u32
<LI><a href="#[2685df0]">&gt;&gt;</a>&nbsp;&nbsp;&nbsp;set_u16
<LI><a href="#[26ccecc]">&gt;&gt;</a>&nbsp;&nbsp;&nbsp;__aeabi_memclr
<LI><a href="#[26cd160]">&gt;&gt;</a>&nbsp;&nbsp;&nbsp;__aeabi_memcpy
</UL>
<BR>[Called By]<UL><LI><a href="#[172eb6c]">&gt;&gt;</a>&nbsp;&nbsp;&nbsp;fat_format
</UL>

<P><STRONG><a name="[2685c88]"></a>write_cache</STRONG> (Thumb, 124 bytes, Stack size 24 bytes, fs_fat.o(i.write_cache))
<BR><BR>[Stack]<UL><LI>Max Depth = 104<LI>Call Chain = write_cache &rArr; write_sector &rArr; mmc_write_sect &rArr; mmc_write_block &rArr; mmc_command
</UL>
<BR>[Calls]<UL><LI><a href="#[26856e8]">&gt;&gt;</a>&nbsp;&nbsp;&nbsp;mmc_write_sect
<LI><a href="#[2685b20]">&gt;&gt;</a>&nbsp;&nbsp;&nbsp;write_sector
<LI><a href="#[26cd160]">&gt;&gt;</a>&nbsp;&nbsp;&nbsp;__aeabi_memcpy
</UL>
<BR>[Called By]<UL><LI><a href="#[172cfc4]">&gt;&gt;</a>&nbsp;&nbsp;&nbsp;fat_write
<LI><a href="#[172d780]">&gt;&gt;</a>&nbsp;&nbsp;&nbsp;fat_close_write
<LI><a href="#[172eb6c]">&gt;&gt;</a>&nbsp;&nbsp;&nbsp;fat_format
<LI><a href="#[2686480]">&gt;&gt;</a>&nbsp;&nbsp;&nbsp;clear_clus
</UL>

<P><STRONG><a name="[2685c4c]"></a>write_dot_entries</STRONG> (Thumb, 212 bytes, Stack size 32 bytes, fs_fat.o(i.write_dot_entries))
<BR><BR>[Stack]<UL><LI>Max Depth = 112<LI>Call Chain = write_dot_entries &rArr; write_sector &rArr; mmc_write_sect &rArr; mmc_write_block &rArr; mmc_command
</UL>
<BR>[Calls]<UL><LI><a href="#[2685b20]">&gt;&gt;</a>&nbsp;&nbsp;&nbsp;write_sector
<LI><a href="#[2685df0]">&gt;&gt;</a>&nbsp;&nbsp;&nbsp;set_u16
<LI><a href="#[26860c0]">&gt;&gt;</a>&nbsp;&nbsp;&nbsp;get_time
<LI><a href="#[2686264]">&gt;&gt;</a>&nbsp;&nbsp;&nbsp;get_date
<LI><a href="#[2686444]">&gt;&gt;</a>&nbsp;&nbsp;&nbsp;clus_to_sect
<LI><a href="#[26ccd28]">&gt;&gt;</a>&nbsp;&nbsp;&nbsp;__aeabi_memcpy4
<LI><a href="#[26ccecc]">&gt;&gt;</a>&nbsp;&nbsp;&nbsp;__aeabi_memclr
</UL>
<BR>[Called By]<UL><LI><a href="#[2686354]">&gt;&gt;</a>&nbsp;&nbsp;&nbsp;fat_find_dir
</UL>

<P><STRONG><a name="[2685c10]"></a>write_entries</STRONG> (Thumb, 706 bytes, Stack size 104 bytes, fs_fat.o(i.write_entries))
<BR><BR>[Stack]<UL><LI>Max Depth = 304<LI>Call Chain = write_entries &rArr; check_name &rArr; search_for_name &rArr; set_next_clus &rArr; cache_fat &rArr; mmc_write_sect &rArr; mmc_write_block &rArr; mmc_command
</UL>
<BR>[Calls]<UL><LI><a href="#[2685b20]">&gt;&gt;</a>&nbsp;&nbsp;&nbsp;write_sector
<LI><a href="#[2685df0]">&gt;&gt;</a>&nbsp;&nbsp;&nbsp;set_u16
<LI><a href="#[2685ee0]">&gt;&gt;</a>&nbsp;&nbsp;&nbsp;read_sector
<LI><a href="#[2685f94]">&gt;&gt;</a>&nbsp;&nbsp;&nbsp;lfn_calc_chksum
<LI><a href="#[26860c0]">&gt;&gt;</a>&nbsp;&nbsp;&nbsp;get_time
<LI><a href="#[26860fc]">&gt;&gt;</a>&nbsp;&nbsp;&nbsp;get_nt_name
<LI><a href="#[2686228]">&gt;&gt;</a>&nbsp;&nbsp;&nbsp;get_dir_sect
<LI><a href="#[2686264]">&gt;&gt;</a>&nbsp;&nbsp;&nbsp;get_date
<LI><a href="#[26863cc]">&gt;&gt;</a>&nbsp;&nbsp;&nbsp;cvt_fatname
<LI><a href="#[2686444]">&gt;&gt;</a>&nbsp;&nbsp;&nbsp;clus_to_sect
<LI><a href="#[2686480]">&gt;&gt;</a>&nbsp;&nbsp;&nbsp;clear_clus
<LI><a href="#[2686534]">&gt;&gt;</a>&nbsp;&nbsp;&nbsp;check_name
<LI><a href="#[2686570]">&gt;&gt;</a>&nbsp;&nbsp;&nbsp;check_lfn
<LI><a href="#[26865e8]">&gt;&gt;</a>&nbsp;&nbsp;&nbsp;alloc_new_clus
<LI><a href="#[26cd250]">&gt;&gt;</a>&nbsp;&nbsp;&nbsp;strlen
</UL>
<BR>[Called By]<UL><LI><a href="#[172dbf4]">&gt;&gt;</a>&nbsp;&nbsp;&nbsp;fat_create
<LI><a href="#[2686354]">&gt;&gt;</a>&nbsp;&nbsp;&nbsp;fat_find_dir
</UL>

<P><STRONG><a name="[2685bd4]"></a>write_fat_link</STRONG> (Thumb, 216 bytes, Stack size 24 bytes, fs_fat.o(i.write_fat_link))
<BR><BR>[Stack]<UL><LI>Max Depth = 104<LI>Call Chain = write_fat_link &rArr; cache_fat &rArr; mmc_write_sect &rArr; mmc_write_block &rArr; mmc_command
</UL>
<BR>[Calls]<UL><LI><a href="#[2685db4]">&gt;&gt;</a>&nbsp;&nbsp;&nbsp;set_u32
<LI><a href="#[2685df0]">&gt;&gt;</a>&nbsp;&nbsp;&nbsp;set_u16
<LI><a href="#[2686084]">&gt;&gt;</a>&nbsp;&nbsp;&nbsp;get_u32
<LI><a href="#[26861ec]">&gt;&gt;</a>&nbsp;&nbsp;&nbsp;get_fat_sect
<LI><a href="#[26865ac]">&gt;&gt;</a>&nbsp;&nbsp;&nbsp;cache_fat
</UL>
<BR>[Called By]<UL><LI><a href="#[172cfc4]">&gt;&gt;</a>&nbsp;&nbsp;&nbsp;fat_write
<LI><a href="#[172d780]">&gt;&gt;</a>&nbsp;&nbsp;&nbsp;fat_close_write
<LI><a href="#[26865e8]">&gt;&gt;</a>&nbsp;&nbsp;&nbsp;alloc_new_clus
</UL>

<P><STRONG><a name="[2685b98]"></a>write_label</STRONG> (Thumb, 148 bytes, Stack size 16 bytes, fs_fat.o(i.write_label))
<BR><BR>[Stack]<UL><LI>Max Depth = 96<LI>Call Chain = write_label &rArr; write_sector &rArr; mmc_write_sect &rArr; mmc_write_block &rArr; mmc_command
</UL>
<BR>[Calls]<UL><LI><a href="#[2685b20]">&gt;&gt;</a>&nbsp;&nbsp;&nbsp;write_sector
<LI><a href="#[2685df0]">&gt;&gt;</a>&nbsp;&nbsp;&nbsp;set_u16
<LI><a href="#[2685ee0]">&gt;&gt;</a>&nbsp;&nbsp;&nbsp;read_sector
<LI><a href="#[26860c0]">&gt;&gt;</a>&nbsp;&nbsp;&nbsp;get_time
<LI><a href="#[2686264]">&gt;&gt;</a>&nbsp;&nbsp;&nbsp;get_date
<LI><a href="#[26ccb84]">&gt;&gt;</a>&nbsp;&nbsp;&nbsp;__aeabi_memclr4
</UL>
<BR>[Called By]<UL><LI><a href="#[172eb6c]">&gt;&gt;</a>&nbsp;&nbsp;&nbsp;fat_format
</UL>

<P><STRONG><a name="[2685b5c]"></a>write_mbr</STRONG> (Thumb, 174 bytes, Stack size 16 bytes, fs_fat.o(i.write_mbr))
<BR><BR>[Stack]<UL><LI>Max Depth = 96<LI>Call Chain = write_mbr &rArr; write_sector &rArr; mmc_write_sect &rArr; mmc_write_block &rArr; mmc_command
</UL>
<BR>[Calls]<UL><LI><a href="#[2685b20]">&gt;&gt;</a>&nbsp;&nbsp;&nbsp;write_sector
<LI><a href="#[2685db4]">&gt;&gt;</a>&nbsp;&nbsp;&nbsp;set_u32
<LI><a href="#[2685df0]">&gt;&gt;</a>&nbsp;&nbsp;&nbsp;set_u16
<LI><a href="#[26ccecc]">&gt;&gt;</a>&nbsp;&nbsp;&nbsp;__aeabi_memclr
</UL>
<BR>[Called By]<UL><LI><a href="#[172eb6c]">&gt;&gt;</a>&nbsp;&nbsp;&nbsp;fat_format
</UL>

<P><STRONG><a name="[2685b20]"></a>write_sector</STRONG> (Thumb, 26 bytes, Stack size 16 bytes, fs_fat.o(i.write_sector))
<BR><BR>[Stack]<UL><LI>Max Depth = 80<LI>Call Chain = write_sector &rArr; mmc_write_sect &rArr; mmc_write_block &rArr; mmc_command
</UL>
<BR>[Calls]<UL><LI><a href="#[26856e8]">&gt;&gt;</a>&nbsp;&nbsp;&nbsp;mmc_write_sect
</UL>
<BR>[Called By]<UL><LI><a href="#[172d780]">&gt;&gt;</a>&nbsp;&nbsp;&nbsp;fat_close_write
<LI><a href="#[2685b5c]">&gt;&gt;</a>&nbsp;&nbsp;&nbsp;write_mbr
<LI><a href="#[2685b98]">&gt;&gt;</a>&nbsp;&nbsp;&nbsp;write_label
<LI><a href="#[2685c10]">&gt;&gt;</a>&nbsp;&nbsp;&nbsp;write_entries
<LI><a href="#[2685c4c]">&gt;&gt;</a>&nbsp;&nbsp;&nbsp;write_dot_entries
<LI><a href="#[2685c88]">&gt;&gt;</a>&nbsp;&nbsp;&nbsp;write_cache
<LI><a href="#[2685cc4]">&gt;&gt;</a>&nbsp;&nbsp;&nbsp;write_br
<LI><a href="#[2686390]">&gt;&gt;</a>&nbsp;&nbsp;&nbsp;delete_entries
</UL>

<P><STRONG><a name="[26815fc]"></a>arp_cache_alloc</STRONG> (Thumb, 90 bytes, Stack size 20 bytes, at_arp.o(i.arp_cache_alloc))
<BR><BR>[Stack]<UL><LI>Max Depth = 20<LI>Call Chain = arp_cache_alloc
</UL>
<BR>[Called By]<UL><LI><a href="#[268caec]">&gt;&gt;</a>&nbsp;&nbsp;&nbsp;arp_cache_find
<LI><a href="#[268cb28]">&gt;&gt;</a>&nbsp;&nbsp;&nbsp;arp_cache_add
</UL>

<P><STRONG><a name="[26815c0]"></a>arp_get_response</STRONG> (Thumb, 86 bytes, Stack size 24 bytes, at_arp.o(i.arp_get_response))
<BR><BR>[Stack]<UL><LI>Max Depth = 36<LI>Call Chain = arp_get_response &rArr; mem_copy
</UL>
<BR>[Calls]<UL><LI><a href="#[172b020]">&gt;&gt;</a>&nbsp;&nbsp;&nbsp;mem_copy
<LI><a href="#[172b05c]">&gt;&gt;</a>&nbsp;&nbsp;&nbsp;mem_comp
</UL>
<BR>[Called By]<UL><LI><a href="#[268c984]">&gt;&gt;</a>&nbsp;&nbsp;&nbsp;process_arp
</UL>

<P><STRONG><a name="[2681584]"></a>arp_send_reply</STRONG> (Thumb, 148 bytes, Stack size 24 bytes, at_arp.o(i.arp_send_reply))
<BR><BR>[Stack]<UL><LI>Max Depth = 80<LI>Call Chain = arp_send_reply &rArr; arp_cache_add &rArr; is_subnet &rArr; mem_copy
</UL>
<BR>[Calls]<UL><LI><a href="#[172b020]">&gt;&gt;</a>&nbsp;&nbsp;&nbsp;mem_copy
<LI><a href="#[1731128]">&gt;&gt;</a>&nbsp;&nbsp;&nbsp;send_frame
<LI><a href="#[17366b4]">&gt;&gt;</a>&nbsp;&nbsp;&nbsp;free_mem
<LI><a href="#[17367e0]">&gt;&gt;</a>&nbsp;&nbsp;&nbsp;alloc_mem
<LI><a href="#[268cb28]">&gt;&gt;</a>&nbsp;&nbsp;&nbsp;arp_cache_add
</UL>
<BR>[Called By]<UL><LI><a href="#[268c984]">&gt;&gt;</a>&nbsp;&nbsp;&nbsp;process_arp
</UL>

<P><STRONG><a name="[2681548]"></a>arp_send_req</STRONG> (Thumb, 134 bytes, Stack size 16 bytes, at_arp.o(i.arp_send_req))
<BR><BR>[Stack]<UL><LI>Max Depth = 40<LI>Call Chain = arp_send_req &rArr; alloc_mem
</UL>
<BR>[Calls]<UL><LI><a href="#[172afe4]">&gt;&gt;</a>&nbsp;&nbsp;&nbsp;mem_set
<LI><a href="#[172b020]">&gt;&gt;</a>&nbsp;&nbsp;&nbsp;mem_copy
<LI><a href="#[1731128]">&gt;&gt;</a>&nbsp;&nbsp;&nbsp;send_frame
<LI><a href="#[17366b4]">&gt;&gt;</a>&nbsp;&nbsp;&nbsp;free_mem
<LI><a href="#[17367e0]">&gt;&gt;</a>&nbsp;&nbsp;&nbsp;alloc_mem
</UL>
<BR>[Called By]<UL><LI><a href="#[268cab0]">&gt;&gt;</a>&nbsp;&nbsp;&nbsp;arp_cache_update
<LI><a href="#[268caec]">&gt;&gt;</a>&nbsp;&nbsp;&nbsp;arp_cache_find
</UL>

<P><STRONG><a name="[26811c4]"></a>ip_get_chksum</STRONG> (Thumb, 10 bytes, Stack size 0 bytes, at_ip.o(i.ip_get_chksum))
<BR><BR>[Stack]<UL><LI>Max Depth = 4<LI>Call Chain = ip_get_chksum &rArr; CalcChksum
</UL>
<BR>[Calls]<UL><LI><a href="#[268bcdc]">&gt;&gt;</a>&nbsp;&nbsp;&nbsp;CalcChksum
</UL>
<BR>[Called By]<UL><LI><a href="#[172b098]">&gt;&gt;</a>&nbsp;&nbsp;&nbsp;ip_send_frame
<LI><a href="#[268c9fc]">&gt;&gt;</a>&nbsp;&nbsp;&nbsp;ip_chk_frame
</UL>

<P><STRONG><a name="[2680378]"></a>mmc_command</STRONG> (Thumb, 74 bytes, Stack size 16 bytes, fs_mmc.o(i.mmc_command))
<BR><BR>[Stack]<UL><LI>Max Depth = 16<LI>Call Chain = mmc_command
</UL>
<BR>[Calls]<UL><LI><a href="#[1730b4c]">&gt;&gt;</a>&nbsp;&nbsp;&nbsp;spi_send
</UL>
<BR>[Called By]<UL><LI><a href="#[26802c4]">&gt;&gt;</a>&nbsp;&nbsp;&nbsp;mmc_write_block
<LI><a href="#[2680300]">&gt;&gt;</a>&nbsp;&nbsp;&nbsp;mmc_read_bytes
<LI><a href="#[268033c]">&gt;&gt;</a>&nbsp;&nbsp;&nbsp;mmc_read_block
<LI><a href="#[26856e8]">&gt;&gt;</a>&nbsp;&nbsp;&nbsp;mmc_write_sect
<LI><a href="#[2685724]">&gt;&gt;</a>&nbsp;&nbsp;&nbsp;mmc_read_sect
<LI><a href="#[268579c]">&gt;&gt;</a>&nbsp;&nbsp;&nbsp;mmc_init
</UL>

<P><STRONG><a name="[268033c]"></a>mmc_read_block</STRONG> (Thumb, 94 bytes, Stack size 24 bytes, fs_mmc.o(i.mmc_read_block))
<BR><BR>[Stack]<UL><LI>Max Depth = 40<LI>Call Chain = mmc_read_block &rArr; mmc_command
</UL>
<BR>[Calls]<UL><LI><a href="#[1730b4c]">&gt;&gt;</a>&nbsp;&nbsp;&nbsp;spi_send
<LI><a href="#[2680378]">&gt;&gt;</a>&nbsp;&nbsp;&nbsp;mmc_command
</UL>
<BR>[Called By]<UL><LI><a href="#[2685724]">&gt;&gt;</a>&nbsp;&nbsp;&nbsp;mmc_read_sect
</UL>

<P><STRONG><a name="[2680300]"></a>mmc_read_bytes</STRONG> (Thumb, 72 bytes, Stack size 16 bytes, fs_mmc.o(i.mmc_read_bytes))
<BR><BR>[Stack]<UL><LI>Max Depth = 32<LI>Call Chain = mmc_read_bytes &rArr; mmc_command
</UL>
<BR>[Calls]<UL><LI><a href="#[1730b4c]">&gt;&gt;</a>&nbsp;&nbsp;&nbsp;spi_send
<LI><a href="#[2680378]">&gt;&gt;</a>&nbsp;&nbsp;&nbsp;mmc_command
</UL>
<BR>[Called By]<UL><LI><a href="#[2685760]">&gt;&gt;</a>&nbsp;&nbsp;&nbsp;mmc_read_config
</UL>

<P><STRONG><a name="[26802c4]"></a>mmc_write_block</STRONG> (Thumb, 122 bytes, Stack size 32 bytes, fs_mmc.o(i.mmc_write_block))
<BR><BR>[Stack]<UL><LI>Max Depth = 48<LI>Call Chain = mmc_write_block &rArr; mmc_command
</UL>
<BR>[Calls]<UL><LI><a href="#[1730b4c]">&gt;&gt;</a>&nbsp;&nbsp;&nbsp;spi_send
<LI><a href="#[2680378]">&gt;&gt;</a>&nbsp;&nbsp;&nbsp;mmc_command
</UL>
<BR>[Called By]<UL><LI><a href="#[26856e8]">&gt;&gt;</a>&nbsp;&nbsp;&nbsp;mmc_write_sect
</UL>

<P><STRONG><a name="[26ca244]"></a>_printf_input_char</STRONG> (Thumb, 10 bytes, Stack size 0 bytes, _printf_char_common.o(.text))
<BR>[Address Reference Count : 1]<UL><LI> _printf_char_common.o(.text)
</UL><P>
<H3>
Undefined Global Symbols
</H3><HR></body></html>
