<html>
<body>
<pre>
<h1>µVision Build Log</h1>
<h2>Project:</h2>
G:\filme board\lpc1768\Example\TCPnet\Http_upload\Http_upload.uvproj
Project File Date:  <unknown>

<h2>Output:</h2>
Build target 'MCB1700'
custom translating Web.inp...
Custom: d:\Keil\ARM\bin\fcarm @Web\Web.inp
FCARM FILE CONVERTER V2.27
Completed 11 File(s), Ratio 94%
compiling HTTP_upload.c...
compiling HTTP_CGI.c...
compiling WEB.C...
compiling Net_Config.c...
compiling File_Config.c...
compiling HTTP_uif.c...
compiling Retarget.c...
assembling startup_LPC17xx.s...
compiling EMAC_LPC17xx.c...
compiling SPI_LPC17xx.c...
compiling system_LPC17xx.c...
compiling GLCD_LPC1700.c...
linking...
Program Size: Code=39920 RO-data=23292 RW-data=196 ZI-data=30060  
FromELF: creating hex file...
".\Obj\Http_upload.axf" - 0 Error(s), 0 Warning(s).
